0:00:00.306061000 11765 0x7f9fcc8a8990 INFO        GST_ELEMENT_PADS gstelement.c:659:gboolean gst_element_add_pad(GstElement *, GstPad *):<GstBaseSink@0x7f9fcd02b210> adding pad 'sink'
0:00:00.307373000 11765 0x7f9fcc8a8b70 INFO     GST_ELEMENT_FACTORY gstelementfactory.c:364:GstElement *gst_element_factory_create(GstElementFactory *, const gchar *): creating element "fakesrc"
0:00:00.307391000 11765 0x7f9fcc8a8990 INFO     GST_ELEMENT_FACTORY gstelementfactory.c:364:GstElement *gst_element_factory_create(GstElementFactory *, const gchar *): creating element "fakesrc"
0:00:00.307507000 11765 0x7f9fcc8a8b70 INFO        GST_ELEMENT_PADS gstelement.c:659:gboolean gst_element_add_pad(GstElement *, GstPad *):<GstBaseSrc@0x7f9fcb102210> adding pad 'src'
0:00:00.307518000 11765 0x7f9fcc8a8990 INFO        GST_ELEMENT_PADS gstelement.c:659:gboolean gst_element_add_pad(GstElement *, GstPad *):<GstBaseSrc@0x7f9fcb103150> adding pad 'src'
0:00:00.307611000 11765 0x7f9fcc8a8b70 INFO        GST_ELEMENT_PADS gstutils.c:1571:gboolean gst_element_link_pads_full(GstElement *, const gchar *, GstElement *, const gchar *, GstPadLinkCheck): trying to link element fakesrc0:src to element udpsink0:sink
0:00:00.307620000 11765 0x7f9fcc8a8990 INFO        GST_ELEMENT_PADS gstutils.c:1571:gboolean gst_element_link_pads_full(GstElement *, const gchar *, GstElement *, const gchar *, GstPadLinkCheck): trying to link element fakesrc1:src to element udpsink1:sink
0:00:00.307654000 11765 0x7f9fcc8a8b70 INFO        GST_ELEMENT_PADS gstelement.c:907:GstPad *gst_element_get_static_pad(GstElement *, const gchar *): found pad fakesrc0:src
0:00:00.307657000 11765 0x7f9fcc8a8990 INFO        GST_ELEMENT_PADS gstelement.c:907:GstPad *gst_element_get_static_pad(GstElement *, const gchar *): found pad fakesrc1:src
0:00:00.307686000 11765 0x7f9fcc8a8b70 INFO        GST_ELEMENT_PADS gstelement.c:907:GstPad *gst_element_get_static_pad(GstElement *, const gchar *): found pad udpsink0:sink
0:00:00.307689000 11765 0x7f9fcc8a8990 INFO        GST_ELEMENT_PADS gstelement.c:907:GstPad *gst_element_get_static_pad(GstElement *, const gchar *): found pad udpsink1:sink
0:00:00.307727000 11765 0x7f9fcc8a8b70 INFO                GST_PADS gstutils.c:1444:gboolean prepare_link_maybe_ghosting(GstPad **, GstPad **, GSList **): fakesrc0 and udpsink0 in same bin, no need for ghost pads
0:00:00.307730000 11765 0x7f9fcc8a8990 INFO                GST_PADS gstutils.c:1444:gboolean prepare_link_maybe_ghosting(GstPad **, GstPad **, GSList **): fakesrc1 and udpsink1 in same bin, no need for ghost pads
0:00:00.307767000 11765 0x7f9fcc8a8b70 INFO                GST_PADS gstpad.c:2290:GstPadLinkReturn gst_pad_link_prepare(GstPad *, GstPad *, GstPadLinkCheck): trying to link fakesrc0:src and udpsink0:sink
0:00:00.307769000 11765 0x7f9fcc8a8990 INFO                GST_PADS gstpad.c:2290:GstPadLinkReturn gst_pad_link_prepare(GstPad *, GstPad *, GstPadLinkCheck): trying to link fakesrc1:src and udpsink1:sink
0:00:00.307800000 11765 0x7f9fcc8a8b70 INFO                GST_PADS gstpad.c:2496:GstPadLinkReturn gst_pad_link_full(GstPad *, GstPad *, GstPadLinkCheck): linked fakesrc0:src and udpsink0:sink, successful
0:00:00.307803000 11765 0x7f9fcc8a8990 INFO                GST_PADS gstpad.c:2496:GstPadLinkReturn gst_pad_link_full(GstPad *, GstPad *, GstPadLinkCheck): linked fakesrc1:src and udpsink1:sink, successful
0:00:00.307830000 11765 0x7f9fcc8a8b70 INFO               GST_EVENT gstevent.c:1382:GstEvent *gst_event_new_reconfigure(): creating reconfigure event
0:00:00.307835000 11765 0x7f9fcc8a8990 INFO               GST_EVENT gstevent.c:1382:GstEvent *gst_event_new_reconfigure(): creating reconfigure event
0:00:00.307870000 11765 0x7f9fcc8a8b70 INFO               GST_EVENT gstpad.c:5599:GstFlowReturn gst_pad_send_event_unchecked(GstPad *, GstEvent *, GstPadProbeType):<fakesrc0:src> Received event on flushing pad. Discarding
0:00:00.307872000 11765 0x7f9fcc8a8990 INFO               GST_EVENT gstpad.c:5599:GstFlowReturn gst_pad_send_event_unchecked(GstPad *, GstEvent *, GstPadProbeType):<fakesrc1:src> Received event on flushing pad. Discarding
0:00:00.307983000 11765 0x7f9fcc8a8b70 INFO     GST_ELEMENT_FACTORY gstelementfactory.c:364:GstElement *gst_element_factory_create(GstElementFactory *, const gchar *): creating element "udpsink"
0:00:00.308010000 11765 0x7f9fcc8a8b70 INFO        GST_ELEMENT_PADS gstelement.c:659:gboolean gst_element_add_pad(GstElement *, GstPad *):<GstBaseSink@0x7f9fcc992010> adding pad 'sink'
0:00:00.308035000 11765 0x7f9fcc8a8990 INFO     GST_ELEMENT_FACTORY gstelementfactory.c:364:GstElement *gst_element_factory_create(GstElementFactory *, const gchar *): creating element "udpsink"
0:00:00.308062000 11765 0x7f9fcc8a8990 INFO        GST_ELEMENT_PADS gstelement.c:659:gboolean gst_element_add_pad(GstElement *, GstPad *):<GstBaseSink@0x7f9fcd012610> adding pad 'sink'
0:00:00.309193000 11765 0x7f9fcc8a8b70 INFO              GST_STATES gstelement.c:2325:GstStateChangeReturn gst_element_continue_state(GstElement *, GstStateChangeReturn):<udpsink3> committing state from NULL to READY, pending PLAYING, next PAUSED
0:00:00.309192000 11765 0x7f9fcc8a8990 INFO              GST_STATES gstelement.c:2325:GstStateChangeReturn gst_element_continue_state(GstElement *, GstStateChangeReturn):<udpsink2> committing state from NULL to READY, pending PLAYING, next PAUSED
0:00:00.309236000 11765 0x7f9fcc8a8b70 INFO              GST_STATES gstelement.c:2255:void _priv_gst_element_state_changed(GstElement *, GstState, GstState, GstState):<udpsink3> notifying about state-changed NULL to READY (PLAYING pending)
0:00:00.309239000 11765 0x7f9fcc8a8990 INFO              GST_STATES gstelement.c:2255:void _priv_gst_element_state_changed(GstElement *, GstState, GstState, GstState):<udpsink2> notifying about state-changed NULL to READY (PLAYING pending)
0:00:00.309280000 11765 0x7f9fcc8a8b70 INFO              GST_STATES gstelement.c:2332:GstStateChangeReturn gst_element_continue_state(GstElement *, GstStateChangeReturn):<udpsink3> continue state change READY to PAUSED, final PLAYING
0:00:00.309284000 11765 0x7f9fcc8a8990 INFO              GST_STATES gstelement.c:2332:GstStateChangeReturn gst_element_continue_state(GstElement *, GstStateChangeReturn):<udpsink2> continue state change READY to PAUSED, final PLAYING
0:00:00.309329000 11765 0x7f9fcc8a8b70 INFO              GST_STATES gstelement.c:2325:GstStateChangeReturn gst_element_continue_state(GstElement *, GstStateChangeReturn):<udpsink3> committing state from READY to PAUSED, pending PLAYING, next PLAYING
0:00:00.309333000 11765 0x7f9fcc8a8990 INFO              GST_STATES gstelement.c:2325:GstStateChangeReturn gst_element_continue_state(GstElement *, GstStateChangeReturn):<udpsink2> committing state from READY to PAUSED, pending PLAYING, next PLAYING
0:00:00.309362000 11765 0x7f9fcc8a8b70 INFO              GST_STATES gstelement.c:2255:void _priv_gst_element_state_changed(GstElement *, GstState, GstState, GstState):<udpsink3> notifying about state-changed READY to PAUSED (PLAYING pending)
0:00:00.309365000 11765 0x7f9fcc8a8990 INFO              GST_STATES gstelement.c:2255:void _priv_gst_element_state_changed(GstElement *, GstState, GstState, GstState):<udpsink2> notifying about state-changed READY to PAUSED (PLAYING pending)
0:00:00.309396000 11765 0x7f9fcc8a8b70 INFO              GST_STATES gstelement.c:2332:GstStateChangeReturn gst_element_continue_state(GstElement *, GstStateChangeReturn):<udpsink3> continue state change PAUSED to PLAYING, final PLAYING
0:00:00.309399000 11765 0x7f9fcc8a8990 INFO              GST_STATES gstelement.c:2332:GstStateChangeReturn gst_element_continue_state(GstElement *, GstStateChangeReturn):<udpsink2> continue state change PAUSED to PLAYING, final PLAYING
0:00:00.309427000 11765 0x7f9fcc8a8b70 INFO              GST_STATES gstelement.c:2350:GstStateChangeReturn gst_element_continue_state(GstElement *, GstStateChangeReturn):<udpsink3> completed state change to PLAYING
0:00:00.309430000 11765 0x7f9fcc8a8990 INFO              GST_STATES gstelement.c:2350:GstStateChangeReturn gst_element_continue_state(GstElement *, GstStateChangeReturn):<udpsink2> completed state change to PLAYING
0:00:00.309456000 11765 0x7f9fcc8a8b70 INFO              GST_STATES gstelement.c:2255:void _priv_gst_element_state_changed(GstElement *, GstState, GstState, GstState):<udpsink3> notifying about state-changed PAUSED to PLAYING (VOID_PENDING pending)
0:00:00.309459000 11765 0x7f9fcc8a8990 INFO              GST_STATES gstelement.c:2255:void _priv_gst_element_state_changed(GstElement *, GstState, GstState, GstState):<udpsink2> notifying about state-changed PAUSED to PLAYING (VOID_PENDING pending)
0:00:00.309497000 11765 0x7f9fcc8a8b70 INFO        GST_ELEMENT_PADS gstelement.c:907:GstPad *gst_element_get_static_pad(GstElement *, const gchar *): found pad udpsink3:sink
0:00:00.309501000 11765 0x7f9fcc8a8990 INFO        GST_ELEMENT_PADS gstelement.c:907:GstPad *gst_element_get_static_pad(GstElement *, const gchar *): found pad udpsink2:sink
0:00:00.309532000 11765 0x7f9fcc8a8b70 INFO        GST_ELEMENT_PADS gstelement.c:904:GstPad *gst_element_get_static_pad(GstElement *, const gchar *): no such pad 'send_rtcp_src_0' in element "manager"
0:00:00.309535000 11765 0x7f9fcc8a8990 INFO        GST_ELEMENT_PADS gstelement.c:904:GstPad *gst_element_get_static_pad(GstElement *, const gchar *): no such pad 'send_rtcp_src_0' in element "manager"
0:00:00.309567000 11765 0x7f9fcc8a8b70 INFO        GST_ELEMENT_PADS gstelement.c:904:GstPad *gst_element_get_static_pad(GstElement *, const gchar *): no such pad 'send_rtcp_src' in element "rtpsession0"
0:00:00.309569000 11765 0x7f9fcc8a8990 INFO        GST_ELEMENT_PADS gstelement.c:904:GstPad *gst_element_get_static_pad(GstElement *, const gchar *): no such pad 'send_rtcp_src' in element "rtpsession1"
0:00:00.309638000 11765 0x7f9fcc8a8b70 INFO        GST_ELEMENT_PADS gstelement.c:659:gboolean gst_element_add_pad(GstElement *, GstPad *):<rtpsession0> adding pad 'send_rtcp_src'
0:00:00.309644000 11765 0x7f9fcc8a8990 INFO        GST_ELEMENT_PADS gstelement.c:659:gboolean gst_element_add_pad(GstElement *, GstPad *):<rtpsession1> adding pad 'send_rtcp_src'
0:00:00.309858000 11765 0x7f9fcc8a8b70 INFO                GST_PADS gstpad.c:2290:GstPadLinkReturn gst_pad_link_prepare(GstPad *, GstPad *, GstPadLinkCheck): trying to link rtpsession0:send_rtcp_src and send_rtcp_src_0:proxypad8
0:00:00.309864000 11765 0x7f9fcc8a8990 INFO                GST_PADS gstpad.c:2290:GstPadLinkReturn gst_pad_link_prepare(GstPad *, GstPad *, GstPadLinkCheck): trying to link rtpsession1:send_rtcp_src and send_rtcp_src_0:proxypad9
0:00:00.309895000 11765 0x7f9fcc8a8b70 INFO                GST_PADS gstpad.c:2496:GstPadLinkReturn gst_pad_link_full(GstPad *, GstPad *, GstPadLinkCheck): linked rtpsession0:send_rtcp_src and send_rtcp_src_0:proxypad8, successful
0:00:00.309898000 11765 0x7f9fcc8a8990 INFO                GST_PADS gstpad.c:2496:GstPadLinkReturn gst_pad_link_full(GstPad *, GstPad *, GstPadLinkCheck): linked rtpsession1:send_rtcp_src and send_rtcp_src_0:proxypad9, successful
0:00:00.309927000 11765 0x7f9fcc8a8b70 INFO               GST_EVENT gstevent.c:1382:GstEvent *gst_event_new_reconfigure(): creating reconfigure event
0:00:00.309931000 11765 0x7f9fcc8a8990 INFO               GST_EVENT gstevent.c:1382:GstEvent *gst_event_new_reconfigure(): creating reconfigure event
0:00:00.309996000 11765 0x7f9fcc8a8990 INFO        GST_ELEMENT_PADS gstelement.c:659:gboolean gst_element_add_pad(GstElement *, GstPad *):<manager> adding pad 'send_rtcp_src_0'
0:00:00.309998000 11765 0x7f9fcc8a8b70 INFO        GST_ELEMENT_PADS gstelement.c:659:gboolean gst_element_add_pad(GstElement *, GstPad *):<manager> adding pad 'send_rtcp_src_0'
0:00:00.310041000 11765 0x7f9fcc8a8990 INFO                GST_PADS gstpad.c:2290:GstPadLinkReturn gst_pad_link_prepare(GstPad *, GstPad *, GstPadLinkCheck): trying to link manager:send_rtcp_src_0 and udpsink2:sink
0:00:00.310046000 11765 0x7f9fcc8a8b70 INFO                GST_PADS gstpad.c:2290:GstPadLinkReturn gst_pad_link_prepare(GstPad *, GstPad *, GstPadLinkCheck): trying to link manager:send_rtcp_src_0 and udpsink3:sink
0:00:00.310076000 11765 0x7f9fcc8a8990 INFO                GST_PADS gstpad.c:2496:GstPadLinkReturn gst_pad_link_full(GstPad *, GstPad *, GstPadLinkCheck): linked manager:send_rtcp_src_0 and udpsink2:sink, successful
0:00:00.310079000 11765 0x7f9fcc8a8b70 INFO                GST_PADS gstpad.c:2496:GstPadLinkReturn gst_pad_link_full(GstPad *, GstPad *, GstPadLinkCheck): linked manager:send_rtcp_src_0 and udpsink3:sink, successful
0:00:00.310106000 11765 0x7f9fcc8a8990 INFO               GST_EVENT gstevent.c:1382:GstEvent *gst_event_new_reconfigure(): creating reconfigure event
0:00:00.310111000 11765 0x7f9fcc8a8b70 INFO               GST_EVENT gstevent.c:1382:GstEvent *gst_event_new_reconfigure(): creating reconfigure event
0:00:00.310201000 11765 0x7f9fcc8a8990 INFO              GST_STATES gstelement.c:2350:GstStateChangeReturn gst_element_continue_state(GstElement *, GstStateChangeReturn):<udpsink1> completed state change to NULL
0:00:00.310202000 11765 0x7f9fcc8a8b70 INFO              GST_STATES gstelement.c:2350:GstStateChangeReturn gst_element_continue_state(GstElement *, GstStateChangeReturn):<udpsink0> completed state change to NULL
0:00:00.310237000 11765 0x7f9fcc8a8990 INFO              GST_STATES gstelement.c:2350:GstStateChangeReturn gst_element_continue_state(GstElement *, GstStateChangeReturn):<fakesrc1> completed state change to NULL
0:00:00.310241000 11765 0x7f9fcc8a8b70 INFO              GST_STATES gstelement.c:2350:GstStateChangeReturn gst_element_continue_state(GstElement *, GstStateChangeReturn):<fakesrc0> completed state change to NULL
0:00:00.310284000 11765 0x7f9fcc8a8990 INFO              GST_STATES gstelement.c:2325:GstStateChangeReturn gst_element_continue_state(GstElement *, GstStateChangeReturn):<udpsink1> committing state from NULL to READY, pending PLAYING, next PAUSED
0:00:00.310290000 11765 0x7f9fcc8a8b70 INFO              GST_STATES gstelement.c:2325:GstStateChangeReturn gst_element_continue_state(GstElement *, GstStateChangeReturn):<udpsink0> committing state from NULL to READY, pending PLAYING, next PAUSED
0:00:00.310334000 11765 0x7f9fcc8a8990 INFO              GST_STATES gstelement.c:2255:void _priv_gst_element_state_changed(GstElement *, GstState, GstState, GstState):<udpsink1> notifying about state-changed NULL to READY (PLAYING pending)
0:00:00.310339000 11765 0x7f9fcc8a8b70 INFO              GST_STATES gstelement.c:2255:void _priv_gst_element_state_changed(GstElement *, GstState, GstState, GstState):<udpsink0> notifying about state-changed NULL to READY (PLAYING pending)
0:00:00.310377000 11765 0x7f9fcc8a8990 INFO              GST_STATES gstelement.c:2332:GstStateChangeReturn gst_element_continue_state(GstElement *, GstStateChangeReturn):<udpsink1> continue state change READY to PAUSED, final PLAYING
0:00:00.310385000 11765 0x7f9fcc8a8b70 INFO              GST_STATES gstelement.c:2332:GstStateChangeReturn gst_element_continue_state(GstElement *, GstStateChangeReturn):<udpsink0> continue state change READY to PAUSED, final PLAYING
0:00:00.310394000 11765 0x7f9fcc8a8990 INFO              GST_STATES gstelement.c:2325:GstStateChangeReturn gst_element_continue_state(GstElement *, GstStateChangeReturn):<udpsink1> committing state from READY to PAUSED, pending PLAYING, next PLAYING
0:00:00.310403000 11765 0x7f9fcc8a8b70 INFO              GST_STATES gstelement.c:2325:GstStateChangeReturn gst_element_continue_state(GstElement *, GstStateChangeReturn):<udpsink0> committing state from READY to PAUSED, pending PLAYING, next PLAYING
0:00:00.310404000 11765 0x7f9fcc8a8990 INFO              GST_STATES gstelement.c:2255:void _priv_gst_element_state_changed(GstElement *, GstState, GstState, GstState):<udpsink1> notifying about state-changed READY to PAUSED (PLAYING pending)
0:00:00.310440000 11765 0x7f9fcc8a8b70 INFO              GST_STATES gstelement.c:2255:void _priv_gst_element_state_changed(GstElement *, GstState, GstState, GstState):<udpsink0> notifying about state-changed READY to PAUSED (PLAYING pending)
0:00:00.310452000 11765 0x7f9fcc8a8990 INFO              GST_STATES gstelement.c:2332:GstStateChangeReturn gst_element_continue_state(GstElement *, GstStateChangeReturn):<udpsink1> continue state change PAUSED to PLAYING, final PLAYING
0:00:00.310461000 11765 0x7f9fcc8a8b70 INFO              GST_STATES gstelement.c:2332:GstStateChangeReturn gst_element_continue_state(GstElement *, GstStateChangeReturn):<udpsink0> continue state change PAUSED to PLAYING, final PLAYING
0:00:00.310464000 11765 0x7f9fcc8a8990 INFO              GST_STATES gstelement.c:2350:GstStateChangeReturn gst_element_continue_state(GstElement *, GstStateChangeReturn):<udpsink1> completed state change to PLAYING
0:00:00.310499000 11765 0x7f9fcc8a8b70 INFO              GST_STATES gstelement.c:2350:GstStateChangeReturn gst_element_continue_state(GstElement *, GstStateChangeReturn):<udpsink0> completed state change to PLAYING
0:00:00.310501000 11765 0x7f9fcc8a8990 INFO              GST_STATES gstelement.c:2255:void _priv_gst_element_state_changed(GstElement *, GstState, GstState, GstState):<udpsink1> notifying about state-changed PAUSED to PLAYING (VOID_PENDING pending)
0:00:00.310528000 11765 0x7f9fcc8a8b70 INFO              GST_STATES gstelement.c:2255:void _priv_gst_element_state_changed(GstElement *, GstState, GstState, GstState):<udpsink0> notifying about state-changed PAUSED to PLAYING (VOID_PENDING pending)
0:00:00.310541000 11765 0x7f9fcc8a8990 INFO              GST_STATES gstelement.c:2325:GstStateChangeReturn gst_element_continue_state(GstElement *, GstStateChangeReturn):<fakesrc1> committing state from NULL to READY, pending PLAYING, next PAUSED
0:00:00.310553000 11765 0x7f9fcc8a8990 INFO              GST_STATES gstelement.c:2255:void _priv_gst_element_state_changed(GstElement *, GstState, GstState, GstState):<fakesrc1> notifying about state-changed NULL to READY (PLAYING pending)
0:00:00.310557000 11765 0x7f9fcc8a8b70 INFO              GST_STATES gstelement.c:2325:GstStateChangeReturn gst_element_continue_state(GstElement *, GstStateChangeReturn):<fakesrc0> committing state from NULL to READY, pending PLAYING, next PAUSED
0:00:00.310571000 11765 0x7f9fcc8a8990 INFO              GST_STATES gstelement.c:2332:GstStateChangeReturn gst_element_continue_state(GstElement *, GstStateChangeReturn):<fakesrc1> continue state change READY to PAUSED, final PLAYING
0:00:00.310591000 11765 0x7f9fcc8a8b70 INFO              GST_STATES gstelement.c:2255:void _priv_gst_element_state_changed(GstElement *, GstState, GstState, GstState):<fakesrc0> notifying about state-changed NULL to READY (PLAYING pending)
0:00:00.310612000 11765 0x7f9fcc8a8b70 INFO              GST_STATES gstelement.c:2332:GstStateChangeReturn gst_element_continue_state(GstElement *, GstStateChangeReturn):<fakesrc0> continue state change READY to PAUSED, final PLAYING
0:00:00.310616000 11765 0x7f9fcc8a8990 INFO                 basesrc gstbasesrc.c:1339:gboolean gst_base_src_do_seek(GstBaseSrc *, GstSegment *):<fakesrc1> seeking: bytes segment start=0, offset=0, stop=-1, rate=1.000000, applied_rate=1.000000, flags=0x00, time=0, base=0, position 0, duration -1
0:00:00.310628000 11765 0x7f9fcc8a8b70 INFO                 basesrc gstbasesrc.c:1339:gboolean gst_base_src_do_seek(GstBaseSrc *, GstSegment *):<fakesrc0> seeking: bytes segment start=0, offset=0, stop=-1, rate=1.000000, applied_rate=1.000000, flags=0x00, time=0, base=0, position 0, duration -1
0:00:00.310659000 11765 0x7f9fcc8a8990 INFO                    task gsttask.c:450:void gst_task_set_lock(GstTask *, GRecMutex *): setting stream lock 0x7f9fcb8890a0 on task 0x7f9fcc986b90
0:00:00.310664000 11765 0x7f9fcc8a8b70 INFO                    task gsttask.c:450:void gst_task_set_lock(GstTask *, GRecMutex *): setting stream lock 0x7f9fcd051df0 on task 0x7f9fcb88e170
0:00:00.310694000 11765 0x7f9fcc8a8990 INFO                GST_PADS gstpad.c:5945:gboolean gst_pad_start_task(GstPad *, GstTaskFunction, gpointer, GDestroyNotify):<fakesrc1:src> created task 0x7f9fcc986b90
0:00:00.310697000 11765 0x7f9fcc8a8b70 INFO                GST_PADS gstpad.c:5945:gboolean gst_pad_start_task(GstPad *, GstTaskFunction, gpointer, GDestroyNotify):<fakesrc0:src> created task 0x7f9fcb88e170
0:00:00.310766000 11765 0x7f9fcc8a8990 INFO              GST_STATES gstelement.c:2325:GstStateChangeReturn gst_element_continue_state(GstElement *, GstStateChangeReturn):<fakesrc1> committing state from READY to PAUSED, pending PLAYING, next PLAYING
0:00:00.310781000 11765 0x7f9fcc8a8990 INFO              GST_STATES gstelement.c:2255:void _priv_gst_element_state_changed(GstElement *, GstState, GstState, GstState):<fakesrc1> notifying about state-changed READY to PAUSED (PLAYING pending)
0:00:00.310794000 11765 0x7f9fcc8a8990 INFO              GST_STATES gstelement.c:2332:GstStateChangeReturn gst_element_continue_state(GstElement *, GstStateChangeReturn):<fakesrc1> continue state change PAUSED to PLAYING, final PLAYING
0:00:00.310797000 11765 0x7f9fcd027800 INFO        GST_ELEMENT_PADS gstelement.c:904:GstPad *gst_element_get_static_pad(GstElement *, const gchar *): no such pad 'sink' in element "fakesrc1"
0:00:00.310830000 11765 0x7f9fcc8a8990 INFO              GST_STATES gstelement.c:2350:GstStateChangeReturn gst_element_continue_state(GstElement *, GstStateChangeReturn):<fakesrc1> completed state change to PLAYING
0:00:00.310827000 11765 0x7f9fcc8a8b70 INFO              GST_STATES gstelement.c:2325:GstStateChangeReturn gst_element_continue_state(GstElement *, GstStateChangeReturn):<fakesrc0> committing state from READY to PAUSED, pending PLAYING, next PLAYING
0:00:00.310857000 11765 0x7f9fcd0398a0 INFO        GST_ELEMENT_PADS gstelement.c:904:GstPad *gst_element_get_static_pad(GstElement *, const gchar *): no such pad 'sink' in element "fakesrc0"
0:00:00.310867000 11765 0x7f9fcc8a8990 INFO              GST_STATES gstelement.c:2255:void _priv_gst_element_state_changed(GstElement *, GstState, GstState, GstState):<fakesrc1> notifying about state-changed PAUSED to PLAYING (VOID_PENDING pending)
0:00:00.310867000 11765 0x7f9fcc8a8b70 INFO              GST_STATES gstelement.c:2255:void _priv_gst_element_state_changed(GstElement *, GstState, GstState, GstState):<fakesrc0> notifying about state-changed READY to PAUSED (PLAYING pending)
0:00:00.310895000 11765 0x7f9fcd027800 FIXME                default gstutils.c:3766:gchar *gst_pad_create_stream_id_internal(GstPad *, GstElement *, const gchar *):<fakesrc1:src> Creating random stream-id, consider implementing a deterministic way of creating a stream-id
0:00:00.310953000 11765 0x7f9fcd0398a0 FIXME                default gstutils.c:3766:gchar *gst_pad_create_stream_id_internal(GstPad *, GstElement *, const gchar *):<fakesrc0:src> Creating random stream-id, consider implementing a deterministic way of creating a stream-id
0:00:00.310980000 11765 0x7f9fcc8a8b70 INFO              GST_STATES gstelement.c:2332:GstStateChangeReturn gst_element_continue_state(GstElement *, GstStateChangeReturn):<fakesrc0> continue state change PAUSED to PLAYING, final PLAYING
0:00:00.311041000 11765 0x7f9fcc8a8b70 INFO              GST_STATES gstelement.c:2350:GstStateChangeReturn gst_element_continue_state(GstElement *, GstStateChangeReturn):<fakesrc0> completed state change to PLAYING
0:00:00.311053000 11765 0x7f9fcc8a8b70 INFO              GST_STATES gstelement.c:2255:void _priv_gst_element_state_changed(GstElement *, GstState, GstState, GstState):<fakesrc0> notifying about state-changed PAUSED to PLAYING (VOID_PENDING pending)
0:00:00.311093000 11765 0x7f9fcd027800 INFO               GST_EVENT gstevent.c:760:GstEvent *gst_event_new_segment(const GstSegment *): creating segment event bytes segment start=0, offset=0, stop=-1, rate=1.000000, applied_rate=1.000000, flags=0x00, time=0, base=0, position 0, duration -1
0:00:00.311127000 11765 0x7f9fcd027800 INFO                 basesrc gstbasesrc.c:2838:void gst_base_src_loop(GstPad *):<fakesrc1> marking pending DISCONT
0:00:00.311150000 11765 0x7f9fcd0398a0 INFO               GST_EVENT gstevent.c:760:GstEvent *gst_event_new_segment(const GstSegment *): creating segment event bytes segment start=0, offset=0, stop=-1, rate=1.000000, applied_rate=1.000000, flags=0x00, time=0, base=0, position 0, duration -1
0:00:00.311173000 11765 0x7f9fcd0398a0 INFO                 basesrc gstbasesrc.c:2838:void gst_base_src_loop(GstPad *):<fakesrc0> marking pending DISCONT
0:00:00.313456000 11765 0x7f9fcd027800 INFO                 basesrc gstbasesrc.c:2734:void gst_base_src_loop(GstPad *):<fakesrc1> pausing after gst_base_src_get_range() = eos
0:00:00.313470000 11765 0x7f9fcd0398a0 INFO                 basesrc gstbasesrc.c:2734:void gst_base_src_loop(GstPad *):<fakesrc0> pausing after gst_base_src_get_range() = eos
0:00:00.313480000 11765 0x7f9fcd027800 INFO                    task gsttask.c:315:void gst_task_func(GstTask *):<fakesrc1:src> Task going to paused
0:00:00.313507000 11765 0x7f9fcd0398a0 INFO                    task gsttask.c:315:void gst_task_func(GstTask *):<fakesrc0:src> Task going to paused
0:00:00.330343000 11765 0x7f9fcc8a8b70 INFO              GST_STATES gstbin.c:2316:GstStateChangeReturn gst_bin_element_set_state(GstBin *, GstElement *, GstClockTime, GstClockTime, GstState, GstState):<rtpssrcdemux0> current PAUSED pending VOID_PENDING, desired next PLAYING
0:00:00.330373000 11765 0x7f9fcc8a8b70 INFO              GST_STATES gstelement.c:2350:GstStateChangeReturn gst_element_continue_state(GstElement *, GstStateChangeReturn):<rtpssrcdemux0> completed state change to PLAYING
0:00:00.330381000 11765 0x7f9fcc8a8b70 INFO              GST_STATES gstelement.c:2255:void _priv_gst_element_state_changed(GstElement *, GstState, GstState, GstState):<rtpssrcdemux0> notifying about state-changed PAUSED to PLAYING (VOID_PENDING pending)
0:00:00.330405000 11765 0x7f9fcc8a8b70 INFO              GST_STATES gstbin.c:2764:GstStateChangeReturn gst_bin_change_state_func(GstElement *, GstStateChange):<manager> child 'rtpssrcdemux0' changed state to 4(PLAYING) successfully
0:00:00.330419000 11765 0x7f9fcc8a8b70 INFO              GST_STATES gstbin.c:2316:GstStateChangeReturn gst_bin_element_set_state(GstBin *, GstElement *, GstClockTime, GstClockTime, GstState, GstState):<rtpsession0> current PAUSED pending VOID_PENDING, desired next PLAYING
0:00:00.330477000 11765 0x7f9fcc8a8b70 INFO              GST_STATES gstelement.c:2350:GstStateChangeReturn gst_element_continue_state(GstElement *, GstStateChangeReturn):<rtpsession0> completed state change to PLAYING
0:00:00.330486000 11765 0x7f9fcc8a8b70 INFO              GST_STATES gstelement.c:2255:void _priv_gst_element_state_changed(GstElement *, GstState, GstState, GstState):<rtpsession0> notifying about state-changed PAUSED to PLAYING (VOID_PENDING pending)
0:00:00.330504000 11765 0x7f9fcc8a8b70 INFO              GST_STATES gstbin.c:2764:GstStateChangeReturn gst_bin_change_state_func(GstElement *, GstStateChange):<manager> child 'rtpsession0' changed state to 4(PLAYING) successfully
0:00:00.330527000 11765 0x7f9fcc8a8b70 INFO              GST_STATES gstelement.c:2350:GstStateChangeReturn gst_element_continue_state(GstElement *, GstStateChangeReturn):<manager> completed state change to PLAYING
0:00:00.330540000 11765 0x7f9fcc8a8b70 INFO              GST_STATES gstelement.c:2255:void _priv_gst_element_state_changed(GstElement *, GstState, GstState, GstState):<manager> notifying about state-changed PAUSED to PLAYING (VOID_PENDING pending)
0:00:00.330565000 11765 0x7f9fcc8a8b70 INFO                 basesrc gstbasesrc.c:1339:gboolean gst_base_src_do_seek(GstBaseSrc *, GstSegment *):<udpsrc3> seeking: time segment start=0:00:00.000000000, offset=0:00:00.000000000, stop=99:99:99.999999999, rate=1.000000, applied_rate=1.000000, flags=0x00, time=0:00:00.000000000, base=0:00:00.000000000, position 0:00:00.000000000, duration 99:99:99.999999999
0:00:00.330594000 11765 0x7f9fcc8a8b70 INFO                    task gsttask.c:450:void gst_task_set_lock(GstTask *, GRecMutex *): setting stream lock 0x7f9fcd0500b0 on task 0x7f9fcb88e290
0:00:00.330604000 11765 0x7f9fcc8a8b70 INFO                GST_PADS gstpad.c:5945:gboolean gst_pad_start_task(GstPad *, GstTaskFunction, gpointer, GDestroyNotify):<udpsrc3:src> created task 0x7f9fcb88e290
0:00:00.330662000 11765 0x7f9fcc8a8b70 INFO              GST_STATES gstelement.c:2325:GstStateChangeReturn gst_element_continue_state(GstElement *, GstStateChangeReturn):<udpsrc3> committing state from READY to PAUSED, pending PLAYING, next PLAYING
0:00:00.330677000 11765 0x7f9fcc8a8b70 INFO              GST_STATES gstelement.c:2255:void _priv_gst_element_state_changed(GstElement *, GstState, GstState, GstState):<udpsrc3> notifying about state-changed READY to PAUSED (PLAYING pending)
0:00:00.330694000 11765 0x7f9fcc8a8b70 INFO              GST_STATES gstelement.c:2332:GstStateChangeReturn gst_element_continue_state(GstElement *, GstStateChangeReturn):<udpsrc3> continue state change PAUSED to PLAYING, final PLAYING
0:00:00.330733000 11765 0x7f9fcc8a8b70 INFO              GST_STATES gstelement.c:2350:GstStateChangeReturn gst_element_continue_state(GstElement *, GstStateChangeReturn):<udpsrc3> completed state change to PLAYING
0:00:00.330746000 11765 0x7f9fcc8a8b70 INFO              GST_STATES gstelement.c:2255:void _priv_gst_element_state_changed(GstElement *, GstState, GstState, GstState):<udpsrc3> notifying about state-changed PAUSED to PLAYING (VOID_PENDING pending)
0:00:00.330750000 11765 0x7f9fcd039990 INFO        GST_ELEMENT_PADS gstelement.c:904:GstPad *gst_element_get_static_pad(GstElement *, const gchar *): no such pad 'sink' in element "udpsrc3"
0:00:00.330794000 11765 0x7f9fcc8a8b70 INFO                 basesrc gstbasesrc.c:1339:gboolean gst_base_src_do_seek(GstBaseSrc *, GstSegment *):<udpsrc4> seeking: time segment start=0:00:00.000000000, offset=0:00:00.000000000, stop=99:99:99.999999999, rate=1.000000, applied_rate=1.000000, flags=0x00, time=0:00:00.000000000, base=0:00:00.000000000, position 0:00:00.000000000, duration 99:99:99.999999999
0:00:00.330819000 11765 0x7f9fcc8a8b70 INFO                    task gsttask.c:450:void gst_task_set_lock(GstTask *, GRecMutex *): setting stream lock 0x7f9fcd0502f0 on task 0x7f9fcb88e3b0
0:00:00.330828000 11765 0x7f9fcc8a8b70 INFO                GST_PADS gstpad.c:5945:gboolean gst_pad_start_task(GstPad *, GstTaskFunction, gpointer, GDestroyNotify):<udpsrc4:src> created task 0x7f9fcb88e3b0
0:00:00.330874000 11765 0x7f9fcc8a8b70 INFO              GST_STATES gstelement.c:2325:GstStateChangeReturn gst_element_continue_state(GstElement *, GstStateChangeReturn):<udpsrc4> committing state from READY to PAUSED, pending PLAYING, next PLAYING
0:00:00.330886000 11765 0x7f9fcc8a8b70 INFO              GST_STATES gstelement.c:2255:void _priv_gst_element_state_changed(GstElement *, GstState, GstState, GstState):<udpsrc4> notifying about state-changed READY to PAUSED (PLAYING pending)
0:00:00.330903000 11765 0x7f9fcc8a8b70 INFO              GST_STATES gstelement.c:2332:GstStateChangeReturn gst_element_continue_state(GstElement *, GstStateChangeReturn):<udpsrc4> continue state change PAUSED to PLAYING, final PLAYING
0:00:00.330880000 11765 0x7f9fcd039990 INFO               GST_EVENT gstevent.c:679:GstEvent *gst_event_new_caps(GstCaps *): creating caps event application/x-rtp, media=(string)video, payload=(int)96, clock-rate=(int)90000, encoding-name=(string)H264, packetization-mode=(string)1, profile-level-id=(string)64001E, sprop-parameter-sets=(string)"Z2QAHqw0yAoBB/wFqAgICgAAB9AAAdTBCA\=\=\,aO48MA\=\=", a-packetization-supported=(string)DH, a-rtppayload-supported=(string)DH, a-framerate=(string)30.000000, a-recvonly=(string)"", ssrc=(uint)496294483, clock-base=(uint)50317, seqnum-base=(uint)50317, npt-start=(guint64)0, play-speed=(double)1, play-scale=(double)1
0:00:00.330916000 11765 0x7f9fcd0399e0 INFO        GST_ELEMENT_PADS gstelement.c:904:GstPad *gst_element_get_static_pad(GstElement *, const gchar *): no such pad 'sink' in element "udpsrc4"
0:00:00.330996000 11765 0x7f9fcc8a8b70 INFO              GST_STATES gstelement.c:2350:GstStateChangeReturn gst_element_continue_state(GstElement *, GstStateChangeReturn):<udpsrc4> completed state change to PLAYING
0:00:00.331011000 11765 0x7f9fcc8a8b70 INFO              GST_STATES gstelement.c:2255:void _priv_gst_element_state_changed(GstElement *, GstState, GstState, GstState):<udpsrc4> notifying about state-changed PAUSED to PLAYING (VOID_PENDING pending)
0:00:00.331021000 11765 0x7f9fcd0399e0 INFO               GST_EVENT gstevent.c:679:GstEvent *gst_event_new_caps(GstCaps *): creating caps event application/x-rtcp
0:00:00.339037000 11765 0x7f9fcc8a8990 INFO              GST_STATES gstbin.c:2316:GstStateChangeReturn gst_bin_element_set_state(GstBin *, GstElement *, GstClockTime, GstClockTime, GstState, GstState):<rtpssrcdemux1> current PAUSED pending VOID_PENDING, desired next PLAYING
0:00:00.339070000 11765 0x7f9fcc8a8990 INFO              GST_STATES gstelement.c:2350:GstStateChangeReturn gst_element_continue_state(GstElement *, GstStateChangeReturn):<rtpssrcdemux1> completed state change to PLAYING
0:00:00.339082000 11765 0x7f9fcc8a8990 INFO              GST_STATES gstelement.c:2255:void _priv_gst_element_state_changed(GstElement *, GstState, GstState, GstState):<rtpssrcdemux1> notifying about state-changed PAUSED to PLAYING (VOID_PENDING pending)
0:00:00.339118000 11765 0x7f9fcc8a8990 INFO              GST_STATES gstbin.c:2764:GstStateChangeReturn gst_bin_change_state_func(GstElement *, GstStateChange):<manager> child 'rtpssrcdemux1' changed state to 4(PLAYING) successfully
0:00:00.339138000 11765 0x7f9fcc8a8990 INFO              GST_STATES gstbin.c:2316:GstStateChangeReturn gst_bin_element_set_state(GstBin *, GstElement *, GstClockTime, GstClockTime, GstState, GstState):<rtpsession1> current PAUSED pending VOID_PENDING, desired next PLAYING
0:00:00.339190000 11765 0x7f9fcc8a8990 INFO              GST_STATES gstelement.c:2350:GstStateChangeReturn gst_element_continue_state(GstElement *, GstStateChangeReturn):<rtpsession1> completed state change to PLAYING
0:00:00.339205000 11765 0x7f9fcc8a8990 INFO              GST_STATES gstelement.c:2255:void _priv_gst_element_state_changed(GstElement *, GstState, GstState, GstState):<rtpsession1> notifying about state-changed PAUSED to PLAYING (VOID_PENDING pending)
0:00:00.339230000 11765 0x7f9fcc8a8990 INFO              GST_STATES gstbin.c:2764:GstStateChangeReturn gst_bin_change_state_func(GstElement *, GstStateChange):<manager> child 'rtpsession1' changed state to 4(PLAYING) successfully
0:00:00.339276000 11765 0x7f9fcc8a8990 INFO              GST_STATES gstelement.c:2350:GstStateChangeReturn gst_element_continue_state(GstElement *, GstStateChangeReturn):<manager> completed state change to PLAYING
0:00:00.339287000 11765 0x7f9fcc8a8990 INFO              GST_STATES gstelement.c:2255:void _priv_gst_element_state_changed(GstElement *, GstState, GstState, GstState):<manager> notifying about state-changed PAUSED to PLAYING (VOID_PENDING pending)
0:00:00.339321000 11765 0x7f9fcc8a8990 INFO                 basesrc gstbasesrc.c:1339:gboolean gst_base_src_do_seek(GstBaseSrc *, GstSegment *):<udpsrc1> seeking: time segment start=0:00:00.000000000, offset=0:00:00.000000000, stop=99:99:99.999999999, rate=1.000000, applied_rate=1.000000, flags=0x00, time=0:00:00.000000000, base=0:00:00.000000000, position 0:00:00.000000000, duration 99:99:99.999999999
0:00:00.339359000 11765 0x7f9fcc8a8990 INFO                    task gsttask.c:450:void gst_task_set_lock(GstTask *, GRecMutex *): setting stream lock 0x7f9fcd023990 on task 0x7f9fcc986cb0
0:00:00.339373000 11765 0x7f9fcc8a8990 INFO                GST_PADS gstpad.c:5945:gboolean gst_pad_start_task(GstPad *, GstTaskFunction, gpointer, GDestroyNotify):<udpsrc1:src> created task 0x7f9fcc986cb0
0:00:00.339426000 11765 0x7f9fcc8a8990 INFO              GST_STATES gstelement.c:2325:GstStateChangeReturn gst_element_continue_state(GstElement *, GstStateChangeReturn):<udpsrc1> committing state from READY to PAUSED, pending PLAYING, next PLAYING
0:00:00.339444000 11765 0x7f9fcc8a8990 INFO              GST_STATES gstelement.c:2255:void _priv_gst_element_state_changed(GstElement *, GstState, GstState, GstState):<udpsrc1> notifying about state-changed READY to PAUSED (PLAYING pending)
0:00:00.339467000 11765 0x7f9fcc8a8990 INFO              GST_STATES gstelement.c:2332:GstStateChangeReturn gst_element_continue_state(GstElement *, GstStateChangeReturn):<udpsrc1> continue state change PAUSED to PLAYING, final PLAYING
0:00:00.339524000 11765 0x7f9fcc8a8990 INFO              GST_STATES gstelement.c:2350:GstStateChangeReturn gst_element_continue_state(GstElement *, GstStateChangeReturn):<udpsrc1> completed state change to PLAYING
0:00:00.339547000 11765 0x7f9fcc8a8990 INFO              GST_STATES gstelement.c:2255:void _priv_gst_element_state_changed(GstElement *, GstState, GstState, GstState):<udpsrc1> notifying about state-changed PAUSED to PLAYING (VOID_PENDING pending)
0:00:00.339551000 11765 0x7f9fcd0278f0 INFO        GST_ELEMENT_PADS gstelement.c:904:GstPad *gst_element_get_static_pad(GstElement *, const gchar *): no such pad 'sink' in element "udpsrc1"
0:00:00.339616000 11765 0x7f9fcc8a8990 INFO                 basesrc gstbasesrc.c:1339:gboolean gst_base_src_do_seek(GstBaseSrc *, GstSegment *):<udpsrc2> seeking: time segment start=0:00:00.000000000, offset=0:00:00.000000000, stop=99:99:99.999999999, rate=1.000000, applied_rate=1.000000, flags=0x00, time=0:00:00.000000000, base=0:00:00.000000000, position 0:00:00.000000000, duration 99:99:99.999999999
0:00:00.339649000 11765 0x7f9fcc8a8990 INFO                    task gsttask.c:450:void gst_task_set_lock(GstTask *, GRecMutex *): setting stream lock 0x7f9fcd023bd0 on task 0x7f9fcc986dd0
0:00:00.339662000 11765 0x7f9fcc8a8990 INFO                GST_PADS gstpad.c:5945:gboolean gst_pad_start_task(GstPad *, GstTaskFunction, gpointer, GDestroyNotify):<udpsrc2:src> created task 0x7f9fcc986dd0
0:00:00.339713000 11765 0x7f9fcc8a8990 INFO              GST_STATES gstelement.c:2325:GstStateChangeReturn gst_element_continue_state(GstElement *, GstStateChangeReturn):<udpsrc2> committing state from READY to PAUSED, pending PLAYING, next PLAYING
0:00:00.339700000 11765 0x7f9fcd0278f0 INFO               GST_EVENT gstevent.c:679:GstEvent *gst_event_new_caps(GstCaps *): creating caps event application/x-rtp, media=(string)video, payload=(int)96, clock-rate=(int)90000, encoding-name=(string)H264, packetization-mode=(string)1, profile-level-id=(string)64001E, sprop-parameter-sets=(string)"Z2QAHqw0yAoBB/wFqAgICgAAB9AAAdTBCA\=\=\,aO48MA\=\=", a-packetization-supported=(string)DH, a-rtppayload-supported=(string)DH, a-framerate=(string)30.000000, a-recvonly=(string)"", ssrc=(uint)1388903189, clock-base=(uint)64277, seqnum-base=(uint)64277, npt-start=(guint64)0, play-speed=(double)1, play-scale=(double)1
0:00:00.339730000 11765 0x7f9fcc8a8990 INFO              GST_STATES gstelement.c:2255:void _priv_gst_element_state_changed(GstElement *, GstState, GstState, GstState):<udpsrc2> notifying about state-changed READY to PAUSED (PLAYING pending)
0:00:00.339801000 11765 0x7f9fcc8a8990 INFO              GST_STATES gstelement.c:2332:GstStateChangeReturn gst_element_continue_state(GstElement *, GstStateChangeReturn):<udpsrc2> continue state change PAUSED to PLAYING, final PLAYING
0:00:00.339806000 11765 0x7f9fcd027940 INFO        GST_ELEMENT_PADS gstelement.c:904:GstPad *gst_element_get_static_pad(GstElement *, const gchar *): no such pad 'sink' in element "udpsrc2"
0:00:00.339878000 11765 0x7f9fcc8a8990 INFO              GST_STATES gstelement.c:2350:GstStateChangeReturn gst_element_continue_state(GstElement *, GstStateChangeReturn):<udpsrc2> completed state change to PLAYING
0:00:00.339900000 11765 0x7f9fcc8a8990 INFO              GST_STATES gstelement.c:2255:void _priv_gst_element_state_changed(GstElement *, GstState, GstState, GstState):<udpsrc2> notifying about state-changed PAUSED to PLAYING (VOID_PENDING pending)
0:00:00.339967000 11765 0x7f9fcd027940 INFO               GST_EVENT gstevent.c:679:GstEvent *gst_event_new_caps(GstCaps *): creating caps event application/x-rtcp
0:00:00.360443000 11765 0x7f9fcc8a8a80 INFO     GST_ELEMENT_FACTORY gstelementfactory.c:364:GstElement *gst_element_factory_create(GstElementFactory *, const gchar *): creating element "udpsrc"
0:00:00.360501000 11765 0x7f9fcc8a8a80 INFO        GST_ELEMENT_PADS gstelement.c:659:gboolean gst_element_add_pad(GstElement *, GstPad *):<GstBaseSrc@0x7f9fcb0950d0> adding pad 'src'
0:00:00.360661000 11765 0x7f9fcc8a8a80 INFO                  udpsrc gstudpsrc.c:991:gst_udpsrc_open:<udpsrc5> setting udp buffer of 524288 bytes
0:00:00.360681000 11765 0x7f9fcc8a8a80 INFO                  udpsrc gstudpsrc.c:1011:gst_udpsrc_open:<udpsrc5> have udp buffer of 524288 bytes
0:00:00.360714000 11765 0x7f9fcc8a8a80 INFO              GST_STATES gstelement.c:2350:GstStateChangeReturn gst_element_continue_state(GstElement *, GstStateChangeReturn):<udpsrc5> completed state change to READY
0:00:00.360726000 11765 0x7f9fcc8a8a80 INFO              GST_STATES gstelement.c:2255:void _priv_gst_element_state_changed(GstElement *, GstState, GstState, GstState):<udpsrc5> notifying about state-changed NULL to READY (VOID_PENDING pending)
0:00:00.360798000 11765 0x7f9fcc8a8a80 INFO              GST_STATES gstelement.c:2350:GstStateChangeReturn gst_element_continue_state(GstElement *, GstStateChangeReturn):<udpsrc5> completed state change to NULL
0:00:00.360813000 11765 0x7f9fcc8a8a80 INFO              GST_STATES gstelement.c:2255:void _priv_gst_element_state_changed(GstElement *, GstState, GstState, GstState):<udpsrc5> notifying about state-changed READY to NULL (VOID_PENDING pending)
0:00:00.360829000 11765 0x7f9fcc8a8a80 INFO         GST_REFCOUNTING gstelement.c:2925:void gst_element_dispose(GObject *):<udpsrc5> dispose
0:00:00.360838000 11765 0x7f9fcc8a8a80 INFO        GST_ELEMENT_PADS gstelement.c:776:gboolean gst_element_remove_pad(GstElement *, GstPad *):<udpsrc5> removing pad 'src'
0:00:00.360856000 11765 0x7f9fcc8a8a80 INFO         GST_REFCOUNTING gstelement.c:2970:void gst_element_dispose(GObject *):<udpsrc5> parent class dispose
0:00:00.360867000 11765 0x7f9fcc8a8a80 INFO         GST_REFCOUNTING gstelement.c:3001:void gst_element_finalize(GObject *):<udpsrc5> finalize
0:00:00.360876000 11765 0x7f9fcc8a8a80 INFO         GST_REFCOUNTING gstelement.c:3006:void gst_element_finalize(GObject *):<udpsrc5> finalize parent
0:00:00.360950000 11765 0x7f9fcc8a8a80 INFO     GST_ELEMENT_FACTORY gstelementfactory.c:364:GstElement *gst_element_factory_create(GstElementFactory *, const gchar *): creating element "udpsrc"
0:00:00.361003000 11765 0x7f9fcc8a8a80 INFO        GST_ELEMENT_PADS gstelement.c:659:gboolean gst_element_add_pad(GstElement *, GstPad *):<GstBaseSrc@0x7f9fcb0950d0> adding pad 'src'
0:00:00.361111000 11765 0x7f9fcc8a8a80 INFO                  udpsrc gstudpsrc.c:991:gst_udpsrc_open:<udpsrc6> setting udp buffer of 524288 bytes
0:00:00.361129000 11765 0x7f9fcc8a8a80 INFO                  udpsrc gstudpsrc.c:1011:gst_udpsrc_open:<udpsrc6> have udp buffer of 524288 bytes
0:00:00.361158000 11765 0x7f9fcc8a8a80 INFO              GST_STATES gstelement.c:2350:GstStateChangeReturn gst_element_continue_state(GstElement *, GstStateChangeReturn):<udpsrc6> completed state change to READY
0:00:00.361170000 11765 0x7f9fcc8a8a80 INFO              GST_STATES gstelement.c:2255:void _priv_gst_element_state_changed(GstElement *, GstState, GstState, GstState):<udpsrc6> notifying about state-changed NULL to READY (VOID_PENDING pending)
0:00:00.361248000 11765 0x7f9fcc8a8a80 INFO     GST_ELEMENT_FACTORY gstelementfactory.c:364:GstElement *gst_element_factory_create(GstElementFactory *, const gchar *): creating element "udpsrc"
0:00:00.361278000 11765 0x7f9fcc8a8a80 INFO        GST_ELEMENT_PADS gstelement.c:659:gboolean gst_element_add_pad(GstElement *, GstPad *):<GstBaseSrc@0x7f9fcb0960d0> adding pad 'src'
0:00:00.361395000 11765 0x7f9fcc8a8a80 INFO                  udpsrc gstudpsrc.c:1011:gst_udpsrc_open:<udpsrc7> have udp buffer of 196724 bytes
0:00:00.361427000 11765 0x7f9fcc8a8a80 INFO              GST_STATES gstelement.c:2350:GstStateChangeReturn gst_element_continue_state(GstElement *, GstStateChangeReturn):<udpsrc7> completed state change to READY
0:00:00.361438000 11765 0x7f9fcc8a8a80 INFO              GST_STATES gstelement.c:2255:void _priv_gst_element_state_changed(GstElement *, GstState, GstState, GstState):<udpsrc7> notifying about state-changed NULL to READY (VOID_PENDING pending)
0:00:00.401620000 11765 0x7f9fcc8a8a80 INFO     GST_ELEMENT_FACTORY gstelementfactory.c:362:GstElement *gst_element_factory_create(GstElementFactory *, const gchar *): creating element "rtpbin" named "manager"
0:00:00.401748000 11765 0x7f9fcc8a8a80 INFO              GST_STATES gstelement.c:2325:GstStateChangeReturn gst_element_continue_state(GstElement *, GstStateChangeReturn):<manager> committing state from NULL to READY, pending PAUSED, next PAUSED
0:00:00.401767000 11765 0x7f9fcc8a8a80 INFO              GST_STATES gstelement.c:2255:void _priv_gst_element_state_changed(GstElement *, GstState, GstState, GstState):<manager> notifying about state-changed NULL to READY (PAUSED pending)
0:00:00.401804000 11765 0x7f9fcc8a8a80 INFO              GST_STATES gstelement.c:2332:GstStateChangeReturn gst_element_continue_state(GstElement *, GstStateChangeReturn):<manager> continue state change READY to PAUSED, final PAUSED
0:00:00.401825000 11765 0x7f9fcc8a8a80 INFO              GST_STATES gstelement.c:2350:GstStateChangeReturn gst_element_continue_state(GstElement *, GstStateChangeReturn):<manager> completed state change to PAUSED
0:00:00.401844000 11765 0x7f9fcc8a8a80 INFO              GST_STATES gstelement.c:2255:void _priv_gst_element_state_changed(GstElement *, GstState, GstState, GstState):<manager> notifying about state-changed READY to PAUSED (VOID_PENDING pending)
0:00:00.401918000 11765 0x7f9fcc8a8a80 INFO        GST_ELEMENT_PADS gstelement.c:904:GstPad *gst_element_get_static_pad(GstElement *, const gchar *): no such pad 'recv_rtp_sink_0' in element "manager"
0:00:00.401936000 11765 0x7f9fcc8a8a80 INFO     GST_ELEMENT_FACTORY gstelementfactory.c:364:GstElement *gst_element_factory_create(GstElementFactory *, const gchar *): creating element "rtpsession"
0:00:00.402011000 11765 0x7f9fcc8a8a80 INFO     GST_ELEMENT_FACTORY gstelementfactory.c:364:GstElement *gst_element_factory_create(GstElementFactory *, const gchar *): creating element "rtpssrcdemux"
0:00:00.402040000 11765 0x7f9fcc8a8a80 INFO        GST_ELEMENT_PADS gstelement.c:659:gboolean gst_element_add_pad(GstElement *, GstPad *):<GstRtpSsrcDemux@0x7f9fcb8a0050> adding pad 'sink'
0:00:00.402090000 11765 0x7f9fcc8a8a80 INFO        GST_ELEMENT_PADS gstelement.c:659:gboolean gst_element_add_pad(GstElement *, GstPad *):<GstRtpSsrcDemux@0x7f9fcb8a0050> adding pad 'rtcp_sink'
0:00:00.402179000 11765 0x7f9fcc8a8a80 INFO              GST_STATES gstelement.c:2325:GstStateChangeReturn gst_element_continue_state(GstElement *, GstStateChangeReturn):<rtpssrcdemux2> committing state from NULL to READY, pending PAUSED, next PAUSED
0:00:00.402195000 11765 0x7f9fcc8a8a80 INFO              GST_STATES gstelement.c:2255:void _priv_gst_element_state_changed(GstElement *, GstState, GstState, GstState):<rtpssrcdemux2> notifying about state-changed NULL to READY (PAUSED pending)
0:00:00.402222000 11765 0x7f9fcc8a8a80 INFO              GST_STATES gstelement.c:2332:GstStateChangeReturn gst_element_continue_state(GstElement *, GstStateChangeReturn):<rtpssrcdemux2> continue state change READY to PAUSED, final PAUSED
0:00:00.402241000 11765 0x7f9fcc8a8a80 INFO              GST_STATES gstelement.c:2350:GstStateChangeReturn gst_element_continue_state(GstElement *, GstStateChangeReturn):<rtpssrcdemux2> completed state change to PAUSED
0:00:00.402251000 11765 0x7f9fcc8a8a80 INFO              GST_STATES gstelement.c:2255:void _priv_gst_element_state_changed(GstElement *, GstState, GstState, GstState):<rtpssrcdemux2> notifying about state-changed READY to PAUSED (VOID_PENDING pending)
0:00:00.402270000 11765 0x7f9fcc8a8a80 INFO              GST_STATES gstelement.c:2325:GstStateChangeReturn gst_element_continue_state(GstElement *, GstStateChangeReturn):<rtpsession2> committing state from NULL to READY, pending PAUSED, next PAUSED
0:00:00.402283000 11765 0x7f9fcc8a8a80 INFO              GST_STATES gstelement.c:2255:void _priv_gst_element_state_changed(GstElement *, GstState, GstState, GstState):<rtpsession2> notifying about state-changed NULL to READY (PAUSED pending)
0:00:00.402312000 11765 0x7f9fcc8a8a80 INFO              GST_STATES gstelement.c:2332:GstStateChangeReturn gst_element_continue_state(GstElement *, GstStateChangeReturn):<rtpsession2> continue state change READY to PAUSED, final PAUSED
0:00:00.402328000 11765 0x7f9fcc8a8a80 INFO              GST_STATES gstelement.c:2350:GstStateChangeReturn gst_element_continue_state(GstElement *, GstStateChangeReturn):<rtpsession2> completed state change to PAUSED
0:00:00.402341000 11765 0x7f9fcc8a8a80 INFO              GST_STATES gstelement.c:2255:void _priv_gst_element_state_changed(GstElement *, GstState, GstState, GstState):<rtpsession2> notifying about state-changed READY to PAUSED (VOID_PENDING pending)
0:00:00.402364000 11765 0x7f9fcc8a8a80 INFO        GST_ELEMENT_PADS gstelement.c:904:GstPad *gst_element_get_static_pad(GstElement *, const gchar *): no such pad 'recv_rtp_sink' in element "rtpsession2"
