0:00:00.437626000 11378 0x7fdb2a9809e0 INFO           basetransform gstbasetransform.c:1367:gboolean gst_base_transform_setcaps(GstBaseTransform *, GstPad *, GstCaps *):<capsfilter1> reuse caps
0:00:00.437641000 11378 0x7fdb2a9809e0 INFO               GST_EVENT gstevent.c:679:GstEvent *gst_event_new_caps(GstCaps *): creating caps event video/x-h264, stream-format=(string)avc, alignment=(string)au, codec_data=(buffer)0164001effe100196764001eac34c80a0107fc05a808080a000007d00001d4c10801000468ee3c30, level=(string)3, profile=(string)high, pixel-aspect-ratio=(fraction)1/1, width=(int)640, height=(int)512, framerate=(fraction)30/1, parsed=(boolean)true
0:00:00.437672000 11378 0x7fdb2a9809e0 INFO        GST_ELEMENT_PADS gstpad.c:2046:gboolean gst_pad_unlink(GstPad *, GstPad *): unlinking capsfilter1:src(0x7fdb2aa10730) and decodepad1:proxypad18(0x7fdb2aa0c630)
0:00:00.437687000 11378 0x7fdb2a9809e0 INFO        GST_ELEMENT_PADS gstpad.c:2100:gboolean gst_pad_unlink(GstPad *, GstPad *): unlinked capsfilter1:src and decodepad1:proxypad18
0:00:00.437703000 11378 0x7fdb2a9809e0 INFO                GST_PADS gstpad.c:2290:GstPadLinkReturn gst_pad_link_prepare(GstPad *, GstPad *, GstPadLinkCheck): trying to link capsfilter1:src and decodepad1:proxypad18
0:00:00.437712000 11378 0x7fdb2a9809e0 INFO                GST_PADS gstpad.c:2496:GstPadLinkReturn gst_pad_link_full(GstPad *, GstPad *, GstPadLinkCheck): linked capsfilter1:src and decodepad1:proxypad18, successful
0:00:00.437720000 11378 0x7fdb2a9809e0 INFO               GST_EVENT gstevent.c:1382:GstEvent *gst_event_new_reconfigure(): creating reconfigure event
0:00:00.437832000 11378 0x7fdb2a9809e0 INFO        GST_ELEMENT_PADS gstpad.c:2046:gboolean gst_pad_unlink(GstPad *, GstPad *): unlinking capsfilter1:src(0x7fdb2aa10730) and decodepad1:proxypad18(0x7fdb2aa0c630)
0:00:00.437849000 11378 0x7fdb2a9809e0 INFO        GST_ELEMENT_PADS gstpad.c:2100:gboolean gst_pad_unlink(GstPad *, GstPad *): unlinked capsfilter1:src and decodepad1:proxypad18
0:00:00.437865000 11378 0x7fdb2a9809e0 INFO                GST_PADS gstpad.c:2290:GstPadLinkReturn gst_pad_link_prepare(GstPad *, GstPad *, GstPadLinkCheck): trying to link capsfilter1:src and decodepad1:proxypad18
0:00:00.437873000 11378 0x7fdb2a9809e0 INFO                GST_PADS gstpad.c:2496:GstPadLinkReturn gst_pad_link_full(GstPad *, GstPad *, GstPadLinkCheck): linked capsfilter1:src and decodepad1:proxypad18, successful
0:00:00.437881000 11378 0x7fdb2a9809e0 INFO               GST_EVENT gstevent.c:1382:GstEvent *gst_event_new_reconfigure(): creating reconfigure event
0:00:00.437900000 11378 0x7fdb2a9809e0 INFO        GST_ELEMENT_PADS gstpad.c:2046:gboolean gst_pad_unlink(GstPad *, GstPad *): unlinking capsfilter1:src(0x7fdb2aa10730) and decodepad1:proxypad18(0x7fdb2aa0c630)
0:00:00.437917000 11378 0x7fdb2a9809e0 INFO        GST_ELEMENT_PADS gstpad.c:2100:gboolean gst_pad_unlink(GstPad *, GstPad *): unlinked capsfilter1:src and decodepad1:proxypad18
0:00:00.437932000 11378 0x7fdb2a9809e0 INFO                GST_PADS gstpad.c:2290:GstPadLinkReturn gst_pad_link_prepare(GstPad *, GstPad *, GstPadLinkCheck): trying to link capsfilter1:src and decodepad1:proxypad18
0:00:00.437940000 11378 0x7fdb2a9809e0 INFO                GST_PADS gstpad.c:2496:GstPadLinkReturn gst_pad_link_full(GstPad *, GstPad *, GstPadLinkCheck): linked capsfilter1:src and decodepad1:proxypad18, successful
0:00:00.437948000 11378 0x7fdb2a9809e0 INFO               GST_EVENT gstevent.c:1382:GstEvent *gst_event_new_reconfigure(): creating reconfigure event
0:00:00.437969000 11378 0x7fdb2a9809e0 INFO        GST_ELEMENT_PADS gstpad.c:2046:gboolean gst_pad_unlink(GstPad *, GstPad *): unlinking capsfilter1:src(0x7fdb2aa10730) and decodepad1:proxypad18(0x7fdb2aa0c630)
0:00:00.437983000 11378 0x7fdb2a9809e0 INFO        GST_ELEMENT_PADS gstpad.c:2100:gboolean gst_pad_unlink(GstPad *, GstPad *): unlinked capsfilter1:src and decodepad1:proxypad18
0:00:00.438116000 11378 0x7fdb2a980b20 INFO      GST_PLUGIN_LOADING gstplugin.c:842:GstPlugin *_priv_gst_plugin_load_file_for_registry(const gchar *, GstRegistry *, GError **): plugin "/Library/Frameworks/GStreamer.framework/Versions/1.0/lib/gstreamer-1.0/libgstapplemedia.so" loaded
0:00:00.438137000 11378 0x7fdb2a980b20 INFO     GST_ELEMENT_FACTORY gstelementfactory.c:364:GstElement *gst_element_factory_create(GstElementFactory *, const gchar *): creating element "vtdec_hw"
0:00:00.438173000 11378 0x7fdb2a9809e0 INFO     GST_ELEMENT_FACTORY gstelementfactory.c:364:GstElement *gst_element_factory_create(GstElementFactory *, const gchar *): creating element "vtdec_hw"
0:00:00.438337000 11378 0x7fdb2a980b20 INFO        GST_ELEMENT_PADS gstelement.c:659:gboolean gst_element_add_pad(GstElement *, GstPad *):<GstVideoDecoder@0x7fdb29867da0> adding pad 'sink'
0:00:00.438339000 11378 0x7fdb2a9809e0 INFO        GST_ELEMENT_PADS gstelement.c:659:gboolean gst_element_add_pad(GstElement *, GstPad *):<GstVideoDecoder@0x7fdb2a9e6ba0> adding pad 'sink'
0:00:00.438440000 11378 0x7fdb2a980b20 INFO        GST_ELEMENT_PADS gstelement.c:659:gboolean gst_element_add_pad(GstElement *, GstPad *):<GstVideoDecoder@0x7fdb29867da0> adding pad 'src'
0:00:00.438442000 11378 0x7fdb2a9809e0 INFO        GST_ELEMENT_PADS gstelement.c:659:gboolean gst_element_add_pad(GstElement *, GstPad *):<GstVideoDecoder@0x7fdb2a9e6ba0> adding pad 'src'
0:00:00.438509000 11378 0x7fdb2a980b20 INFO                GST_PADS gstpad.c:2290:GstPadLinkReturn gst_pad_link_prepare(GstPad *, GstPad *, GstPadLinkCheck): trying to link capsfilter0:src and vtdechw0:sink
0:00:00.438517000 11378 0x7fdb2a9809e0 INFO                GST_PADS gstpad.c:2290:GstPadLinkReturn gst_pad_link_prepare(GstPad *, GstPad *, GstPadLinkCheck): trying to link capsfilter1:src and vtdechw1:sink
0:00:00.438522000 11378 0x7fdb2a980b20 INFO                GST_PADS gstpad.c:2496:GstPadLinkReturn gst_pad_link_full(GstPad *, GstPad *, GstPadLinkCheck): linked capsfilter0:src and vtdechw0:sink, successful
0:00:00.438553000 11378 0x7fdb2a980b20 INFO               GST_EVENT gstevent.c:1382:GstEvent *gst_event_new_reconfigure(): creating reconfigure event
0:00:00.438552000 11378 0x7fdb2a9809e0 INFO                GST_PADS gstpad.c:2496:GstPadLinkReturn gst_pad_link_full(GstPad *, GstPad *, GstPadLinkCheck): linked capsfilter1:src and vtdechw1:sink, successful
0:00:00.438581000 11378 0x7fdb2a9809e0 INFO               GST_EVENT gstevent.c:1382:GstEvent *gst_event_new_reconfigure(): creating reconfigure event
0:00:00.438600000 11378 0x7fdb2a980b20 INFO              GST_STATES gstelement.c:2350:GstStateChangeReturn gst_element_continue_state(GstElement *, GstStateChangeReturn):<vtdechw0> completed state change to READY
0:00:00.438603000 11378 0x7fdb2a9809e0 INFO              GST_STATES gstelement.c:2350:GstStateChangeReturn gst_element_continue_state(GstElement *, GstStateChangeReturn):<vtdechw1> completed state change to READY
0:00:00.438630000 11378 0x7fdb2a980b20 INFO              GST_STATES gstelement.c:2255:void _priv_gst_element_state_changed(GstElement *, GstState, GstState, GstState):<vtdechw0> notifying about state-changed NULL to READY (VOID_PENDING pending)
0:00:00.438632000 11378 0x7fdb2a9809e0 INFO              GST_STATES gstelement.c:2255:void _priv_gst_element_state_changed(GstElement *, GstState, GstState, GstState):<vtdechw1> notifying about state-changed NULL to READY (VOID_PENDING pending)
0:00:00.438837000 11378 0x7fdb2a980b20 INFO                GST_PADS gstpad.c:4063:gboolean gst_pad_peer_query(GstPad *, GstQuery *):<vtdechw0:src> pad has no peer
0:00:00.438838000 11378 0x7fdb2a9809e0 INFO                GST_PADS gstpad.c:4063:gboolean gst_pad_peer_query(GstPad *, GstQuery *):<vtdechw1:src> pad has no peer
0:00:00.439181000 11378 0x7fdb2a9809e0 INFO        GST_ELEMENT_PADS gstelement.c:907:GstPad *gst_element_get_static_pad(GstElement *, const gchar *): found pad vtdechw1:src
0:00:00.439186000 11378 0x7fdb2a980b20 INFO        GST_ELEMENT_PADS gstelement.c:907:GstPad *gst_element_get_static_pad(GstElement *, const gchar *): found pad vtdechw0:src
0:00:00.439234000 11378 0x7fdb2a9809e0 INFO                GST_PADS gstpad.c:2290:GstPadLinkReturn gst_pad_link_prepare(GstPad *, GstPad *, GstPadLinkCheck): trying to link vtdechw1:src and decodepad1:proxypad18
0:00:00.439237000 11378 0x7fdb2a980b20 INFO                GST_PADS gstpad.c:2290:GstPadLinkReturn gst_pad_link_prepare(GstPad *, GstPad *, GstPadLinkCheck): trying to link vtdechw0:src and decodepad0:proxypad15
0:00:00.439265000 11378 0x7fdb2a9809e0 INFO                GST_PADS gstpad.c:2496:GstPadLinkReturn gst_pad_link_full(GstPad *, GstPad *, GstPadLinkCheck): linked vtdechw1:src and decodepad1:proxypad18, successful
0:00:00.439268000 11378 0x7fdb2a980b20 INFO                GST_PADS gstpad.c:2496:GstPadLinkReturn gst_pad_link_full(GstPad *, GstPad *, GstPadLinkCheck): linked vtdechw0:src and decodepad0:proxypad15, successful
0:00:00.439292000 11378 0x7fdb2a9809e0 INFO               GST_EVENT gstevent.c:1382:GstEvent *gst_event_new_reconfigure(): creating reconfigure event
0:00:00.439298000 11378 0x7fdb2a980b20 INFO               GST_EVENT gstevent.c:1382:GstEvent *gst_event_new_reconfigure(): creating reconfigure event
0:00:00.439324000 11378 0x7fdb2a9809e0 INFO               GST_EVENT gstpad.c:5599:GstFlowReturn gst_pad_send_event_unchecked(GstPad *, GstEvent *, GstPadProbeType):<vtdechw1:src> Received event on flushing pad. Discarding
0:00:00.439327000 11378 0x7fdb2a980b20 INFO               GST_EVENT gstpad.c:5599:GstFlowReturn gst_pad_send_event_unchecked(GstPad *, GstEvent *, GstPadProbeType):<vtdechw0:src> Received event on flushing pad. Discarding
0:00:00.439365000 11378 0x7fdb2a9809e0 INFO              GST_STATES gstelement.c:2350:GstStateChangeReturn gst_element_continue_state(GstElement *, GstStateChangeReturn):<vtdechw1> completed state change to PAUSED
0:00:00.439368000 11378 0x7fdb2a980b20 INFO              GST_STATES gstelement.c:2350:GstStateChangeReturn gst_element_continue_state(GstElement *, GstStateChangeReturn):<vtdechw0> completed state change to PAUSED
0:00:00.439394000 11378 0x7fdb2a9809e0 INFO              GST_STATES gstelement.c:2255:void _priv_gst_element_state_changed(GstElement *, GstState, GstState, GstState):<vtdechw1> notifying about state-changed READY to PAUSED (VOID_PENDING pending)
0:00:00.439397000 11378 0x7fdb2a980b20 INFO              GST_STATES gstelement.c:2255:void _priv_gst_element_state_changed(GstElement *, GstState, GstState, GstState):<vtdechw0> notifying about state-changed READY to PAUSED (VOID_PENDING pending)
0:00:00.439434000 11378 0x7fdb2a9809e0 FIXME           videodecoder gstvideodecoder.c:1057:GstFlowReturn gst_video_decoder_drain_out(GstVideoDecoder *, gboolean):<vtdechw1> Sub-class should implement drain()
0:00:00.439435000 11378 0x7fdb2a980b20 FIXME           videodecoder gstvideodecoder.c:1057:GstFlowReturn gst_video_decoder_drain_out(GstVideoDecoder *, gboolean):<vtdechw0> Sub-class should implement drain()
0:00:00.439579000 11378 0x7fdb2a9809e0 INFO                GST_PADS gstpad.c:4063:gboolean gst_pad_peer_query(GstPad *, GstQuery *):<'':decodepad1> pad has no peer
0:00:00.439587000 11378 0x7fdb2a980b20 INFO                GST_PADS gstpad.c:4063:gboolean gst_pad_peer_query(GstPad *, GstQuery *):<'':decodepad0> pad has no peer
0:00:00.440021000 11378 0x7fdb2a9809e0 INFO                   vtdec vtdec.c:965:compute_h264_decode_picture_buffer_length:<vtdechw1> parsed profile 100, level 30
0:00:00.440026000 11378 0x7fdb2a980b20 INFO                   vtdec vtdec.c:965:compute_h264_decode_picture_buffer_length:<vtdechw0> parsed profile 100, level 30
0:00:00.440053000 11378 0x7fdb2a9809e0 INFO                   vtdec vtdec.c:1001:gst_vtdec_set_latency:<vtdechw1> setting latency frames:6 time:0:00:00.199999998
0:00:00.440055000 11378 0x7fdb2a980b20 INFO                   vtdec vtdec.c:1001:gst_vtdec_set_latency:<vtdechw0> setting latency frames:6 time:0:00:00.199999998
0:00:00.440146000 11378 0x7fdb28ff44d0 INFO               GST_EVENT gstevent.c:1253:GstEvent *gst_event_new_latency(GstClockTime): creating latency event 0:00:00.000000000
0:00:00.440191000 11378 0x7fdb28ff44d0 INFO                     bin gstbin.c:2593:gboolean gst_bin_do_latency_func(GstBin *):<pipeline0> configured latency of 0:00:00.000000000
0:00:00.440250000 11378 0x7fdb2a980b20 FIXME           videodecoder gstvideodecoder.c:1057:GstFlowReturn gst_video_decoder_drain_out(GstVideoDecoder *, gboolean):<vtdechw0> Sub-class should implement drain()
0:00:00.440254000 11378 0x7fdb2a9809e0 FIXME           videodecoder gstvideodecoder.c:1057:GstFlowReturn gst_video_decoder_drain_out(GstVideoDecoder *, gboolean):<vtdechw1> Sub-class should implement drain()
0:00:00.440272000 11378 0x7fdb28ff44d0 INFO               GST_EVENT gstevent.c:1253:GstEvent *gst_event_new_latency(GstClockTime): creating latency event 0:00:00.000000000
0:00:00.440307000 11378 0x7fdb28ff44d0 INFO                     bin gstbin.c:2593:gboolean gst_bin_do_latency_func(GstBin *):<pipeline1> configured latency of 0:00:00.000000000
0:00:00.440367000 11378 0x7fdb2a980b20 INFO                GST_PADS gstpad.c:4063:gboolean gst_pad_peer_query(GstPad *, GstQuery *):<'':decodepad0> pad has no peer
0:00:00.440370000 11378 0x7fdb2a9809e0 INFO                GST_PADS gstpad.c:4063:gboolean gst_pad_peer_query(GstPad *, GstQuery *):<'':decodepad1> pad has no peer
0:00:00.440879000 11378 0x7fdb2a980b20 INFO                GST_PADS gstpad.c:4063:gboolean gst_pad_peer_query(GstPad *, GstQuery *):<'':decodepad0> pad has no peer
0:00:00.440882000 11378 0x7fdb2a9809e0 INFO                GST_PADS gstpad.c:4063:gboolean gst_pad_peer_query(GstPad *, GstQuery *):<'':decodepad1> pad has no peer
0:00:00.441328000 11378 0x7fdb2a980b20 INFO               h264parse gsth264parse.c:1783:gst_h264_parse_update_src_caps:<h264parse0> PAR 1/1
0:00:00.441329000 11378 0x7fdb2a9809e0 INFO               h264parse gsth264parse.c:1783:gst_h264_parse_update_src_caps:<h264parse1> PAR 1/1
0:00:00.441364000 11378 0x7fdb2a980b20 INFO               baseparse gstbaseparse.c:3847:void gst_base_parse_set_latency(GstBaseParse *, GstClockTime, GstClockTime):<h264parse0> min/max latency 0:00:00.033333333, 0:00:00.033333333
0:00:00.441367000 11378 0x7fdb2a9809e0 INFO               baseparse gstbaseparse.c:3847:void gst_base_parse_set_latency(GstBaseParse *, GstClockTime, GstClockTime):<h264parse1> min/max latency 0:00:00.033333333, 0:00:00.033333333
0:00:00.441636000 11378 0x7fdb2a980b20 INFO                GST_PADS gstpad.c:4063:gboolean gst_pad_peer_query(GstPad *, GstQuery *):<'':decodepad0> pad has no peer
0:00:00.441642000 11378 0x7fdb2a9809e0 INFO                GST_PADS gstpad.c:4063:gboolean gst_pad_peer_query(GstPad *, GstQuery *):<'':decodepad1> pad has no peer
0:00:00.442100000 11378 0x7fdb2a9809e0 INFO               GST_EVENT gstevent.c:760:GstEvent *gst_event_new_segment(const GstSegment *): creating segment event time segment start=0:00:00.396678016, offset=0:00:00.000000000, stop=99:99:99.999999999, rate=1.000000, applied_rate=1.000000, flags=0x00, time=0:00:00.000000000, base=0:00:00.396678016, position 0:00:00.396678016, duration 99:99:99.999999999
0:00:00.442099000 11378 0x7fdb2a980b20 INFO               GST_EVENT gstevent.c:760:GstEvent *gst_event_new_segment(const GstSegment *): creating segment event time segment start=0:00:00.393134607, offset=0:00:00.000000000, stop=99:99:99.999999999, rate=1.000000, applied_rate=1.000000, flags=0x00, time=0:00:00.000000000, base=0:00:00.393134607, position 0:00:00.393134607, duration 99:99:99.999999999
0:00:00.442313000 11378 0x7fdb2a980b20 INFO               h264parse gsth264parse.c:1783:gst_h264_parse_update_src_caps:<h264parse0> PAR 1/1
0:00:00.442316000 11378 0x7fdb2a9809e0 INFO               h264parse gsth264parse.c:1783:gst_h264_parse_update_src_caps:<h264parse1> PAR 1/1
0:00:00.442368000 11378 0x7fdb2a980b20 INFO               baseparse gstbaseparse.c:3847:void gst_base_parse_set_latency(GstBaseParse *, GstClockTime, GstClockTime):<h264parse0> min/max latency 0:00:00.033333333, 0:00:00.033333333
0:00:00.442370000 11378 0x7fdb2a9809e0 INFO               baseparse gstbaseparse.c:3847:void gst_base_parse_set_latency(GstBaseParse *, GstClockTime, GstClockTime):<h264parse1> min/max latency 0:00:00.033333333, 0:00:00.033333333
0:00:00.442635000 11378 0x7fdb2a980b20 INFO                GST_PADS gstpad.c:4063:gboolean gst_pad_peer_query(GstPad *, GstQuery *):<'':decodepad0> pad has no peer
0:00:00.442637000 11378 0x7fdb2a9809e0 INFO                GST_PADS gstpad.c:4063:gboolean gst_pad_peer_query(GstPad *, GstQuery *):<'':decodepad1> pad has no peer
0:00:00.443157000 11378 0x7fdb2a9809e0 INFO               baseparse gstbaseparse.c:3785:void gst_base_parse_set_passthrough(GstBaseParse *, gboolean):<h264parse1> passthrough: yes
0:00:00.443159000 11378 0x7fdb2a980b20 INFO               baseparse gstbaseparse.c:3785:void gst_base_parse_set_passthrough(GstBaseParse *, gboolean):<h264parse0> passthrough: yes
0:00:00.443297000 11378 0x7fdb2a9809e0 INFO                GST_PADS gstpad.c:4063:gboolean gst_pad_peer_query(GstPad *, GstQuery *):<'':decodepad1> pad has no peer
0:00:00.443301000 11378 0x7fdb2a980b20 INFO                GST_PADS gstpad.c:4063:gboolean gst_pad_peer_query(GstPad *, GstQuery *):<'':decodepad0> pad has no peer
0:00:00.443585000 11378 0x7fdb2a9809e0 INFO           basetransform gstbasetransform.c:1367:gboolean gst_base_transform_setcaps(GstBaseTransform *, GstPad *, GstCaps *):<capsfilter1> reuse caps
0:00:00.443592000 11378 0x7fdb2a980b20 INFO           basetransform gstbasetransform.c:1367:gboolean gst_base_transform_setcaps(GstBaseTransform *, GstPad *, GstCaps *):<capsfilter0> reuse caps
0:00:00.443637000 11378 0x7fdb2a9809e0 INFO                GST_PADS gstpad.c:4063:gboolean gst_pad_peer_query(GstPad *, GstQuery *):<'':decodepad1> pad has no peer
0:00:00.443641000 11378 0x7fdb2a980b20 INFO                GST_PADS gstpad.c:4063:gboolean gst_pad_peer_query(GstPad *, GstQuery *):<'':decodepad0> pad has no peer
0:00:00.443682000 11378 0x7fdb2a9809e0 INFO                GST_PADS gstpad.c:4063:gboolean gst_pad_peer_query(GstPad *, GstQuery *):<'':decodepad1> pad has no peer
0:00:00.443685000 11378 0x7fdb2a980b20 INFO                GST_PADS gstpad.c:4063:gboolean gst_pad_peer_query(GstPad *, GstQuery *):<'':decodepad0> pad has no peer
0:00:00.443802000 11378 0x7fdb2a9809e0 INFO                   vtdec vtdec.c:301:gst_vtdec_negotiate:<vtdechw1> negotiated output format video/x-raw, format=(string)NV12, width=(int)640, height=(int)512, interlace-mode=(string)progressive, pixel-aspect-ratio=(fraction)1/1, chroma-site=(string)jpeg, colorimetry=(string)bt601, framerate=(fraction)30/1
0:00:00.443805000 11378 0x7fdb2a980b20 INFO                   vtdec vtdec.c:301:gst_vtdec_negotiate:<vtdechw0> negotiated output format video/x-raw, format=(string)NV12, width=(int)640, height=(int)512, interlace-mode=(string)progressive, pixel-aspect-ratio=(fraction)1/1, chroma-site=(string)jpeg, colorimetry=(string)bt601, framerate=(fraction)30/1
0:00:00.465134000 11378 0x7fdb2a980b20 INFO               GST_EVENT gstevent.c:679:GstEvent *gst_event_new_caps(GstCaps *): creating caps event video/x-raw, format=(string)NV12, width=(int)640, height=(int)512, interlace-mode=(string)progressive, pixel-aspect-ratio=(fraction)1/1, chroma-site=(string)jpeg, colorimetry=(string)bt601, framerate=(fraction)30/1
0:00:00.465135000 11378 0x7fdb2a9809e0 INFO               GST_EVENT gstevent.c:679:GstEvent *gst_event_new_caps(GstCaps *): creating caps event video/x-raw, format=(string)NV12, width=(int)640, height=(int)512, interlace-mode=(string)progressive, pixel-aspect-ratio=(fraction)1/1, chroma-site=(string)jpeg, colorimetry=(string)bt601, framerate=(fraction)30/1
0:00:00.465269000 11378 0x7fdb2a9809e0 INFO        GST_ELEMENT_PADS gstelement.c:659:gboolean gst_element_add_pad(GstElement *, GstPad *):<decodebin1> adding pad 'src_0'
0:00:00.465269000 11378 0x7fdb2a980b20 INFO        GST_ELEMENT_PADS gstelement.c:659:gboolean gst_element_add_pad(GstElement *, GstPad *):<decodebin0> adding pad 'src_0'
0:00:00.465319000 11378 0x7fdb2a9809e0 INFO            GST_PIPELINE grammar.y:499:void gst_parse_found_pad(GstElement *, GstPad *, gpointer): trying delayed linking decodebin1:(NULL) to videoconvert1:(NULL)
0:00:00.465322000 11378 0x7fdb2a980b20 INFO            GST_PIPELINE grammar.y:499:void gst_parse_found_pad(GstElement *, GstPad *, gpointer): trying delayed linking decodebin0:(NULL) to videoconvert0:(NULL)
0:00:00.465385000 11378 0x7fdb2a9809e0 INFO        GST_ELEMENT_PADS gstutils.c:1571:gboolean gst_element_link_pads_full(GstElement *, const gchar *, GstElement *, const gchar *, GstPadLinkCheck): trying to link element decodebin1:(any) to element videoconvert1:(any)
0:00:00.465388000 11378 0x7fdb2a980b20 INFO        GST_ELEMENT_PADS gstutils.c:1571:gboolean gst_element_link_pads_full(GstElement *, const gchar *, GstElement *, const gchar *, GstPadLinkCheck): trying to link element decodebin0:(any) to element videoconvert0:(any)
0:00:00.465422000 11378 0x7fdb2a9809e0 INFO                GST_PADS gstutils.c:932:gboolean gst_pad_check_link(GstPad *, GstPad *): trying to link decodebin1:src_0 and videoconvert1:sink
0:00:00.465423000 11378 0x7fdb2a980b20 INFO                GST_PADS gstutils.c:932:gboolean gst_pad_check_link(GstPad *, GstPad *): trying to link decodebin0:src_0 and videoconvert0:sink
0:00:00.465597000 11378 0x7fdb2a9809e0 INFO                GST_PADS gstutils.c:1444:gboolean prepare_link_maybe_ghosting(GstPad **, GstPad **, GSList **): decodebin1 and videoconvert1 in same bin, no need for ghost pads
0:00:00.465601000 11378 0x7fdb2a980b20 INFO                GST_PADS gstutils.c:1444:gboolean prepare_link_maybe_ghosting(GstPad **, GstPad **, GSList **): decodebin0 and videoconvert0 in same bin, no need for ghost pads
0:00:00.465641000 11378 0x7fdb2a9809e0 INFO                GST_PADS gstpad.c:2290:GstPadLinkReturn gst_pad_link_prepare(GstPad *, GstPad *, GstPadLinkCheck): trying to link decodebin1:src_0 and videoconvert1:sink
0:00:00.465641000 11378 0x7fdb2a980b20 INFO                GST_PADS gstpad.c:2290:GstPadLinkReturn gst_pad_link_prepare(GstPad *, GstPad *, GstPadLinkCheck): trying to link decodebin0:src_0 and videoconvert0:sink
0:00:00.465759000 11378 0x7fdb2a9809e0 INFO                GST_PADS gstpad.c:2496:GstPadLinkReturn gst_pad_link_full(GstPad *, GstPad *, GstPadLinkCheck): linked decodebin1:src_0 and videoconvert1:sink, successful
0:00:00.465763000 11378 0x7fdb2a980b20 INFO                GST_PADS gstpad.c:2496:GstPadLinkReturn gst_pad_link_full(GstPad *, GstPad *, GstPadLinkCheck): linked decodebin0:src_0 and videoconvert0:sink, successful
0:00:00.465802000 11378 0x7fdb2a9809e0 INFO               GST_EVENT gstevent.c:1382:GstEvent *gst_event_new_reconfigure(): creating reconfigure event
0:00:00.465818000 11378 0x7fdb2a980b20 INFO               GST_EVENT gstevent.c:1382:GstEvent *gst_event_new_reconfigure(): creating reconfigure event
0:00:00.465913000 11378 0x7fdb2a9809e0 INFO               decodebin gstdecodebin2.c:4679:gboolean gst_decode_bin_expose(GstDecodeBin *):<decodebin1:src_0> added new decoded pad
0:00:00.465921000 11378 0x7fdb2a980b20 INFO               decodebin gstdecodebin2.c:4679:gboolean gst_decode_bin_expose(GstDecodeBin *):<decodebin0:src_0> added new decoded pad
0:00:00.465935000 11378 0x7fdb2a9809e0 INFO              GST_STATES gstbin.c:3238:void bin_handle_async_done(GstBin *, GstStateChangeReturn, gboolean, GstClockTime):<decodebin1> committing state from READY to PAUSED, old pending PAUSED
0:00:00.465945000 11378 0x7fdb2a980b20 INFO              GST_STATES gstbin.c:3238:void bin_handle_async_done(GstBin *, GstStateChangeReturn, gboolean, GstClockTime):<decodebin0> committing state from READY to PAUSED, old pending PAUSED
0:00:00.465952000 11378 0x7fdb2a9809e0 INFO              GST_STATES gstbin.c:3258:void bin_handle_async_done(GstBin *, GstStateChangeReturn, gboolean, GstClockTime):<decodebin1> completed state change, pending VOID
0:00:00.465998000 11378 0x7fdb2a980b20 INFO              GST_STATES gstbin.c:3258:void bin_handle_async_done(GstBin *, GstStateChangeReturn, gboolean, GstClockTime):<decodebin0> completed state change, pending VOID
0:00:00.466012000 11378 0x7fdb2a9809e0 INFO              GST_STATES gstelement.c:2255:void _priv_gst_element_state_changed(GstElement *, GstState, GstState, GstState):<decodebin1> notifying about state-changed READY to PAUSED (VOID_PENDING pending)
0:00:00.466054000 11378 0x7fdb2a980b20 INFO              GST_STATES gstelement.c:2255:void _priv_gst_element_state_changed(GstElement *, GstState, GstState, GstState):<decodebin0> notifying about state-changed READY to PAUSED (VOID_PENDING pending)
0:00:00.466766000 11378 0x7fdb2a9809e0 INFO               GST_EVENT gstevent.c:679:GstEvent *gst_event_new_caps(GstCaps *): creating caps event video/x-raw, width=(int)640, height=(int)512, interlace-mode=(string)progressive, pixel-aspect-ratio=(fraction)1/1, framerate=(fraction)30/1, format=(string)GRAY8
0:00:00.466766000 11378 0x7fdb2a980b20 INFO               GST_EVENT gstevent.c:679:GstEvent *gst_event_new_caps(GstCaps *): creating caps event video/x-raw, width=(int)640, height=(int)512, interlace-mode=(string)progressive, pixel-aspect-ratio=(fraction)1/1, framerate=(fraction)30/1, format=(string)GRAY8
0:00:00.466843000 11378 0x7fdb2a9809e0 INFO               GST_EVENT gstevent.c:679:GstEvent *gst_event_new_caps(GstCaps *): creating caps event video/x-raw, width=(int)640, height=(int)512, interlace-mode=(string)progressive, pixel-aspect-ratio=(fraction)1/1, framerate=(fraction)30/1, format=(string)GRAY8
0:00:00.466849000 11378 0x7fdb2a980b20 INFO               GST_EVENT gstevent.c:679:GstEvent *gst_event_new_caps(GstCaps *): creating caps event video/x-raw, width=(int)640, height=(int)512, interlace-mode=(string)progressive, pixel-aspect-ratio=(fraction)1/1, framerate=(fraction)30/1, format=(string)GRAY8
0:00:00.468509000 11378 0x7fdb2a980b20 INFO            videodecoder gstvideodecoder.c:1423:gboolean gst_video_decoder_sink_event_default(GstVideoDecoder *, GstEvent *):<vtdechw0> upstream tags: taglist, video-codec=(string)"H.264\ \(High\ Profile\)", bitrate=(uint)1812240;
0:00:00.469182000 11378 0x7fdb2a980b20 INFO           basetransform gstbasetransform.c:1367:gboolean gst_base_transform_setcaps(GstBaseTransform *, GstPad *, GstCaps *):<capsfilter0> reuse caps
0:00:00.472271000 11378 0x7fdb2a9809e0 INFO            videodecoder gstvideodecoder.c:1423:gboolean gst_video_decoder_sink_event_default(GstVideoDecoder *, GstEvent *):<vtdechw1> upstream tags: taglist, video-codec=(string)"H.264\ \(High\ Profile\)", bitrate=(uint)2405040;
0:00:00.472904000 11378 0x7fdb2a9809e0 INFO           basetransform gstbasetransform.c:1367:gboolean gst_base_transform_setcaps(GstBaseTransform *, GstPad *, GstCaps *):<capsfilter1> reuse caps
0:00:00.492265000 11378 0x7fdb2a9c8a80 INFO               GST_EVENT gstevent.c:760:GstEvent *gst_event_new_segment(const GstSegment *): creating segment event time segment start=0:00:00.000000000, offset=0:00:00.000000000, stop=99:99:99.999999999, rate=1.000000, applied_rate=1.000000, flags=0x00, time=0:00:00.000000000, base=0:00:00.000000000, position 0:00:00.000000000, duration 99:99:99.999999999
0:00:00.492320000 11378 0x7fdb2a9c8a80 INFO                 basesrc gstbasesrc.c:2838:void gst_base_src_loop(GstPad *):<udpsrc5> marking pending DISCONT
0:00:00.492442000 11378 0x7fdb2a9c8a80 INFO               GST_EVENT gstevent.c:679:GstEvent *gst_event_new_caps(GstCaps *): creating caps event application/x-rtp, media=(string)video, payload=(int)96, clock-rate=(int)90000, encoding-name=(string)H264, packetization-mode=(string)1, profile-level-id=(string)64001E, sprop-parameter-sets=(string)"Z2QAHqw0yAoBB/wFqAgICgAAB9AAAdTBCA\=\=\,aO48MA\=\=", a-packetization-supported=(string)DH, a-rtppayload-supported=(string)DH, a-framerate=(string)30.000000, a-recvonly=(string)"", ssrc=(uint)649185462, clock-base=(uint)51382, seqnum-base=(uint)51382, npt-start=(guint64)0, play-speed=(double)1, play-scale=(double)1
0:00:00.492493000 11378 0x7fdb2a9c8a80 INFO        GST_ELEMENT_PADS gstelement.c:659:gboolean gst_element_add_pad(GstElement *, GstPad *):<rtpssrcdemux2> adding pad 'src_649185462'
0:00:00.492504000 11378 0x7fdb2a9c8a80 INFO        GST_ELEMENT_PADS gstelement.c:659:gboolean gst_element_add_pad(GstElement *, GstPad *):<rtpssrcdemux2> adding pad 'rtcp_src_649185462'
0:00:00.492549000 11378 0x7fdb2a9c8a80 INFO     GST_ELEMENT_FACTORY gstelementfactory.c:364:GstElement *gst_element_factory_create(GstElementFactory *, const gchar *): creating element "rtpjitterbuffer"
0:00:00.492614000 11378 0x7fdb2a9c8a80 INFO        GST_ELEMENT_PADS gstelement.c:659:gboolean gst_element_add_pad(GstElement *, GstPad *):<GstRtpJitterBuffer@0x7fdb291252f0> adding pad 'src'
0:00:00.492625000 11378 0x7fdb2a9c8a80 INFO        GST_ELEMENT_PADS gstelement.c:659:gboolean gst_element_add_pad(GstElement *, GstPad *):<GstRtpJitterBuffer@0x7fdb291252f0> adding pad 'sink'
0:00:00.492639000 11378 0x7fdb2a9c8a80 INFO     GST_ELEMENT_FACTORY gstelementfactory.c:364:GstElement *gst_element_factory_create(GstElementFactory *, const gchar *): creating element "rtpptdemux"
0:00:00.492656000 11378 0x7fdb2a9c8a80 INFO        GST_ELEMENT_PADS gstelement.c:659:gboolean gst_element_add_pad(GstElement *, GstPad *):<GstRtpPtDemux@0x7fdb298a87e0> adding pad 'sink'
0:00:00.492716000 11378 0x7fdb2a9c8a80 INFO        GST_ELEMENT_PADS gstutils.c:1571:gboolean gst_element_link_pads_full(GstElement *, const gchar *, GstElement *, const gchar *, GstPadLinkCheck): trying to link element rtpjitterbuffer2:src to element rtpptdemux2:sink
0:00:00.492732000 11378 0x7fdb2a9c8a80 INFO        GST_ELEMENT_PADS gstelement.c:907:GstPad *gst_element_get_static_pad(GstElement *, const gchar *): found pad rtpjitterbuffer2:src
0:00:00.492740000 11378 0x7fdb2a9c8a80 INFO        GST_ELEMENT_PADS gstelement.c:907:GstPad *gst_element_get_static_pad(GstElement *, const gchar *): found pad rtpptdemux2:sink
0:00:00.492747000 11378 0x7fdb2a9c8a80 INFO                GST_PADS gstutils.c:1444:gboolean prepare_link_maybe_ghosting(GstPad **, GstPad **, GSList **): rtpjitterbuffer2 and rtpptdemux2 in same bin, no need for ghost pads
0:00:00.492760000 11378 0x7fdb2a9c8a80 INFO                GST_PADS gstpad.c:2290:GstPadLinkReturn gst_pad_link_prepare(GstPad *, GstPad *, GstPadLinkCheck): trying to link rtpjitterbuffer2:src and rtpptdemux2:sink
0:00:00.492770000 11378 0x7fdb2a9c8a80 INFO                GST_PADS gstpad.c:2496:GstPadLinkReturn gst_pad_link_full(GstPad *, GstPad *, GstPadLinkCheck): linked rtpjitterbuffer2:src and rtpptdemux2:sink, successful
0:00:00.492778000 11378 0x7fdb2a9c8a80 INFO               GST_EVENT gstevent.c:1382:GstEvent *gst_event_new_reconfigure(): creating reconfigure event
0:00:00.492786000 11378 0x7fdb2a9c8a80 INFO               GST_EVENT gstpad.c:5599:GstFlowReturn gst_pad_send_event_unchecked(GstPad *, GstEvent *, GstPadProbeType):<rtpjitterbuffer2:src> Received event on flushing pad. Discarding
0:00:00.492801000 11378 0x7fdb2a9c8a80 INFO              GST_STATES gstelement.c:2325:GstStateChangeReturn gst_element_continue_state(GstElement *, GstStateChangeReturn):<rtpptdemux2> committing state from NULL to READY, pending PLAYING, next PAUSED
0:00:00.492811000 11378 0x7fdb2a9c8a80 INFO              GST_STATES gstelement.c:2255:void _priv_gst_element_state_changed(GstElement *, GstState, GstState, GstState):<rtpptdemux2> notifying about state-changed NULL to READY (PLAYING pending)
0:00:00.492835000 11378 0x7fdb2a9c8a80 INFO              GST_STATES gstelement.c:2332:GstStateChangeReturn gst_element_continue_state(GstElement *, GstStateChangeReturn):<rtpptdemux2> continue state change READY to PAUSED, final PLAYING
0:00:00.492853000 11378 0x7fdb2a9c8a80 INFO              GST_STATES gstelement.c:2325:GstStateChangeReturn gst_element_continue_state(GstElement *, GstStateChangeReturn):<rtpptdemux2> committing state from READY to PAUSED, pending PLAYING, next PLAYING
0:00:00.492862000 11378 0x7fdb2a9c8a80 INFO              GST_STATES gstelement.c:2255:void _priv_gst_element_state_changed(GstElement *, GstState, GstState, GstState):<rtpptdemux2> notifying about state-changed READY to PAUSED (PLAYING pending)
0:00:00.492878000 11378 0x7fdb2a9c8a80 INFO              GST_STATES gstelement.c:2332:GstStateChangeReturn gst_element_continue_state(GstElement *, GstStateChangeReturn):<rtpptdemux2> continue state change PAUSED to PLAYING, final PLAYING
0:00:00.492895000 11378 0x7fdb2a9c8a80 INFO              GST_STATES gstelement.c:2350:GstStateChangeReturn gst_element_continue_state(GstElement *, GstStateChangeReturn):<rtpptdemux2> completed state change to PLAYING
0:00:00.492902000 11378 0x7fdb2a9c8a80 INFO              GST_STATES gstelement.c:2255:void _priv_gst_element_state_changed(GstElement *, GstState, GstState, GstState):<rtpptdemux2> notifying about state-changed PAUSED to PLAYING (VOID_PENDING pending)
0:00:00.492922000 11378 0x7fdb2a9c8a80 INFO              GST_STATES gstelement.c:2325:GstStateChangeReturn gst_element_continue_state(GstElement *, GstStateChangeReturn):<rtpjitterbuffer2> committing state from NULL to READY, pending PLAYING, next PAUSED
0:00:00.492932000 11378 0x7fdb2a9c8a80 INFO              GST_STATES gstelement.c:2255:void _priv_gst_element_state_changed(GstElement *, GstState, GstState, GstState):<rtpjitterbuffer2> notifying about state-changed NULL to READY (PLAYING pending)
0:00:00.492954000 11378 0x7fdb2a9c8a80 INFO              GST_STATES gstelement.c:2332:GstStateChangeReturn gst_element_continue_state(GstElement *, GstStateChangeReturn):<rtpjitterbuffer2> continue state change READY to PAUSED, final PLAYING
0:00:00.492991000 11378 0x7fdb2a9c8a80 INFO                    task gsttask.c:450:void gst_task_set_lock(GstTask *, GRecMutex *): setting stream lock 0x7fdb2aa112e0 on task 0x7fdb298a8950
0:00:00.493002000 11378 0x7fdb2a9c8a80 INFO                GST_PADS gstpad.c:5945:gboolean gst_pad_start_task(GstPad *, GstTaskFunction, gpointer, GDestroyNotify):<rtpjitterbuffer2:src> created task 0x7fdb298a8950
0:00:00.493039000 11378 0x7fdb2a9c8a80 INFO              GST_STATES gstelement.c:2325:GstStateChangeReturn gst_element_continue_state(GstElement *, GstStateChangeReturn):<rtpjitterbuffer2> committing state from READY to PAUSED, pending PLAYING, next PLAYING
0:00:00.493054000 11378 0x7fdb2a9c8a80 INFO              GST_STATES gstelement.c:2255:void _priv_gst_element_state_changed(GstElement *, GstState, GstState, GstState):<rtpjitterbuffer2> notifying about state-changed READY to PAUSED (PLAYING pending)
0:00:00.493070000 11378 0x7fdb2a9c8a80 INFO              GST_STATES gstelement.c:2332:GstStateChangeReturn gst_element_continue_state(GstElement *, GstStateChangeReturn):<rtpjitterbuffer2> continue state change PAUSED to PLAYING, final PLAYING
0:00:00.493086000 11378 0x7fdb2a9c8a80 INFO              GST_STATES gstelement.c:2350:GstStateChangeReturn gst_element_continue_state(GstElement *, GstStateChangeReturn):<rtpjitterbuffer2> completed state change to PLAYING
0:00:00.493093000 11378 0x7fdb2a9c8a80 INFO              GST_STATES gstelement.c:2255:void _priv_gst_element_state_changed(GstElement *, GstState, GstState, GstState):<rtpjitterbuffer2> notifying about state-changed PAUSED to PLAYING (VOID_PENDING pending)
0:00:00.493112000 11378 0x7fdb2a9c8a80 INFO        GST_ELEMENT_PADS gstelement.c:907:GstPad *gst_element_get_static_pad(GstElement *, const gchar *): found pad rtpssrcdemux2:src_649185462
0:00:00.493120000 11378 0x7fdb2a9c8a80 INFO        GST_ELEMENT_PADS gstelement.c:907:GstPad *gst_element_get_static_pad(GstElement *, const gchar *): found pad rtpjitterbuffer2:sink
0:00:00.493136000 11378 0x7fdb2a9c8a80 INFO                GST_PADS gstpad.c:2290:GstPadLinkReturn gst_pad_link_prepare(GstPad *, GstPad *, GstPadLinkCheck): trying to link rtpssrcdemux2:src_649185462 and rtpjitterbuffer2:sink
0:00:00.493145000 11378 0x7fdb2a9c8a80 INFO                GST_PADS gstpad.c:2496:GstPadLinkReturn gst_pad_link_full(GstPad *, GstPad *, GstPadLinkCheck): linked rtpssrcdemux2:src_649185462 and rtpjitterbuffer2:sink, successful
0:00:00.493153000 11378 0x7fdb2a9c8a80 INFO               GST_EVENT gstevent.c:1382:GstEvent *gst_event_new_reconfigure(): creating reconfigure event
0:00:00.493174000 11378 0x7fdb2a9c8a80 INFO        GST_ELEMENT_PADS gstelement.c:907:GstPad *gst_element_get_static_pad(GstElement *, const gchar *): found pad rtpssrcdemux2:rtcp_src_649185462
0:00:00.493190000 11378 0x7fdb2a9c8a80 INFO        GST_ELEMENT_PADS gstelement.c:904:GstPad *gst_element_get_static_pad(GstElement *, const gchar *): no such pad 'sink_rtcp' in element "rtpjitterbuffer2"
0:00:00.493217000 11378 0x7fdb2a9c8a80 INFO        GST_ELEMENT_PADS gstelement.c:659:gboolean gst_element_add_pad(GstElement *, GstPad *):<rtpjitterbuffer2> adding pad 'sink_rtcp'
0:00:00.493230000 11378 0x7fdb2a9c8a80 INFO                GST_PADS gstpad.c:2290:GstPadLinkReturn gst_pad_link_prepare(GstPad *, GstPad *, GstPadLinkCheck): trying to link rtpssrcdemux2:rtcp_src_649185462 and rtpjitterbuffer2:sink_rtcp
0:00:00.493239000 11378 0x7fdb2a9c8a80 INFO                GST_PADS gstpad.c:2496:GstPadLinkReturn gst_pad_link_full(GstPad *, GstPad *, GstPadLinkCheck): linked rtpssrcdemux2:rtcp_src_649185462 and rtpjitterbuffer2:sink_rtcp, successful
0:00:00.493247000 11378 0x7fdb2a9c8a80 INFO               GST_EVENT gstevent.c:1382:GstEvent *gst_event_new_reconfigure(): creating reconfigure event
0:00:00.493371000 11378 0x7fdb2a9c8a80 INFO         rtpjitterbuffer rtpjitterbuffer.c:449:calculate_skew: resync to time 0:00:00.371180874, rtptime 0:00:00.640911111
0:00:00.493486000 11378 0x7fdb2a9c88a0 INFO               GST_EVENT gstevent.c:679:GstEvent *gst_event_new_caps(GstCaps *): creating caps event application/x-rtp, media=(string)video, payload=(int)96, clock-rate=(int)90000, encoding-name=(string)H264, packetization-mode=(string)1, profile-level-id=(string)64001E, sprop-parameter-sets=(string)"Z2QAHqw0yAoBB/wFqAgICgAAB9AAAdTBCA\=\=\,aO48MA\=\=", a-packetization-supported=(string)DH, a-rtppayload-supported=(string)DH, a-framerate=(string)30.000000, a-recvonly=(string)"", ssrc=(uint)649185462, clock-base=(uint)51382, seqnum-base=(uint)51382, npt-start=(guint64)0, play-speed=(double)1, play-scale=(double)1
0:00:00.493532000 11378 0x7fdb2a9c88a0 INFO        GST_ELEMENT_PADS gstelement.c:659:gboolean gst_element_add_pad(GstElement *, GstPad *):<rtpptdemux2> adding pad 'src_96'
0:00:00.493573000 11378 0x7fdb2a9c88a0 INFO                GST_PADS gstpad.c:2290:GstPadLinkReturn gst_pad_link_prepare(GstPad *, GstPad *, GstPadLinkCheck): trying to link rtpptdemux2:src_96 and recv_rtp_src_0_649185462_96:proxypad19
0:00:00.493585000 11378 0x7fdb2a9c88a0 INFO                GST_PADS gstpad.c:2496:GstPadLinkReturn gst_pad_link_full(GstPad *, GstPad *, GstPadLinkCheck): linked rtpptdemux2:src_96 and recv_rtp_src_0_649185462_96:proxypad19, successful
0:00:00.493597000 11378 0x7fdb2a9c88a0 INFO               GST_EVENT gstevent.c:1382:GstEvent *gst_event_new_reconfigure(): creating reconfigure event
0:00:00.493631000 11378 0x7fdb2a9c88a0 INFO        GST_ELEMENT_PADS gstelement.c:659:gboolean gst_element_add_pad(GstElement *, GstPad *):<manager> adding pad 'recv_rtp_src_0_649185462_96'
0:00:00.493677000 11378 0x7fdb2a9c88a0 INFO                GST_PADS gstpad.c:2290:GstPadLinkReturn gst_pad_link_prepare(GstPad *, GstPad *, GstPadLinkCheck): trying to link manager:recv_rtp_src_0_649185462_96 and recv_rtp_src_0_649185462_96:proxypad20
0:00:00.493700000 11378 0x7fdb2a9c88a0 INFO                GST_PADS gstpad.c:2496:GstPadLinkReturn gst_pad_link_full(GstPad *, GstPad *, GstPadLinkCheck): linked manager:recv_rtp_src_0_649185462_96 and recv_rtp_src_0_649185462_96:proxypad20, successful
0:00:00.493718000 11378 0x7fdb2a9c88a0 INFO               GST_EVENT gstevent.c:1382:GstEvent *gst_event_new_reconfigure(): creating reconfigure event
0:00:00.493749000 11378 0x7fdb2a9c88a0 INFO        GST_ELEMENT_PADS gstelement.c:659:gboolean gst_element_add_pad(GstElement *, GstPad *):<rtspsrc2> adding pad 'recv_rtp_src_0_649185462_96'
0:00:00.493759000 11378 0x7fdb2a9c88a0 INFO            GST_PIPELINE grammar.y:499:void gst_parse_found_pad(GstElement *, GstPad *, gpointer): trying delayed linking rtspsrc2:(NULL) to queue2-2:(NULL)
0:00:00.493767000 11378 0x7fdb2a9c88a0 INFO        GST_ELEMENT_PADS gstutils.c:1571:gboolean gst_element_link_pads_full(GstElement *, const gchar *, GstElement *, const gchar *, GstPadLinkCheck): trying to link element rtspsrc2:(any) to element queue2-2:(any)
0:00:00.493788000 11378 0x7fdb2a9c88a0 INFO                GST_PADS gstutils.c:932:gboolean gst_pad_check_link(GstPad *, GstPad *): trying to link rtspsrc2:recv_rtp_src_0_649185462_96 and queue2-2:sink
0:00:00.493828000 11378 0x7fdb2a9c88a0 INFO                GST_PADS gstutils.c:1444:gboolean prepare_link_maybe_ghosting(GstPad **, GstPad **, GSList **): rtspsrc2 and queue2-2 in same bin, no need for ghost pads
0:00:00.493845000 11378 0x7fdb2a9c88a0 INFO                GST_PADS gstpad.c:2290:GstPadLinkReturn gst_pad_link_prepare(GstPad *, GstPad *, GstPadLinkCheck): trying to link rtspsrc2:recv_rtp_src_0_649185462_96 and queue2-2:sink
0:00:00.493875000 11378 0x7fdb2a9c88a0 INFO                GST_PADS gstpad.c:2496:GstPadLinkReturn gst_pad_link_full(GstPad *, GstPad *, GstPadLinkCheck): linked rtspsrc2:recv_rtp_src_0_649185462_96 and queue2-2:sink, successful
0:00:00.493884000 11378 0x7fdb2a9c88a0 INFO               GST_EVENT gstevent.c:1382:GstEvent *gst_event_new_reconfigure(): creating reconfigure event
0:00:00.494030000 11378 0x7fdb2a9c88a0 INFO                  queue2 gstqueue2.c:2154:void gst_queue2_locked_enqueue(GstQueue2 *, gpointer, GstQueue2ItemType): got caps: application/x-rtp, media=(string)video, payload=(int)96, clock-rate=(int)90000, encoding-name=(string)H264, packetization-mode=(string)1, profile-level-id=(string)64001E, sprop-parameter-sets=(string)"Z2QAHqw0yAoBB/wFqAgICgAAB9AAAdTBCA\=\=\,aO48MA\=\=", a-packetization-supported=(string)DH, a-rtppayload-supported=(string)DH, a-framerate=(string)30.000000, a-recvonly=(string)"", ssrc=(uint)649185462, clock-base=(uint)51382, seqnum-base=(uint)51382, npt-start=(guint64)0, play-speed=(double)1, play-scale=(double)1
0:00:00.494126000 11378 0x7fdb2a980940 INFO        GST_ELEMENT_PADS gstelement.c:907:GstPad *gst_element_get_static_pad(GstElement *, const gchar *): found pad typefind:src
0:00:00.494140000 11378 0x7fdb2a980940 INFO        GST_ELEMENT_PADS gstelement.c:907:GstPad *gst_element_get_static_pad(GstElement *, const gchar *): found pad typefind:sink
0:00:00.494196000 11378 0x7fdb2a980940 INFO                GST_PADS gstpad.c:2290:GstPadLinkReturn gst_pad_link_prepare(GstPad *, GstPad *, GstPadLinkCheck): trying to link typefind:src and decodepad2:proxypad21
0:00:00.494207000 11378 0x7fdb2a980940 INFO                GST_PADS gstpad.c:2496:GstPadLinkReturn gst_pad_link_full(GstPad *, GstPad *, GstPadLinkCheck): linked typefind:src and decodepad2:proxypad21, successful
0:00:00.494215000 11378 0x7fdb2a980940 INFO               GST_EVENT gstevent.c:1382:GstEvent *gst_event_new_reconfigure(): creating reconfigure event
0:00:00.494253000 11378 0x7fdb2a980940 INFO                typefind gsttypefindelement.c:178:void gst_type_find_element_have_type(GstTypeFindElement *, guint, GstCaps *):<typefind> found caps application/x-rtp, media=(string)video, payload=(int)96, clock-rate=(int)90000, encoding-name=(string)H264, packetization-mode=(string)1, profile-level-id=(string)64001E, sprop-parameter-sets=(string)"Z2QAHqw0yAoBB/wFqAgICgAAB9AAAdTBCA\=\=\,aO48MA\=\=", a-packetization-supported=(string)DH, a-rtppayload-supported=(string)DH, a-framerate=(string)30.000000, a-recvonly=(string)"", ssrc=(uint)649185462, clock-base=(uint)51382, seqnum-base=(uint)51382, npt-start=(guint64)0, play-speed=(double)1, play-scale=(double)1, probability=100
0:00:00.494279000 11378 0x7fdb2a980940 INFO               GST_EVENT gstevent.c:679:GstEvent *gst_event_new_caps(GstCaps *): creating caps event application/x-rtp, media=(string)video, payload=(int)96, clock-rate=(int)90000, encoding-name=(string)H264, packetization-mode=(string)1, profile-level-id=(string)64001E, sprop-parameter-sets=(string)"Z2QAHqw0yAoBB/wFqAgICgAAB9AAAdTBCA\=\=\,aO48MA\=\=", a-packetization-supported=(string)DH, a-rtppayload-supported=(string)DH, a-framerate=(string)30.000000, a-recvonly=(string)"", ssrc=(uint)649185462, clock-base=(uint)51382, seqnum-base=(uint)51382, npt-start=(guint64)0, play-speed=(double)1, play-scale=(double)1
0:00:00.494316000 11378 0x7fdb2a980940 INFO        GST_ELEMENT_PADS gstpad.c:2046:gboolean gst_pad_unlink(GstPad *, GstPad *): unlinking typefind:src(0x7fdb2a994720) and decodepad2:proxypad21(0x7fdb2aa0d8b0)
0:00:00.494332000 11378 0x7fdb2a980940 INFO        GST_ELEMENT_PADS gstpad.c:2100:gboolean gst_pad_unlink(GstPad *, GstPad *): unlinked typefind:src and decodepad2:proxypad21
0:00:00.494349000 11378 0x7fdb2a980940 INFO                GST_PADS gstpad.c:2290:GstPadLinkReturn gst_pad_link_prepare(GstPad *, GstPad *, GstPadLinkCheck): trying to link typefind:src and decodepad2:proxypad21
0:00:00.494357000 11378 0x7fdb2a980940 INFO                GST_PADS gstpad.c:2496:GstPadLinkReturn gst_pad_link_full(GstPad *, GstPad *, GstPadLinkCheck): linked typefind:src and decodepad2:proxypad21, successful
0:00:00.494365000 11378 0x7fdb2a980940 INFO               GST_EVENT gstevent.c:1382:GstEvent *gst_event_new_reconfigure(): creating reconfigure event
0:00:00.495621000 11378 0x7fdb2a980940 INFO        GST_ELEMENT_PADS gstpad.c:2046:gboolean gst_pad_unlink(GstPad *, GstPad *): unlinking typefind:src(0x7fdb2a994720) and decodepad2:proxypad21(0x7fdb2aa0d8b0)
0:00:00.495640000 11378 0x7fdb2a980940 INFO        GST_ELEMENT_PADS gstpad.c:2100:gboolean gst_pad_unlink(GstPad *, GstPad *): unlinked typefind:src and decodepad2:proxypad21
0:00:00.495656000 11378 0x7fdb2a980940 INFO                GST_PADS gstpad.c:2290:GstPadLinkReturn gst_pad_link_prepare(GstPad *, GstPad *, GstPadLinkCheck): trying to link typefind:src and decodepad2:proxypad21
0:00:00.495665000 11378 0x7fdb2a980940 INFO                GST_PADS gstpad.c:2496:GstPadLinkReturn gst_pad_link_full(GstPad *, GstPad *, GstPadLinkCheck): linked typefind:src and decodepad2:proxypad21, successful
0:00:00.495672000 11378 0x7fdb2a980940 INFO               GST_EVENT gstevent.c:1382:GstEvent *gst_event_new_reconfigure(): creating reconfigure event
0:00:00.495690000 11378 0x7fdb2a980940 INFO        GST_ELEMENT_PADS gstpad.c:2046:gboolean gst_pad_unlink(GstPad *, GstPad *): unlinking typefind:src(0x7fdb2a994720) and decodepad2:proxypad21(0x7fdb2aa0d8b0)
0:00:00.495704000 11378 0x7fdb2a980940 INFO        GST_ELEMENT_PADS gstpad.c:2100:gboolean gst_pad_unlink(GstPad *, GstPad *): unlinked typefind:src and decodepad2:proxypad21
0:00:00.495718000 11378 0x7fdb2a980940 INFO     GST_ELEMENT_FACTORY gstelementfactory.c:364:GstElement *gst_element_factory_create(GstElementFactory *, const gchar *): creating element "rtph264depay"
0:00:00.495739000 11378 0x7fdb2a980940 INFO        GST_ELEMENT_PADS gstelement.c:659:gboolean gst_element_add_pad(GstElement *, GstPad *):<GstRTPBaseDepayload@0x7fdb2a9ed7f0> adding pad 'sink'
0:00:00.495756000 11378 0x7fdb2a980940 INFO        GST_ELEMENT_PADS gstelement.c:659:gboolean gst_element_add_pad(GstElement *, GstPad *):<GstRTPBaseDepayload@0x7fdb2a9ed7f0> adding pad 'src'
0:00:00.495784000 11378 0x7fdb2a980940 INFO                GST_PADS gstpad.c:2290:GstPadLinkReturn gst_pad_link_prepare(GstPad *, GstPad *, GstPadLinkCheck): trying to link typefind:src and rtph264depay2:sink
0:00:00.495793000 11378 0x7fdb2a980940 INFO                GST_PADS gstpad.c:2496:GstPadLinkReturn gst_pad_link_full(GstPad *, GstPad *, GstPadLinkCheck): linked typefind:src and rtph264depay2:sink, successful
0:00:00.495801000 11378 0x7fdb2a980940 INFO               GST_EVENT gstevent.c:1382:GstEvent *gst_event_new_reconfigure(): creating reconfigure event
0:00:00.495816000 11378 0x7fdb2a980940 INFO              GST_STATES gstelement.c:2350:GstStateChangeReturn gst_element_continue_state(GstElement *, GstStateChangeReturn):<rtph264depay2> completed state change to READY
0:00:00.495824000 11378 0x7fdb2a980940 INFO              GST_STATES gstelement.c:2255:void _priv_gst_element_state_changed(GstElement *, GstState, GstState, GstState):<rtph264depay2> notifying about state-changed NULL to READY (VOID_PENDING pending)
0:00:00.495864000 11378 0x7fdb2a980940 INFO        GST_ELEMENT_PADS gstelement.c:907:GstPad *gst_element_get_static_pad(GstElement *, const gchar *): found pad rtph264depay2:src
0:00:00.495890000 11378 0x7fdb2a980940 INFO                GST_PADS gstpad.c:2290:GstPadLinkReturn gst_pad_link_prepare(GstPad *, GstPad *, GstPadLinkCheck): trying to link rtph264depay2:src and decodepad2:proxypad21
0:00:00.495900000 11378 0x7fdb2a980940 INFO                GST_PADS gstpad.c:2496:GstPadLinkReturn gst_pad_link_full(GstPad *, GstPad *, GstPadLinkCheck): linked rtph264depay2:src and decodepad2:proxypad21, successful
0:00:00.495910000 11378 0x7fdb2a980940 INFO               GST_EVENT gstevent.c:1382:GstEvent *gst_event_new_reconfigure(): creating reconfigure event
0:00:00.495917000 11378 0x7fdb2a980940 INFO               GST_EVENT gstpad.c:5599:GstFlowReturn gst_pad_send_event_unchecked(GstPad *, GstEvent *, GstPadProbeType):<rtph264depay2:src> Received event on flushing pad. Discarding
