0:00:00.431119000 11378 0x7fdb2a980b20 INFO               GST_EVENT gstevent.c:1382:GstEvent *gst_event_new_reconfigure(): creating reconfigure event
0:00:00.431128000 11378 0x7fdb2a980b20 INFO               GST_EVENT gstpad.c:5599:GstFlowReturn gst_pad_send_event_unchecked(GstPad *, GstEvent *, GstPadProbeType):<rtph264depay0:src> Received event on flushing pad. Discarding
0:00:00.431144000 11378 0x7fdb2c0030a0 INFO        GST_ELEMENT_PADS gstutils.c:1571:gboolean gst_element_link_pads_full(GstElement *, const gchar *, GstElement *, const gchar *, GstPadLinkCheck): trying to link element rtpjitterbuffer1:src to element rtpptdemux1:sink
0:00:00.431169000 11378 0x7fdb2a980b20 INFO              GST_STATES gstelement.c:2350:GstStateChangeReturn gst_element_continue_state(GstElement *, GstStateChangeReturn):<rtph264depay0> completed state change to PAUSED
0:00:00.431205000 11378 0x7fdb2c0030a0 INFO        GST_ELEMENT_PADS gstelement.c:907:GstPad *gst_element_get_static_pad(GstElement *, const gchar *): found pad rtpjitterbuffer1:src
0:00:00.431209000 11378 0x7fdb2a980b20 INFO              GST_STATES gstelement.c:2255:void _priv_gst_element_state_changed(GstElement *, GstState, GstState, GstState):<rtph264depay0> notifying about state-changed READY to PAUSED (VOID_PENDING pending)
0:00:00.431239000 11378 0x7fdb2c0030a0 INFO        GST_ELEMENT_PADS gstelement.c:907:GstPad *gst_element_get_static_pad(GstElement *, const gchar *): found pad rtpptdemux1:sink
0:00:00.431249000 11378 0x7fdb2c0030a0 INFO                GST_PADS gstutils.c:1444:gboolean prepare_link_maybe_ghosting(GstPad **, GstPad **, GSList **): rtpjitterbuffer1 and rtpptdemux1 in same bin, no need for ghost pads
0:00:00.431268000 11378 0x7fdb2c0030a0 INFO                GST_PADS gstpad.c:2290:GstPadLinkReturn gst_pad_link_prepare(GstPad *, GstPad *, GstPadLinkCheck): trying to link rtpjitterbuffer1:src and rtpptdemux1:sink
0:00:00.431279000 11378 0x7fdb2c0030a0 INFO                GST_PADS gstpad.c:2496:GstPadLinkReturn gst_pad_link_full(GstPad *, GstPad *, GstPadLinkCheck): linked rtpjitterbuffer1:src and rtpptdemux1:sink, successful
0:00:00.431290000 11378 0x7fdb2c0030a0 INFO               GST_EVENT gstevent.c:1382:GstEvent *gst_event_new_reconfigure(): creating reconfigure event
0:00:00.431301000 11378 0x7fdb2c0030a0 INFO               GST_EVENT gstpad.c:5599:GstFlowReturn gst_pad_send_event_unchecked(GstPad *, GstEvent *, GstPadProbeType):<rtpjitterbuffer1:src> Received event on flushing pad. Discarding
0:00:00.431317000 11378 0x7fdb2c0030a0 INFO              GST_STATES gstelement.c:2325:GstStateChangeReturn gst_element_continue_state(GstElement *, GstStateChangeReturn):<rtpptdemux1> committing state from NULL to READY, pending PLAYING, next PAUSED
0:00:00.431320000 11378 0x7fdb2a980b20 INFO                GST_PADS gstpad.c:4063:gboolean gst_pad_peer_query(GstPad *, GstQuery *):<'':decodepad0> pad has no peer
0:00:00.431355000 11378 0x7fdb2c0030a0 INFO              GST_STATES gstelement.c:2255:void _priv_gst_element_state_changed(GstElement *, GstState, GstState, GstState):<rtpptdemux1> notifying about state-changed NULL to READY (PLAYING pending)
0:00:00.431379000 11378 0x7fdb2c0030a0 INFO              GST_STATES gstelement.c:2332:GstStateChangeReturn gst_element_continue_state(GstElement *, GstStateChangeReturn):<rtpptdemux1> continue state change READY to PAUSED, final PLAYING
0:00:00.431394000 11378 0x7fdb2c0030a0 INFO              GST_STATES gstelement.c:2325:GstStateChangeReturn gst_element_continue_state(GstElement *, GstStateChangeReturn):<rtpptdemux1> committing state from READY to PAUSED, pending PLAYING, next PLAYING
0:00:00.431407000 11378 0x7fdb2c0030a0 INFO              GST_STATES gstelement.c:2255:void _priv_gst_element_state_changed(GstElement *, GstState, GstState, GstState):<rtpptdemux1> notifying about state-changed READY to PAUSED (PLAYING pending)
0:00:00.431424000 11378 0x7fdb2c0030a0 INFO              GST_STATES gstelement.c:2332:GstStateChangeReturn gst_element_continue_state(GstElement *, GstStateChangeReturn):<rtpptdemux1> continue state change PAUSED to PLAYING, final PLAYING
0:00:00.431418000 11378 0x7fdb2a980b20 INFO               GST_EVENT gstevent.c:679:GstEvent *gst_event_new_caps(GstCaps *): creating caps event video/x-h264, stream-format=(string)avc, alignment=(string)au, codec_data=(buffer)0164001effe100196764001eac34c80a0107fc05a808080a000007d00001d4c10801000468ee3c30, level=(string)3, profile=(string)high
0:00:00.431434000 11378 0x7fdb2c0030a0 INFO              GST_STATES gstelement.c:2350:GstStateChangeReturn gst_element_continue_state(GstElement *, GstStateChangeReturn):<rtpptdemux1> completed state change to PLAYING
0:00:00.431495000 11378 0x7fdb2c0030a0 INFO              GST_STATES gstelement.c:2255:void _priv_gst_element_state_changed(GstElement *, GstState, GstState, GstState):<rtpptdemux1> notifying about state-changed PAUSED to PLAYING (VOID_PENDING pending)
0:00:00.431501000 11378 0x7fdb2a980b20 INFO        GST_ELEMENT_PADS gstpad.c:2046:gboolean gst_pad_unlink(GstPad *, GstPad *): unlinking rtph264depay0:src(0x7fdb298ab920) and decodepad0:proxypad15(0x7fdb29115130)
0:00:00.431531000 11378 0x7fdb2c0030a0 INFO              GST_STATES gstelement.c:2325:GstStateChangeReturn gst_element_continue_state(GstElement *, GstStateChangeReturn):<rtpjitterbuffer1> committing state from NULL to READY, pending PLAYING, next PAUSED
0:00:00.431534000 11378 0x7fdb2a980b20 INFO        GST_ELEMENT_PADS gstpad.c:2100:gboolean gst_pad_unlink(GstPad *, GstPad *): unlinked rtph264depay0:src and decodepad0:proxypad15
0:00:00.431571000 11378 0x7fdb2c0030a0 INFO              GST_STATES gstelement.c:2255:void _priv_gst_element_state_changed(GstElement *, GstState, GstState, GstState):<rtpjitterbuffer1> notifying about state-changed NULL to READY (PLAYING pending)
0:00:00.431596000 11378 0x7fdb2a980b20 INFO                GST_PADS gstpad.c:2290:GstPadLinkReturn gst_pad_link_prepare(GstPad *, GstPad *, GstPadLinkCheck): trying to link rtph264depay0:src and decodepad0:proxypad15
0:00:00.431612000 11378 0x7fdb2a980b20 INFO                GST_PADS gstpad.c:2496:GstPadLinkReturn gst_pad_link_full(GstPad *, GstPad *, GstPadLinkCheck): linked rtph264depay0:src and decodepad0:proxypad15, successful
0:00:00.431615000 11378 0x7fdb2c0030a0 INFO              GST_STATES gstelement.c:2332:GstStateChangeReturn gst_element_continue_state(GstElement *, GstStateChangeReturn):<rtpjitterbuffer1> continue state change READY to PAUSED, final PLAYING
0:00:00.431657000 11378 0x7fdb2a980b20 INFO               GST_EVENT gstevent.c:1382:GstEvent *gst_event_new_reconfigure(): creating reconfigure event
0:00:00.431713000 11378 0x7fdb2c0030a0 INFO                    task gsttask.c:450:void gst_task_set_lock(GstTask *, GRecMutex *): setting stream lock 0x7fdb298ab2d0 on task 0x7fdb298a83b0
0:00:00.431726000 11378 0x7fdb2c0030a0 INFO                GST_PADS gstpad.c:5945:gboolean gst_pad_start_task(GstPad *, GstTaskFunction, gpointer, GDestroyNotify):<rtpjitterbuffer1:src> created task 0x7fdb298a83b0
0:00:00.431771000 11378 0x7fdb2c0030a0 INFO              GST_STATES gstelement.c:2325:GstStateChangeReturn gst_element_continue_state(GstElement *, GstStateChangeReturn):<rtpjitterbuffer1> committing state from READY to PAUSED, pending PLAYING, next PLAYING
0:00:00.431786000 11378 0x7fdb2c0030a0 INFO              GST_STATES gstelement.c:2255:void _priv_gst_element_state_changed(GstElement *, GstState, GstState, GstState):<rtpjitterbuffer1> notifying about state-changed READY to PAUSED (PLAYING pending)
0:00:00.431801000 11378 0x7fdb2c0030a0 INFO              GST_STATES gstelement.c:2332:GstStateChangeReturn gst_element_continue_state(GstElement *, GstStateChangeReturn):<rtpjitterbuffer1> continue state change PAUSED to PLAYING, final PLAYING
0:00:00.431820000 11378 0x7fdb2c0030a0 INFO              GST_STATES gstelement.c:2350:GstStateChangeReturn gst_element_continue_state(GstElement *, GstStateChangeReturn):<rtpjitterbuffer1> completed state change to PLAYING
0:00:00.431831000 11378 0x7fdb2c0030a0 INFO              GST_STATES gstelement.c:2255:void _priv_gst_element_state_changed(GstElement *, GstState, GstState, GstState):<rtpjitterbuffer1> notifying about state-changed PAUSED to PLAYING (VOID_PENDING pending)
0:00:00.431844000 11378 0x7fdb2a980b20 INFO        GST_ELEMENT_PADS gstpad.c:2046:gboolean gst_pad_unlink(GstPad *, GstPad *): unlinking rtph264depay0:src(0x7fdb298ab920) and decodepad0:proxypad15(0x7fdb29115130)
0:00:00.431849000 11378 0x7fdb2c0030a0 INFO        GST_ELEMENT_PADS gstelement.c:907:GstPad *gst_element_get_static_pad(GstElement *, const gchar *): found pad rtpssrcdemux1:src_500121790
0:00:00.431897000 11378 0x7fdb2c0030a0 INFO        GST_ELEMENT_PADS gstelement.c:907:GstPad *gst_element_get_static_pad(GstElement *, const gchar *): found pad rtpjitterbuffer1:sink
0:00:00.431898000 11378 0x7fdb2a980b20 INFO        GST_ELEMENT_PADS gstpad.c:2100:gboolean gst_pad_unlink(GstPad *, GstPad *): unlinked rtph264depay0:src and decodepad0:proxypad15
0:00:00.431934000 11378 0x7fdb2c0030a0 INFO                GST_PADS gstpad.c:2290:GstPadLinkReturn gst_pad_link_prepare(GstPad *, GstPad *, GstPadLinkCheck): trying to link rtpssrcdemux1:src_500121790 and rtpjitterbuffer1:sink
0:00:00.431947000 11378 0x7fdb2c0030a0 INFO                GST_PADS gstpad.c:2496:GstPadLinkReturn gst_pad_link_full(GstPad *, GstPad *, GstPadLinkCheck): linked rtpssrcdemux1:src_500121790 and rtpjitterbuffer1:sink, successful
0:00:00.431949000 11378 0x7fdb2a980b20 INFO                GST_PADS gstpad.c:2290:GstPadLinkReturn gst_pad_link_prepare(GstPad *, GstPad *, GstPadLinkCheck): trying to link rtph264depay0:src and decodepad0:proxypad15
0:00:00.431978000 11378 0x7fdb2c0030a0 INFO               GST_EVENT gstevent.c:1382:GstEvent *gst_event_new_reconfigure(): creating reconfigure event
0:00:00.431984000 11378 0x7fdb2a980b20 INFO                GST_PADS gstpad.c:2496:GstPadLinkReturn gst_pad_link_full(GstPad *, GstPad *, GstPadLinkCheck): linked rtph264depay0:src and decodepad0:proxypad15, successful
0:00:00.432024000 11378 0x7fdb2a980b20 INFO               GST_EVENT gstevent.c:1382:GstEvent *gst_event_new_reconfigure(): creating reconfigure event
0:00:00.432044000 11378 0x7fdb2c0030a0 INFO        GST_ELEMENT_PADS gstelement.c:907:GstPad *gst_element_get_static_pad(GstElement *, const gchar *): found pad rtpssrcdemux1:rtcp_src_500121790
0:00:00.432049000 11378 0x7fdb2a980b20 INFO        GST_ELEMENT_PADS gstpad.c:2046:gboolean gst_pad_unlink(GstPad *, GstPad *): unlinking rtph264depay0:src(0x7fdb298ab920) and decodepad0:proxypad15(0x7fdb29115130)
0:00:00.432057000 11378 0x7fdb2c0030a0 INFO        GST_ELEMENT_PADS gstelement.c:904:GstPad *gst_element_get_static_pad(GstElement *, const gchar *): no such pad 'sink_rtcp' in element "rtpjitterbuffer1"
0:00:00.432095000 11378 0x7fdb2a980b20 INFO        GST_ELEMENT_PADS gstpad.c:2100:gboolean gst_pad_unlink(GstPad *, GstPad *): unlinked rtph264depay0:src and decodepad0:proxypad15
0:00:00.432119000 11378 0x7fdb2c0030a0 INFO        GST_ELEMENT_PADS gstelement.c:659:gboolean gst_element_add_pad(GstElement *, GstPad *):<rtpjitterbuffer1> adding pad 'sink_rtcp'
0:00:00.432136000 11378 0x7fdb2c0030a0 INFO                GST_PADS gstpad.c:2290:GstPadLinkReturn gst_pad_link_prepare(GstPad *, GstPad *, GstPadLinkCheck): trying to link rtpssrcdemux1:rtcp_src_500121790 and rtpjitterbuffer1:sink_rtcp
0:00:00.432146000 11378 0x7fdb2c0030a0 INFO                GST_PADS gstpad.c:2496:GstPadLinkReturn gst_pad_link_full(GstPad *, GstPad *, GstPadLinkCheck): linked rtpssrcdemux1:rtcp_src_500121790 and rtpjitterbuffer1:sink_rtcp, successful
0:00:00.432155000 11378 0x7fdb2c0030a0 INFO               GST_EVENT gstevent.c:1382:GstEvent *gst_event_new_reconfigure(): creating reconfigure event
0:00:00.432274000 11378 0x7fdb2c0030a0 INFO         rtpjitterbuffer rtpjitterbuffer.c:449:calculate_skew: resync to time 0:00:00.396678016, rtptime 0:00:00.284155555
0:00:00.432381000 11378 0x7fdb2c0039e0 INFO               GST_EVENT gstevent.c:679:GstEvent *gst_event_new_caps(GstCaps *): creating caps event application/x-rtp, media=(string)video, payload=(int)96, clock-rate=(int)90000, encoding-name=(string)H264, packetization-mode=(string)1, profile-level-id=(string)64001E, sprop-parameter-sets=(string)"Z2QAHqw0yAoBB/wFqAgICgAAB9AAAdTBCA\=\=\,aO48MA\=\=", a-packetization-supported=(string)DH, a-rtppayload-supported=(string)DH, a-framerate=(string)30.000000, a-recvonly=(string)"", ssrc=(uint)500121790, clock-base=(uint)16574, seqnum-base=(uint)16574, npt-start=(guint64)0, play-speed=(double)1, play-scale=(double)1
0:00:00.432428000 11378 0x7fdb2c0039e0 INFO        GST_ELEMENT_PADS gstelement.c:659:gboolean gst_element_add_pad(GstElement *, GstPad *):<rtpptdemux1> adding pad 'src_96'
0:00:00.432497000 11378 0x7fdb2c0039e0 INFO                GST_PADS gstpad.c:2290:GstPadLinkReturn gst_pad_link_prepare(GstPad *, GstPad *, GstPadLinkCheck): trying to link rtpptdemux1:src_96 and recv_rtp_src_0_500121790_96:proxypad16
0:00:00.432513000 11378 0x7fdb2c0039e0 INFO                GST_PADS gstpad.c:2496:GstPadLinkReturn gst_pad_link_full(GstPad *, GstPad *, GstPadLinkCheck): linked rtpptdemux1:src_96 and recv_rtp_src_0_500121790_96:proxypad16, successful
0:00:00.432530000 11378 0x7fdb2c0039e0 INFO               GST_EVENT gstevent.c:1382:GstEvent *gst_event_new_reconfigure(): creating reconfigure event
0:00:00.432569000 11378 0x7fdb2c0039e0 INFO        GST_ELEMENT_PADS gstelement.c:659:gboolean gst_element_add_pad(GstElement *, GstPad *):<manager> adding pad 'recv_rtp_src_0_500121790_96'
0:00:00.432619000 11378 0x7fdb2c0039e0 INFO                GST_PADS gstpad.c:2290:GstPadLinkReturn gst_pad_link_prepare(GstPad *, GstPad *, GstPadLinkCheck): trying to link manager:recv_rtp_src_0_500121790_96 and recv_rtp_src_0_500121790_96:proxypad17
0:00:00.432639000 11378 0x7fdb2c0039e0 INFO                GST_PADS gstpad.c:2496:GstPadLinkReturn gst_pad_link_full(GstPad *, GstPad *, GstPadLinkCheck): linked manager:recv_rtp_src_0_500121790_96 and recv_rtp_src_0_500121790_96:proxypad17, successful
0:00:00.432648000 11378 0x7fdb2c0039e0 INFO               GST_EVENT gstevent.c:1382:GstEvent *gst_event_new_reconfigure(): creating reconfigure event
0:00:00.432678000 11378 0x7fdb2c0039e0 INFO        GST_ELEMENT_PADS gstelement.c:659:gboolean gst_element_add_pad(GstElement *, GstPad *):<rtspsrc1> adding pad 'recv_rtp_src_0_500121790_96'
0:00:00.432688000 11378 0x7fdb2c0039e0 INFO            GST_PIPELINE grammar.y:499:void gst_parse_found_pad(GstElement *, GstPad *, gpointer): trying delayed linking rtspsrc1:(NULL) to queue2-1:(NULL)
0:00:00.432698000 11378 0x7fdb2c0039e0 INFO        GST_ELEMENT_PADS gstutils.c:1571:gboolean gst_element_link_pads_full(GstElement *, const gchar *, GstElement *, const gchar *, GstPadLinkCheck): trying to link element rtspsrc1:(any) to element queue2-1:(any)
0:00:00.432709000 11378 0x7fdb2c0039e0 INFO                GST_PADS gstutils.c:932:gboolean gst_pad_check_link(GstPad *, GstPad *): trying to link rtspsrc1:recv_rtp_src_0_500121790_96 and queue2-1:sink
0:00:00.432747000 11378 0x7fdb2c0039e0 INFO                GST_PADS gstutils.c:1444:gboolean prepare_link_maybe_ghosting(GstPad **, GstPad **, GSList **): rtspsrc1 and queue2-1 in same bin, no need for ghost pads
0:00:00.432761000 11378 0x7fdb2c0039e0 INFO                GST_PADS gstpad.c:2290:GstPadLinkReturn gst_pad_link_prepare(GstPad *, GstPad *, GstPadLinkCheck): trying to link rtspsrc1:recv_rtp_src_0_500121790_96 and queue2-1:sink
0:00:00.432793000 11378 0x7fdb2c0039e0 INFO                GST_PADS gstpad.c:2496:GstPadLinkReturn gst_pad_link_full(GstPad *, GstPad *, GstPadLinkCheck): linked rtspsrc1:recv_rtp_src_0_500121790_96 and queue2-1:sink, successful
0:00:00.432803000 11378 0x7fdb2c0039e0 INFO               GST_EVENT gstevent.c:1382:GstEvent *gst_event_new_reconfigure(): creating reconfigure event
0:00:00.432959000 11378 0x7fdb2c0039e0 INFO                  queue2 gstqueue2.c:2154:void gst_queue2_locked_enqueue(GstQueue2 *, gpointer, GstQueue2ItemType): got caps: application/x-rtp, media=(string)video, payload=(int)96, clock-rate=(int)90000, encoding-name=(string)H264, packetization-mode=(string)1, profile-level-id=(string)64001E, sprop-parameter-sets=(string)"Z2QAHqw0yAoBB/wFqAgICgAAB9AAAdTBCA\=\=\,aO48MA\=\=", a-packetization-supported=(string)DH, a-rtppayload-supported=(string)DH, a-framerate=(string)30.000000, a-recvonly=(string)"", ssrc=(uint)500121790, clock-base=(uint)16574, seqnum-base=(uint)16574, npt-start=(guint64)0, play-speed=(double)1, play-scale=(double)1
0:00:00.433067000 11378 0x7fdb2a9809e0 INFO        GST_ELEMENT_PADS gstelement.c:907:GstPad *gst_element_get_static_pad(GstElement *, const gchar *): found pad typefind:src
0:00:00.433091000 11378 0x7fdb2a9809e0 INFO        GST_ELEMENT_PADS gstelement.c:907:GstPad *gst_element_get_static_pad(GstElement *, const gchar *): found pad typefind:sink
0:00:00.433156000 11378 0x7fdb2a980b20 INFO      GST_PLUGIN_LOADING gstplugin.c:842:GstPlugin *_priv_gst_plugin_load_file_for_registry(const gchar *, GstRegistry *, GError **): plugin "/Library/Frameworks/GStreamer.framework/Versions/1.0/lib/gstreamer-1.0/libgstvideoparsersbad.so" loaded
0:00:00.433165000 11378 0x7fdb2a9809e0 INFO                GST_PADS gstpad.c:2290:GstPadLinkReturn gst_pad_link_prepare(GstPad *, GstPad *, GstPadLinkCheck): trying to link typefind:src and decodepad1:proxypad18
0:00:00.433212000 11378 0x7fdb2a980b20 INFO     GST_ELEMENT_FACTORY gstelementfactory.c:364:GstElement *gst_element_factory_create(GstElementFactory *, const gchar *): creating element "h264parse"
0:00:00.433213000 11378 0x7fdb2a9809e0 INFO                GST_PADS gstpad.c:2496:GstPadLinkReturn gst_pad_link_full(GstPad *, GstPad *, GstPadLinkCheck): linked typefind:src and decodepad1:proxypad18, successful
0:00:00.433246000 11378 0x7fdb2a9809e0 INFO               GST_EVENT gstevent.c:1382:GstEvent *gst_event_new_reconfigure(): creating reconfigure event
0:00:00.433309000 11378 0x7fdb2a9809e0 INFO                typefind gsttypefindelement.c:178:void gst_type_find_element_have_type(GstTypeFindElement *, guint, GstCaps *):<typefind> found caps application/x-rtp, media=(string)video, payload=(int)96, clock-rate=(int)90000, encoding-name=(string)H264, packetization-mode=(string)1, profile-level-id=(string)64001E, sprop-parameter-sets=(string)"Z2QAHqw0yAoBB/wFqAgICgAAB9AAAdTBCA\=\=\,aO48MA\=\=", a-packetization-supported=(string)DH, a-rtppayload-supported=(string)DH, a-framerate=(string)30.000000, a-recvonly=(string)"", ssrc=(uint)500121790, clock-base=(uint)16574, seqnum-base=(uint)16574, npt-start=(guint64)0, play-speed=(double)1, play-scale=(double)1, probability=100
0:00:00.433353000 11378 0x7fdb2a980b20 INFO        GST_ELEMENT_PADS gstelement.c:659:gboolean gst_element_add_pad(GstElement *, GstPad *):<GstBaseParse@0x7fdb2aa0a250> adding pad 'sink'
0:00:00.433342000 11378 0x7fdb2a9809e0 INFO               GST_EVENT gstevent.c:679:GstEvent *gst_event_new_caps(GstCaps *): creating caps event application/x-rtp, media=(string)video, payload=(int)96, clock-rate=(int)90000, encoding-name=(string)H264, packetization-mode=(string)1, profile-level-id=(string)64001E, sprop-parameter-sets=(string)"Z2QAHqw0yAoBB/wFqAgICgAAB9AAAdTBCA\=\=\,aO48MA\=\=", a-packetization-supported=(string)DH, a-rtppayload-supported=(string)DH, a-framerate=(string)30.000000, a-recvonly=(string)"", ssrc=(uint)500121790, clock-base=(uint)16574, seqnum-base=(uint)16574, npt-start=(guint64)0, play-speed=(double)1, play-scale=(double)1
0:00:00.433410000 11378 0x7fdb2a9809e0 INFO        GST_ELEMENT_PADS gstpad.c:2046:gboolean gst_pad_unlink(GstPad *, GstPad *): unlinking typefind:src(0x7fdb2a97f6b0) and decodepad1:proxypad18(0x7fdb2aa0c630)
0:00:00.433421000 11378 0x7fdb2a980b20 INFO        GST_ELEMENT_PADS gstelement.c:659:gboolean gst_element_add_pad(GstElement *, GstPad *):<GstBaseParse@0x7fdb2aa0a250> adding pad 'src'
0:00:00.433430000 11378 0x7fdb2a9809e0 INFO        GST_ELEMENT_PADS gstpad.c:2100:gboolean gst_pad_unlink(GstPad *, GstPad *): unlinked typefind:src and decodepad1:proxypad18
0:00:00.433448000 11378 0x7fdb2a9809e0 INFO                GST_PADS gstpad.c:2290:GstPadLinkReturn gst_pad_link_prepare(GstPad *, GstPad *, GstPadLinkCheck): trying to link typefind:src and decodepad1:proxypad18
0:00:00.433451000 11378 0x7fdb2a980b20 INFO               baseparse gstbaseparse.c:3804:void gst_base_parse_set_pts_interpolation(GstBaseParse *, gboolean):<GstH264Parse@0x7fdb2aa0a250> PTS interpolation: no
0:00:00.433481000 11378 0x7fdb2a9809e0 INFO                GST_PADS gstpad.c:2496:GstPadLinkReturn gst_pad_link_full(GstPad *, GstPad *, GstPadLinkCheck): linked typefind:src and decodepad1:proxypad18, successful
0:00:00.433493000 11378 0x7fdb2a9809e0 INFO               GST_EVENT gstevent.c:1382:GstEvent *gst_event_new_reconfigure(): creating reconfigure event
0:00:00.433510000 11378 0x7fdb2a980b20 INFO                GST_PADS gstpad.c:2290:GstPadLinkReturn gst_pad_link_prepare(GstPad *, GstPad *, GstPadLinkCheck): trying to link rtph264depay0:src and h264parse0:sink
0:00:00.433523000 11378 0x7fdb2a980b20 INFO                GST_PADS gstpad.c:2496:GstPadLinkReturn gst_pad_link_full(GstPad *, GstPad *, GstPadLinkCheck): linked rtph264depay0:src and h264parse0:sink, successful
0:00:00.433532000 11378 0x7fdb2a980b20 INFO               GST_EVENT gstevent.c:1382:GstEvent *gst_event_new_reconfigure(): creating reconfigure event
0:00:00.433555000 11378 0x7fdb2a980b20 INFO              GST_STATES gstelement.c:2350:GstStateChangeReturn gst_element_continue_state(GstElement *, GstStateChangeReturn):<h264parse0> completed state change to READY
0:00:00.433564000 11378 0x7fdb2a980b20 INFO              GST_STATES gstelement.c:2255:void _priv_gst_element_state_changed(GstElement *, GstState, GstState, GstState):<h264parse0> notifying about state-changed NULL to READY (VOID_PENDING pending)
0:00:00.433601000 11378 0x7fdb2a980b20 INFO        GST_ELEMENT_PADS gstelement.c:907:GstPad *gst_element_get_static_pad(GstElement *, const gchar *): found pad h264parse0:src
0:00:00.433622000 11378 0x7fdb2a980b20 INFO                GST_PADS gstpad.c:2290:GstPadLinkReturn gst_pad_link_prepare(GstPad *, GstPad *, GstPadLinkCheck): trying to link h264parse0:src and decodepad0:proxypad15
0:00:00.433636000 11378 0x7fdb2a980b20 INFO                GST_PADS gstpad.c:2496:GstPadLinkReturn gst_pad_link_full(GstPad *, GstPad *, GstPadLinkCheck): linked h264parse0:src and decodepad0:proxypad15, successful
0:00:00.433645000 11378 0x7fdb2a980b20 INFO               GST_EVENT gstevent.c:1382:GstEvent *gst_event_new_reconfigure(): creating reconfigure event
0:00:00.433653000 11378 0x7fdb2a980b20 INFO               GST_EVENT gstpad.c:5599:GstFlowReturn gst_pad_send_event_unchecked(GstPad *, GstEvent *, GstPadProbeType):<h264parse0:src> Received event on flushing pad. Discarding
0:00:00.434016000 11378 0x7fdb2a980b20 INFO     GST_ELEMENT_FACTORY gstelementfactory.c:364:GstElement *gst_element_factory_create(GstElementFactory *, const gchar *): creating element "capsfilter"
0:00:00.434106000 11378 0x7fdb2a980b20 INFO        GST_ELEMENT_PADS gstelement.c:659:gboolean gst_element_add_pad(GstElement *, GstPad *):<GstBaseTransform@0x7fdb2911cd00> adding pad 'sink'
0:00:00.434137000 11378 0x7fdb2a980b20 INFO        GST_ELEMENT_PADS gstelement.c:659:gboolean gst_element_add_pad(GstElement *, GstPad *):<GstBaseTransform@0x7fdb2911cd00> adding pad 'src'
0:00:00.434160000 11378 0x7fdb2a980b20 INFO               GST_EVENT gstevent.c:1382:GstEvent *gst_event_new_reconfigure(): creating reconfigure event
0:00:00.434172000 11378 0x7fdb2a980b20 INFO              GST_STATES gstelement.c:2325:GstStateChangeReturn gst_element_continue_state(GstElement *, GstStateChangeReturn):<capsfilter0> committing state from NULL to READY, pending PAUSED, next PAUSED
0:00:00.434184000 11378 0x7fdb2a980b20 INFO              GST_STATES gstelement.c:2255:void _priv_gst_element_state_changed(GstElement *, GstState, GstState, GstState):<capsfilter0> notifying about state-changed NULL to READY (PAUSED pending)
0:00:00.434197000 11378 0x7fdb2a980b20 INFO              GST_STATES gstelement.c:2332:GstStateChangeReturn gst_element_continue_state(GstElement *, GstStateChangeReturn):<capsfilter0> continue state change READY to PAUSED, final PAUSED
0:00:00.434212000 11378 0x7fdb2a980b20 INFO              GST_STATES gstelement.c:2350:GstStateChangeReturn gst_element_continue_state(GstElement *, GstStateChangeReturn):<capsfilter0> completed state change to PAUSED
0:00:00.434221000 11378 0x7fdb2a980b20 INFO              GST_STATES gstelement.c:2255:void _priv_gst_element_state_changed(GstElement *, GstState, GstState, GstState):<capsfilter0> notifying about state-changed READY to PAUSED (VOID_PENDING pending)
0:00:00.434242000 11378 0x7fdb2a980b20 INFO        GST_ELEMENT_PADS gstpad.c:2046:gboolean gst_pad_unlink(GstPad *, GstPad *): unlinking h264parse0:src(0x7fdb298abda0) and decodepad0:proxypad15(0x7fdb29115130)
0:00:00.434273000 11378 0x7fdb2a980b20 INFO        GST_ELEMENT_PADS gstpad.c:2100:gboolean gst_pad_unlink(GstPad *, GstPad *): unlinked h264parse0:src and decodepad0:proxypad15
0:00:00.434291000 11378 0x7fdb2a980b20 INFO        GST_ELEMENT_PADS gstelement.c:907:GstPad *gst_element_get_static_pad(GstElement *, const gchar *): found pad capsfilter0:sink
0:00:00.434303000 11378 0x7fdb2a980b20 INFO                GST_PADS gstpad.c:2290:GstPadLinkReturn gst_pad_link_prepare(GstPad *, GstPad *, GstPadLinkCheck): trying to link h264parse0:src and capsfilter0:sink
0:00:00.434313000 11378 0x7fdb2a980b20 INFO                GST_PADS gstpad.c:2496:GstPadLinkReturn gst_pad_link_full(GstPad *, GstPad *, GstPadLinkCheck): linked h264parse0:src and capsfilter0:sink, successful
0:00:00.434322000 11378 0x7fdb2a980b20 INFO               GST_EVENT gstevent.c:1382:GstEvent *gst_event_new_reconfigure(): creating reconfigure event
0:00:00.434329000 11378 0x7fdb2a980b20 INFO               GST_EVENT gstpad.c:5599:GstFlowReturn gst_pad_send_event_unchecked(GstPad *, GstEvent *, GstPadProbeType):<h264parse0:src> Received event on flushing pad. Discarding
0:00:00.434342000 11378 0x7fdb2a980b20 INFO        GST_ELEMENT_PADS gstelement.c:907:GstPad *gst_element_get_static_pad(GstElement *, const gchar *): found pad capsfilter0:src
0:00:00.434354000 11378 0x7fdb2a980b20 INFO                GST_PADS gstpad.c:2290:GstPadLinkReturn gst_pad_link_prepare(GstPad *, GstPad *, GstPadLinkCheck): trying to link capsfilter0:src and decodepad0:proxypad15
0:00:00.434364000 11378 0x7fdb2a980b20 INFO                GST_PADS gstpad.c:2496:GstPadLinkReturn gst_pad_link_full(GstPad *, GstPad *, GstPadLinkCheck): linked capsfilter0:src and decodepad0:proxypad15, successful
0:00:00.434372000 11378 0x7fdb2a980b20 INFO               GST_EVENT gstevent.c:1382:GstEvent *gst_event_new_reconfigure(): creating reconfigure event
0:00:00.434385000 11378 0x7fdb2a980b20 INFO               GST_EVENT gstpad.c:5599:GstFlowReturn gst_pad_send_event_unchecked(GstPad *, GstEvent *, GstPadProbeType):<h264parse0:src> Received event on flushing pad. Discarding
0:00:00.434816000 11378 0x7fdb2a980b20 INFO              GST_STATES gstelement.c:2350:GstStateChangeReturn gst_element_continue_state(GstElement *, GstStateChangeReturn):<h264parse0> completed state change to PAUSED
0:00:00.434831000 11378 0x7fdb2a980b20 INFO              GST_STATES gstelement.c:2255:void _priv_gst_element_state_changed(GstElement *, GstState, GstState, GstState):<h264parse0> notifying about state-changed READY to PAUSED (VOID_PENDING pending)
0:00:00.435152000 11378 0x7fdb2a980b20 INFO                GST_PADS gstpad.c:4063:gboolean gst_pad_peer_query(GstPad *, GstQuery *):<'':decodepad0> pad has no peer
0:00:00.435256000 11378 0x7fdb2a980b20 INFO               h264parse gsth264parse.c:1726:gst_h264_parse_update_src_caps:<h264parse0> resolution changed 640x512
0:00:00.435273000 11378 0x7fdb2a980b20 INFO               h264parse gsth264parse.c:1750:gst_h264_parse_update_src_caps:<h264parse0> pixel aspect ratio has been changed 1/1
0:00:00.435272000 11378 0x7fdb2a9809e0 INFO        GST_ELEMENT_PADS gstpad.c:2046:gboolean gst_pad_unlink(GstPad *, GstPad *): unlinking typefind:src(0x7fdb2a97f6b0) and decodepad1:proxypad18(0x7fdb2aa0c630)
0:00:00.435316000 11378 0x7fdb2a980b20 INFO               h264parse gsth264parse.c:1783:gst_h264_parse_update_src_caps:<h264parse0> PAR 1/1
0:00:00.435320000 11378 0x7fdb2a9809e0 INFO        GST_ELEMENT_PADS gstpad.c:2100:gboolean gst_pad_unlink(GstPad *, GstPad *): unlinked typefind:src and decodepad1:proxypad18
0:00:00.435341000 11378 0x7fdb2a9809e0 INFO                GST_PADS gstpad.c:2290:GstPadLinkReturn gst_pad_link_prepare(GstPad *, GstPad *, GstPadLinkCheck): trying to link typefind:src and decodepad1:proxypad18
0:00:00.435338000 11378 0x7fdb2a980b20 INFO               baseparse gstbaseparse.c:3847:void gst_base_parse_set_latency(GstBaseParse *, GstClockTime, GstClockTime):<h264parse0> min/max latency 0:00:00.033333333, 0:00:00.033333333
0:00:00.435351000 11378 0x7fdb2a9809e0 INFO                GST_PADS gstpad.c:2496:GstPadLinkReturn gst_pad_link_full(GstPad *, GstPad *, GstPadLinkCheck): linked typefind:src and decodepad1:proxypad18, successful
0:00:00.435391000 11378 0x7fdb2a9809e0 INFO               GST_EVENT gstevent.c:1382:GstEvent *gst_event_new_reconfigure(): creating reconfigure event
0:00:00.435415000 11378 0x7fdb2a9809e0 INFO        GST_ELEMENT_PADS gstpad.c:2046:gboolean gst_pad_unlink(GstPad *, GstPad *): unlinking typefind:src(0x7fdb2a97f6b0) and decodepad1:proxypad18(0x7fdb2aa0c630)
0:00:00.435425000 11378 0x7fdb2a980b20 INFO                GST_PADS gstpad.c:4063:gboolean gst_pad_peer_query(GstPad *, GstQuery *):<'':decodepad0> pad has no peer
0:00:00.435452000 11378 0x7fdb2a9809e0 INFO        GST_ELEMENT_PADS gstpad.c:2100:gboolean gst_pad_unlink(GstPad *, GstPad *): unlinked typefind:src and decodepad1:proxypad18
0:00:00.435470000 11378 0x7fdb2a9809e0 INFO     GST_ELEMENT_FACTORY gstelementfactory.c:364:GstElement *gst_element_factory_create(GstElementFactory *, const gchar *): creating element "rtph264depay"
0:00:00.435504000 11378 0x7fdb2a9809e0 INFO        GST_ELEMENT_PADS gstelement.c:659:gboolean gst_element_add_pad(GstElement *, GstPad *):<GstRTPBaseDepayload@0x7fdb2a9ecdb0> adding pad 'sink'
0:00:00.435523000 11378 0x7fdb2a9809e0 INFO        GST_ELEMENT_PADS gstelement.c:659:gboolean gst_element_add_pad(GstElement *, GstPad *):<GstRTPBaseDepayload@0x7fdb2a9ecdb0> adding pad 'src'
0:00:00.435516000 11378 0x7fdb2a980b20 INFO               GST_EVENT gstevent.c:679:GstEvent *gst_event_new_caps(GstCaps *): creating caps event video/x-h264, stream-format=(string)avc, alignment=(string)au, codec_data=(buffer)0164001effe100196764001eac34c80a0107fc05a808080a000007d00001d4c10801000468ee3c30, level=(string)3, profile=(string)high, pixel-aspect-ratio=(fraction)1/1, width=(int)640, height=(int)512, framerate=(fraction)30/1, parsed=(boolean)true
0:00:00.435597000 11378 0x7fdb2a9809e0 INFO                GST_PADS gstpad.c:2290:GstPadLinkReturn gst_pad_link_prepare(GstPad *, GstPad *, GstPadLinkCheck): trying to link typefind:src and rtph264depay1:sink
0:00:00.435612000 11378 0x7fdb2a9809e0 INFO                GST_PADS gstpad.c:2496:GstPadLinkReturn gst_pad_link_full(GstPad *, GstPad *, GstPadLinkCheck): linked typefind:src and rtph264depay1:sink, successful
0:00:00.435622000 11378 0x7fdb2a9809e0 INFO               GST_EVENT gstevent.c:1382:GstEvent *gst_event_new_reconfigure(): creating reconfigure event
0:00:00.435639000 11378 0x7fdb2a9809e0 INFO              GST_STATES gstelement.c:2350:GstStateChangeReturn gst_element_continue_state(GstElement *, GstStateChangeReturn):<rtph264depay1> completed state change to READY
0:00:00.435642000 11378 0x7fdb2a980b20 INFO                GST_PADS gstpad.c:4063:gboolean gst_pad_peer_query(GstPad *, GstQuery *):<'':decodepad0> pad has no peer
0:00:00.435672000 11378 0x7fdb2a9809e0 INFO              GST_STATES gstelement.c:2255:void _priv_gst_element_state_changed(GstElement *, GstState, GstState, GstState):<rtph264depay1> notifying about state-changed NULL to READY (VOID_PENDING pending)
0:00:00.435683000 11378 0x7fdb2a980b20 INFO           basetransform gstbasetransform.c:1367:gboolean gst_base_transform_setcaps(GstBaseTransform *, GstPad *, GstCaps *):<capsfilter0> reuse caps
0:00:00.435698000 11378 0x7fdb2a980b20 INFO               GST_EVENT gstevent.c:679:GstEvent *gst_event_new_caps(GstCaps *): creating caps event video/x-h264, stream-format=(string)avc, alignment=(string)au, codec_data=(buffer)0164001effe100196764001eac34c80a0107fc05a808080a000007d00001d4c10801000468ee3c30, level=(string)3, profile=(string)high, pixel-aspect-ratio=(fraction)1/1, width=(int)640, height=(int)512, framerate=(fraction)30/1, parsed=(boolean)true
0:00:00.435719000 11378 0x7fdb2a9809e0 INFO        GST_ELEMENT_PADS gstelement.c:907:GstPad *gst_element_get_static_pad(GstElement *, const gchar *): found pad rtph264depay1:src
0:00:00.435762000 11378 0x7fdb2a980b20 INFO        GST_ELEMENT_PADS gstpad.c:2046:gboolean gst_pad_unlink(GstPad *, GstPad *): unlinking capsfilter0:src(0x7fdb2aa05480) and decodepad0:proxypad15(0x7fdb29115130)
0:00:00.435764000 11378 0x7fdb2a9809e0 INFO                GST_PADS gstpad.c:2290:GstPadLinkReturn gst_pad_link_prepare(GstPad *, GstPad *, GstPadLinkCheck): trying to link rtph264depay1:src and decodepad1:proxypad18
0:00:00.435809000 11378 0x7fdb2a9809e0 INFO                GST_PADS gstpad.c:2496:GstPadLinkReturn gst_pad_link_full(GstPad *, GstPad *, GstPadLinkCheck): linked rtph264depay1:src and decodepad1:proxypad18, successful
0:00:00.435814000 11378 0x7fdb2a980b20 INFO        GST_ELEMENT_PADS gstpad.c:2100:gboolean gst_pad_unlink(GstPad *, GstPad *): unlinked capsfilter0:src and decodepad0:proxypad15
0:00:00.435842000 11378 0x7fdb2a9809e0 INFO               GST_EVENT gstevent.c:1382:GstEvent *gst_event_new_reconfigure(): creating reconfigure event
0:00:00.435859000 11378 0x7fdb2a980b20 INFO                GST_PADS gstpad.c:2290:GstPadLinkReturn gst_pad_link_prepare(GstPad *, GstPad *, GstPadLinkCheck): trying to link capsfilter0:src and decodepad0:proxypad15
0:00:00.435863000 11378 0x7fdb2a9809e0 INFO               GST_EVENT gstpad.c:5599:GstFlowReturn gst_pad_send_event_unchecked(GstPad *, GstEvent *, GstPadProbeType):<rtph264depay1:src> Received event on flushing pad. Discarding
0:00:00.435891000 11378 0x7fdb2a980b20 INFO                GST_PADS gstpad.c:2496:GstPadLinkReturn gst_pad_link_full(GstPad *, GstPad *, GstPadLinkCheck): linked capsfilter0:src and decodepad0:proxypad15, successful
0:00:00.435903000 11378 0x7fdb2a980b20 INFO               GST_EVENT gstevent.c:1382:GstEvent *gst_event_new_reconfigure(): creating reconfigure event
0:00:00.435919000 11378 0x7fdb2a9809e0 INFO              GST_STATES gstelement.c:2350:GstStateChangeReturn gst_element_continue_state(GstElement *, GstStateChangeReturn):<rtph264depay1> completed state change to PAUSED
0:00:00.435930000 11378 0x7fdb2a9809e0 INFO              GST_STATES gstelement.c:2255:void _priv_gst_element_state_changed(GstElement *, GstState, GstState, GstState):<rtph264depay1> notifying about state-changed READY to PAUSED (VOID_PENDING pending)
0:00:00.435994000 11378 0x7fdb2a9809e0 INFO                GST_PADS gstpad.c:4063:gboolean gst_pad_peer_query(GstPad *, GstQuery *):<'':decodepad1> pad has no peer
0:00:00.436043000 11378 0x7fdb2a980b20 INFO        GST_ELEMENT_PADS gstpad.c:2046:gboolean gst_pad_unlink(GstPad *, GstPad *): unlinking capsfilter0:src(0x7fdb2aa05480) and decodepad0:proxypad15(0x7fdb29115130)
0:00:00.436043000 11378 0x7fdb2a9809e0 INFO               GST_EVENT gstevent.c:679:GstEvent *gst_event_new_caps(GstCaps *): creating caps event video/x-h264, stream-format=(string)avc, alignment=(string)au, codec_data=(buffer)0164001effe100196764001eac34c80a0107fc05a808080a000007d00001d4c10801000468ee3c30, level=(string)3, profile=(string)high
0:00:00.436088000 11378 0x7fdb2a980b20 INFO        GST_ELEMENT_PADS gstpad.c:2100:gboolean gst_pad_unlink(GstPad *, GstPad *): unlinked capsfilter0:src and decodepad0:proxypad15
0:00:00.436096000 11378 0x7fdb2a9809e0 INFO        GST_ELEMENT_PADS gstpad.c:2046:gboolean gst_pad_unlink(GstPad *, GstPad *): unlinking rtph264depay1:src(0x7fdb2aa05d80) and decodepad1:proxypad18(0x7fdb2aa0c630)
0:00:00.436111000 11378 0x7fdb2a980b20 INFO                GST_PADS gstpad.c:2290:GstPadLinkReturn gst_pad_link_prepare(GstPad *, GstPad *, GstPadLinkCheck): trying to link capsfilter0:src and decodepad0:proxypad15
0:00:00.436115000 11378 0x7fdb2a9809e0 INFO        GST_ELEMENT_PADS gstpad.c:2100:gboolean gst_pad_unlink(GstPad *, GstPad *): unlinked rtph264depay1:src and decodepad1:proxypad18
0:00:00.436150000 11378 0x7fdb2a980b20 INFO                GST_PADS gstpad.c:2496:GstPadLinkReturn gst_pad_link_full(GstPad *, GstPad *, GstPadLinkCheck): linked capsfilter0:src and decodepad0:proxypad15, successful
0:00:00.436161000 11378 0x7fdb2a980b20 INFO               GST_EVENT gstevent.c:1382:GstEvent *gst_event_new_reconfigure(): creating reconfigure event
0:00:00.436166000 11378 0x7fdb2a9809e0 INFO                GST_PADS gstpad.c:2290:GstPadLinkReturn gst_pad_link_prepare(GstPad *, GstPad *, GstPadLinkCheck): trying to link rtph264depay1:src and decodepad1:proxypad18
0:00:00.436202000 11378 0x7fdb2a9809e0 INFO                GST_PADS gstpad.c:2496:GstPadLinkReturn gst_pad_link_full(GstPad *, GstPad *, GstPadLinkCheck): linked rtph264depay1:src and decodepad1:proxypad18, successful
0:00:00.436213000 11378 0x7fdb2a9809e0 INFO               GST_EVENT gstevent.c:1382:GstEvent *gst_event_new_reconfigure(): creating reconfigure event
0:00:00.436217000 11378 0x7fdb2a980b20 INFO        GST_ELEMENT_PADS gstpad.c:2046:gboolean gst_pad_unlink(GstPad *, GstPad *): unlinking capsfilter0:src(0x7fdb2aa05480) and decodepad0:proxypad15(0x7fdb29115130)
0:00:00.436254000 11378 0x7fdb2a980b20 INFO        GST_ELEMENT_PADS gstpad.c:2100:gboolean gst_pad_unlink(GstPad *, GstPad *): unlinked capsfilter0:src and decodepad0:proxypad15
0:00:00.436274000 11378 0x7fdb2a980b20 INFO                GST_PADS gstpad.c:2290:GstPadLinkReturn gst_pad_link_prepare(GstPad *, GstPad *, GstPadLinkCheck): trying to link capsfilter0:src and decodepad0:proxypad15
0:00:00.436284000 11378 0x7fdb2a980b20 INFO                GST_PADS gstpad.c:2496:GstPadLinkReturn gst_pad_link_full(GstPad *, GstPad *, GstPadLinkCheck): linked capsfilter0:src and decodepad0:proxypad15, successful
0:00:00.436293000 11378 0x7fdb2a980b20 INFO               GST_EVENT gstevent.c:1382:GstEvent *gst_event_new_reconfigure(): creating reconfigure event
0:00:00.436318000 11378 0x7fdb2a980b20 INFO        GST_ELEMENT_PADS gstpad.c:2046:gboolean gst_pad_unlink(GstPad *, GstPad *): unlinking capsfilter0:src(0x7fdb2aa05480) and decodepad0:proxypad15(0x7fdb29115130)
0:00:00.436334000 11378 0x7fdb2a980b20 INFO        GST_ELEMENT_PADS gstpad.c:2100:gboolean gst_pad_unlink(GstPad *, GstPad *): unlinked capsfilter0:src and decodepad0:proxypad15
0:00:00.436360000 11378 0x7fdb2a9809e0 INFO        GST_ELEMENT_PADS gstpad.c:2046:gboolean gst_pad_unlink(GstPad *, GstPad *): unlinking rtph264depay1:src(0x7fdb2aa05d80) and decodepad1:proxypad18(0x7fdb2aa0c630)
0:00:00.436380000 11378 0x7fdb2a9809e0 INFO        GST_ELEMENT_PADS gstpad.c:2100:gboolean gst_pad_unlink(GstPad *, GstPad *): unlinked rtph264depay1:src and decodepad1:proxypad18
0:00:00.436398000 11378 0x7fdb2a9809e0 INFO                GST_PADS gstpad.c:2290:GstPadLinkReturn gst_pad_link_prepare(GstPad *, GstPad *, GstPadLinkCheck): trying to link rtph264depay1:src and decodepad1:proxypad18
0:00:00.436407000 11378 0x7fdb2a9809e0 INFO                GST_PADS gstpad.c:2496:GstPadLinkReturn gst_pad_link_full(GstPad *, GstPad *, GstPadLinkCheck): linked rtph264depay1:src and decodepad1:proxypad18, successful
0:00:00.436416000 11378 0x7fdb2a9809e0 INFO               GST_EVENT gstevent.c:1382:GstEvent *gst_event_new_reconfigure(): creating reconfigure event
0:00:00.436438000 11378 0x7fdb2a9809e0 INFO        GST_ELEMENT_PADS gstpad.c:2046:gboolean gst_pad_unlink(GstPad *, GstPad *): unlinking rtph264depay1:src(0x7fdb2aa05d80) and decodepad1:proxypad18(0x7fdb2aa0c630)
0:00:00.436453000 11378 0x7fdb2a9809e0 INFO        GST_ELEMENT_PADS gstpad.c:2100:gboolean gst_pad_unlink(GstPad *, GstPad *): unlinked rtph264depay1:src and decodepad1:proxypad18
0:00:00.436468000 11378 0x7fdb2a9809e0 INFO     GST_ELEMENT_FACTORY gstelementfactory.c:364:GstElement *gst_element_factory_create(GstElementFactory *, const gchar *): creating element "h264parse"
0:00:00.436493000 11378 0x7fdb2a9809e0 INFO        GST_ELEMENT_PADS gstelement.c:659:gboolean gst_element_add_pad(GstElement *, GstPad *):<GstBaseParse@0x7fdb2a0d9250> adding pad 'sink'
0:00:00.436512000 11378 0x7fdb2a9809e0 INFO        GST_ELEMENT_PADS gstelement.c:659:gboolean gst_element_add_pad(GstElement *, GstPad *):<GstBaseParse@0x7fdb2a0d9250> adding pad 'src'
0:00:00.436524000 11378 0x7fdb2a9809e0 INFO               baseparse gstbaseparse.c:3804:void gst_base_parse_set_pts_interpolation(GstBaseParse *, gboolean):<GstH264Parse@0x7fdb2a0d9250> PTS interpolation: no
0:00:00.436560000 11378 0x7fdb2a9809e0 INFO                GST_PADS gstpad.c:2290:GstPadLinkReturn gst_pad_link_prepare(GstPad *, GstPad *, GstPadLinkCheck): trying to link rtph264depay1:src and h264parse1:sink
0:00:00.436572000 11378 0x7fdb2a9809e0 INFO                GST_PADS gstpad.c:2496:GstPadLinkReturn gst_pad_link_full(GstPad *, GstPad *, GstPadLinkCheck): linked rtph264depay1:src and h264parse1:sink, successful
0:00:00.436581000 11378 0x7fdb2a9809e0 INFO               GST_EVENT gstevent.c:1382:GstEvent *gst_event_new_reconfigure(): creating reconfigure event
0:00:00.436598000 11378 0x7fdb2a9809e0 INFO              GST_STATES gstelement.c:2350:GstStateChangeReturn gst_element_continue_state(GstElement *, GstStateChangeReturn):<h264parse1> completed state change to READY
0:00:00.436607000 11378 0x7fdb2a9809e0 INFO              GST_STATES gstelement.c:2255:void _priv_gst_element_state_changed(GstElement *, GstState, GstState, GstState):<h264parse1> notifying about state-changed NULL to READY (VOID_PENDING pending)
0:00:00.436634000 11378 0x7fdb2a9809e0 INFO        GST_ELEMENT_PADS gstelement.c:907:GstPad *gst_element_get_static_pad(GstElement *, const gchar *): found pad h264parse1:src
0:00:00.436652000 11378 0x7fdb2a9809e0 INFO                GST_PADS gstpad.c:2290:GstPadLinkReturn gst_pad_link_prepare(GstPad *, GstPad *, GstPadLinkCheck): trying to link h264parse1:src and decodepad1:proxypad18
0:00:00.436662000 11378 0x7fdb2a9809e0 INFO                GST_PADS gstpad.c:2496:GstPadLinkReturn gst_pad_link_full(GstPad *, GstPad *, GstPadLinkCheck): linked h264parse1:src and decodepad1:proxypad18, successful
0:00:00.436675000 11378 0x7fdb2a9809e0 INFO               GST_EVENT gstevent.c:1382:GstEvent *gst_event_new_reconfigure(): creating reconfigure event
0:00:00.436683000 11378 0x7fdb2a9809e0 INFO               GST_EVENT gstpad.c:5599:GstFlowReturn gst_pad_send_event_unchecked(GstPad *, GstEvent *, GstPadProbeType):<h264parse1:src> Received event on flushing pad. Discarding
0:00:00.436832000 11378 0x7fdb2a9809e0 INFO     GST_ELEMENT_FACTORY gstelementfactory.c:364:GstElement *gst_element_factory_create(GstElementFactory *, const gchar *): creating element "capsfilter"
0:00:00.436867000 11378 0x7fdb2a9809e0 INFO        GST_ELEMENT_PADS gstelement.c:659:gboolean gst_element_add_pad(GstElement *, GstPad *):<GstBaseTransform@0x7fdb2911d9c0> adding pad 'sink'
0:00:00.436885000 11378 0x7fdb2a9809e0 INFO        GST_ELEMENT_PADS gstelement.c:659:gboolean gst_element_add_pad(GstElement *, GstPad *):<GstBaseTransform@0x7fdb2911d9c0> adding pad 'src'
0:00:00.436903000 11378 0x7fdb2a9809e0 INFO               GST_EVENT gstevent.c:1382:GstEvent *gst_event_new_reconfigure(): creating reconfigure event
0:00:00.436913000 11378 0x7fdb2a9809e0 INFO              GST_STATES gstelement.c:2325:GstStateChangeReturn gst_element_continue_state(GstElement *, GstStateChangeReturn):<capsfilter1> committing state from NULL to READY, pending PAUSED, next PAUSED
0:00:00.436922000 11378 0x7fdb2a9809e0 INFO              GST_STATES gstelement.c:2255:void _priv_gst_element_state_changed(GstElement *, GstState, GstState, GstState):<capsfilter1> notifying about state-changed NULL to READY (PAUSED pending)
0:00:00.436933000 11378 0x7fdb2a9809e0 INFO              GST_STATES gstelement.c:2332:GstStateChangeReturn gst_element_continue_state(GstElement *, GstStateChangeReturn):<capsfilter1> continue state change READY to PAUSED, final PAUSED
0:00:00.436946000 11378 0x7fdb2a9809e0 INFO              GST_STATES gstelement.c:2350:GstStateChangeReturn gst_element_continue_state(GstElement *, GstStateChangeReturn):<capsfilter1> completed state change to PAUSED
0:00:00.436953000 11378 0x7fdb2a9809e0 INFO              GST_STATES gstelement.c:2255:void _priv_gst_element_state_changed(GstElement *, GstState, GstState, GstState):<capsfilter1> notifying about state-changed READY to PAUSED (VOID_PENDING pending)
0:00:00.436971000 11378 0x7fdb2a9809e0 INFO        GST_ELEMENT_PADS gstpad.c:2046:gboolean gst_pad_unlink(GstPad *, GstPad *): unlinking h264parse1:src(0x7fdb2aa102b0) and decodepad1:proxypad18(0x7fdb2aa0c630)
0:00:00.436993000 11378 0x7fdb2a9809e0 INFO        GST_ELEMENT_PADS gstpad.c:2100:gboolean gst_pad_unlink(GstPad *, GstPad *): unlinked h264parse1:src and decodepad1:proxypad18
0:00:00.437007000 11378 0x7fdb2a9809e0 INFO        GST_ELEMENT_PADS gstelement.c:907:GstPad *gst_element_get_static_pad(GstElement *, const gchar *): found pad capsfilter1:sink
0:00:00.437018000 11378 0x7fdb2a9809e0 INFO                GST_PADS gstpad.c:2290:GstPadLinkReturn gst_pad_link_prepare(GstPad *, GstPad *, GstPadLinkCheck): trying to link h264parse1:src and capsfilter1:sink
0:00:00.437027000 11378 0x7fdb2a9809e0 INFO                GST_PADS gstpad.c:2496:GstPadLinkReturn gst_pad_link_full(GstPad *, GstPad *, GstPadLinkCheck): linked h264parse1:src and capsfilter1:sink, successful
0:00:00.437035000 11378 0x7fdb2a9809e0 INFO               GST_EVENT gstevent.c:1382:GstEvent *gst_event_new_reconfigure(): creating reconfigure event
0:00:00.437042000 11378 0x7fdb2a9809e0 INFO               GST_EVENT gstpad.c:5599:GstFlowReturn gst_pad_send_event_unchecked(GstPad *, GstEvent *, GstPadProbeType):<h264parse1:src> Received event on flushing pad. Discarding
0:00:00.437052000 11378 0x7fdb2a9809e0 INFO        GST_ELEMENT_PADS gstelement.c:907:GstPad *gst_element_get_static_pad(GstElement *, const gchar *): found pad capsfilter1:src
0:00:00.437063000 11378 0x7fdb2a9809e0 INFO                GST_PADS gstpad.c:2290:GstPadLinkReturn gst_pad_link_prepare(GstPad *, GstPad *, GstPadLinkCheck): trying to link capsfilter1:src and decodepad1:proxypad18
0:00:00.437071000 11378 0x7fdb2a9809e0 INFO                GST_PADS gstpad.c:2496:GstPadLinkReturn gst_pad_link_full(GstPad *, GstPad *, GstPadLinkCheck): linked capsfilter1:src and decodepad1:proxypad18, successful
0:00:00.437079000 11378 0x7fdb2a9809e0 INFO               GST_EVENT gstevent.c:1382:GstEvent *gst_event_new_reconfigure(): creating reconfigure event
0:00:00.437086000 11378 0x7fdb2a9809e0 INFO               GST_EVENT gstpad.c:5599:GstFlowReturn gst_pad_send_event_unchecked(GstPad *, GstEvent *, GstPadProbeType):<h264parse1:src> Received event on flushing pad. Discarding
0:00:00.437252000 11378 0x7fdb2a9809e0 INFO              GST_STATES gstelement.c:2350:GstStateChangeReturn gst_element_continue_state(GstElement *, GstStateChangeReturn):<h264parse1> completed state change to PAUSED
0:00:00.437262000 11378 0x7fdb2a9809e0 INFO              GST_STATES gstelement.c:2255:void _priv_gst_element_state_changed(GstElement *, GstState, GstState, GstState):<h264parse1> notifying about state-changed READY to PAUSED (VOID_PENDING pending)
0:00:00.437340000 11378 0x7fdb2a9809e0 INFO                GST_PADS gstpad.c:4063:gboolean gst_pad_peer_query(GstPad *, GstQuery *):<'':decodepad1> pad has no peer
0:00:00.437420000 11378 0x7fdb2a9809e0 INFO               h264parse gsth264parse.c:1726:gst_h264_parse_update_src_caps:<h264parse1> resolution changed 640x512
0:00:00.437430000 11378 0x7fdb2a9809e0 INFO               h264parse gsth264parse.c:1750:gst_h264_parse_update_src_caps:<h264parse1> pixel aspect ratio has been changed 1/1
0:00:00.437441000 11378 0x7fdb2a9809e0 INFO               h264parse gsth264parse.c:1783:gst_h264_parse_update_src_caps:<h264parse1> PAR 1/1
0:00:00.437452000 11378 0x7fdb2a9809e0 INFO               baseparse gstbaseparse.c:3847:void gst_base_parse_set_latency(GstBaseParse *, GstClockTime, GstClockTime):<h264parse1> min/max latency 0:00:00.033333333, 0:00:00.033333333
0:00:00.437486000 11378 0x7fdb2a9809e0 INFO                GST_PADS gstpad.c:4063:gboolean gst_pad_peer_query(GstPad *, GstQuery *):<'':decodepad1> pad has no peer
0:00:00.437547000 11378 0x7fdb2a9809e0 INFO               GST_EVENT gstevent.c:679:GstEvent *gst_event_new_caps(GstCaps *): creating caps event video/x-h264, stream-format=(string)avc, alignment=(string)au, codec_data=(buffer)0164001effe100196764001eac34c80a0107fc05a808080a000007d00001d4c10801000468ee3c30, level=(string)3, profile=(string)high, pixel-aspect-ratio=(fraction)1/1, width=(int)640, height=(int)512, framerate=(fraction)30/1, parsed=(boolean)true
0:00:00.437614000 11378 0x7fdb2a9809e0 INFO                GST_PADS gstpad.c:4063:gboolean gst_pad_peer_query(GstPad *, GstQuery *):<'':decodepad1> pad has no peer
