0:00:00.266250000 11378 0x7fdb2a980990 INFO              GST_STATES gstelement.c:2325:GstStateChangeReturn gst_element_continue_state(GstElement *, GstStateChangeReturn):<rtpssrcdemux1> committing state from NULL to READY, pending PAUSED, next PAUSED
0:00:00.266252000 11378 0x7fdb2a980b70 INFO              GST_STATES gstelement.c:2325:GstStateChangeReturn gst_element_continue_state(GstElement *, GstStateChangeReturn):<rtpssrcdemux0> committing state from NULL to READY, pending PAUSED, next PAUSED
0:00:00.266302000 11378 0x7fdb2a980990 INFO              GST_STATES gstelement.c:2255:void _priv_gst_element_state_changed(GstElement *, GstState, GstState, GstState):<rtpssrcdemux1> notifying about state-changed NULL to READY (PAUSED pending)
0:00:00.266307000 11378 0x7fdb2a980b70 INFO              GST_STATES gstelement.c:2255:void _priv_gst_element_state_changed(GstElement *, GstState, GstState, GstState):<rtpssrcdemux0> notifying about state-changed NULL to READY (PAUSED pending)
0:00:00.266364000 11378 0x7fdb2a980990 INFO              GST_STATES gstelement.c:2332:GstStateChangeReturn gst_element_continue_state(GstElement *, GstStateChangeReturn):<rtpssrcdemux1> continue state change READY to PAUSED, final PAUSED
0:00:00.266365000 11378 0x7fdb2a980b70 INFO              GST_STATES gstelement.c:2332:GstStateChangeReturn gst_element_continue_state(GstElement *, GstStateChangeReturn):<rtpssrcdemux0> continue state change READY to PAUSED, final PAUSED
0:00:00.266414000 11378 0x7fdb2a980990 INFO              GST_STATES gstelement.c:2350:GstStateChangeReturn gst_element_continue_state(GstElement *, GstStateChangeReturn):<rtpssrcdemux1> completed state change to PAUSED
0:00:00.266418000 11378 0x7fdb2a980b70 INFO              GST_STATES gstelement.c:2350:GstStateChangeReturn gst_element_continue_state(GstElement *, GstStateChangeReturn):<rtpssrcdemux0> completed state change to PAUSED
0:00:00.266461000 11378 0x7fdb2a980b70 INFO              GST_STATES gstelement.c:2255:void _priv_gst_element_state_changed(GstElement *, GstState, GstState, GstState):<rtpssrcdemux0> notifying about state-changed READY to PAUSED (VOID_PENDING pending)
0:00:00.266460000 11378 0x7fdb2a980990 INFO              GST_STATES gstelement.c:2255:void _priv_gst_element_state_changed(GstElement *, GstState, GstState, GstState):<rtpssrcdemux1> notifying about state-changed READY to PAUSED (VOID_PENDING pending)
0:00:00.266538000 11378 0x7fdb2a980b70 INFO              GST_STATES gstelement.c:2325:GstStateChangeReturn gst_element_continue_state(GstElement *, GstStateChangeReturn):<rtpsession0> committing state from NULL to READY, pending PAUSED, next PAUSED
0:00:00.266564000 11378 0x7fdb2a980b70 INFO              GST_STATES gstelement.c:2255:void _priv_gst_element_state_changed(GstElement *, GstState, GstState, GstState):<rtpsession0> notifying about state-changed NULL to READY (PAUSED pending)
0:00:00.266564000 11378 0x7fdb2a980990 INFO              GST_STATES gstelement.c:2325:GstStateChangeReturn gst_element_continue_state(GstElement *, GstStateChangeReturn):<rtpsession1> committing state from NULL to READY, pending PAUSED, next PAUSED
0:00:00.266637000 11378 0x7fdb2a980990 INFO              GST_STATES gstelement.c:2255:void _priv_gst_element_state_changed(GstElement *, GstState, GstState, GstState):<rtpsession1> notifying about state-changed NULL to READY (PAUSED pending)
0:00:00.266647000 11378 0x7fdb2a980b70 INFO              GST_STATES gstelement.c:2332:GstStateChangeReturn gst_element_continue_state(GstElement *, GstStateChangeReturn):<rtpsession0> continue state change READY to PAUSED, final PAUSED
0:00:00.266670000 11378 0x7fdb2a980b70 INFO              GST_STATES gstelement.c:2350:GstStateChangeReturn gst_element_continue_state(GstElement *, GstStateChangeReturn):<rtpsession0> completed state change to PAUSED
0:00:00.266670000 11378 0x7fdb2a980990 INFO              GST_STATES gstelement.c:2332:GstStateChangeReturn gst_element_continue_state(GstElement *, GstStateChangeReturn):<rtpsession1> continue state change READY to PAUSED, final PAUSED
0:00:00.266713000 11378 0x7fdb2a980b70 INFO              GST_STATES gstelement.c:2255:void _priv_gst_element_state_changed(GstElement *, GstState, GstState, GstState):<rtpsession0> notifying about state-changed READY to PAUSED (VOID_PENDING pending)
0:00:00.266721000 11378 0x7fdb2a980990 INFO              GST_STATES gstelement.c:2350:GstStateChangeReturn gst_element_continue_state(GstElement *, GstStateChangeReturn):<rtpsession1> completed state change to PAUSED
0:00:00.266790000 11378 0x7fdb2a980990 INFO              GST_STATES gstelement.c:2255:void _priv_gst_element_state_changed(GstElement *, GstState, GstState, GstState):<rtpsession1> notifying about state-changed READY to PAUSED (VOID_PENDING pending)
0:00:00.266803000 11378 0x7fdb2a980b70 INFO        GST_ELEMENT_PADS gstelement.c:904:GstPad *gst_element_get_static_pad(GstElement *, const gchar *): no such pad 'recv_rtp_sink' in element "rtpsession0"
0:00:00.266826000 11378 0x7fdb2a980990 INFO        GST_ELEMENT_PADS gstelement.c:904:GstPad *gst_element_get_static_pad(GstElement *, const gchar *): no such pad 'recv_rtp_sink' in element "rtpsession1"
0:00:00.266854000 11378 0x7fdb2a980b70 INFO        GST_ELEMENT_PADS gstelement.c:659:gboolean gst_element_add_pad(GstElement *, GstPad *):<rtpsession0> adding pad 'recv_rtp_sink'
0:00:00.266930000 11378 0x7fdb2a980990 INFO        GST_ELEMENT_PADS gstelement.c:659:gboolean gst_element_add_pad(GstElement *, GstPad *):<rtpsession1> adding pad 'recv_rtp_sink'
0:00:00.266946000 11378 0x7fdb2a980b70 INFO        GST_ELEMENT_PADS gstelement.c:659:gboolean gst_element_add_pad(GstElement *, GstPad *):<rtpsession0> adding pad 'recv_rtp_src'
0:00:00.267023000 11378 0x7fdb2a980990 INFO        GST_ELEMENT_PADS gstelement.c:659:gboolean gst_element_add_pad(GstElement *, GstPad *):<rtpsession1> adding pad 'recv_rtp_src'
0:00:00.267069000 11378 0x7fdb2a980b70 INFO                GST_PADS gstpad.c:2290:GstPadLinkReturn gst_pad_link_prepare(GstPad *, GstPad *, GstPadLinkCheck): trying to link recv_rtp_sink_0:proxypad3 and rtpsession0:recv_rtp_sink
0:00:00.267088000 11378 0x7fdb2a980b70 INFO                GST_PADS gstpad.c:2496:GstPadLinkReturn gst_pad_link_full(GstPad *, GstPad *, GstPadLinkCheck): linked recv_rtp_sink_0:proxypad3 and rtpsession0:recv_rtp_sink, successful
0:00:00.267100000 11378 0x7fdb2a980b70 INFO               GST_EVENT gstevent.c:1382:GstEvent *gst_event_new_reconfigure(): creating reconfigure event
0:00:00.267099000 11378 0x7fdb2a980990 INFO                GST_PADS gstpad.c:2290:GstPadLinkReturn gst_pad_link_prepare(GstPad *, GstPad *, GstPadLinkCheck): trying to link recv_rtp_sink_0:proxypad4 and rtpsession1:recv_rtp_sink
0:00:00.267143000 11378 0x7fdb2a980990 INFO                GST_PADS gstpad.c:2496:GstPadLinkReturn gst_pad_link_full(GstPad *, GstPad *, GstPadLinkCheck): linked recv_rtp_sink_0:proxypad4 and rtpsession1:recv_rtp_sink, successful
0:00:00.267150000 11378 0x7fdb2a980b70 INFO        GST_ELEMENT_PADS gstelement.c:659:gboolean gst_element_add_pad(GstElement *, GstPad *):<manager> adding pad 'recv_rtp_sink_0'
0:00:00.267198000 11378 0x7fdb2a980990 INFO               GST_EVENT gstevent.c:1382:GstEvent *gst_event_new_reconfigure(): creating reconfigure event
0:00:00.267213000 11378 0x7fdb2a980b70 INFO        GST_ELEMENT_PADS gstelement.c:907:GstPad *gst_element_get_static_pad(GstElement *, const gchar *): found pad rtpsession0:recv_rtp_src
0:00:00.267231000 11378 0x7fdb2a980b70 INFO        GST_ELEMENT_PADS gstelement.c:907:GstPad *gst_element_get_static_pad(GstElement *, const gchar *): found pad rtpssrcdemux0:sink
0:00:00.267232000 11378 0x7fdb2a980990 INFO        GST_ELEMENT_PADS gstelement.c:659:gboolean gst_element_add_pad(GstElement *, GstPad *):<manager> adding pad 'recv_rtp_sink_0'
0:00:00.267277000 11378 0x7fdb2a980b70 INFO                GST_PADS gstpad.c:2290:GstPadLinkReturn gst_pad_link_prepare(GstPad *, GstPad *, GstPadLinkCheck): trying to link rtpsession0:recv_rtp_src and rtpssrcdemux0:sink
0:00:00.267278000 11378 0x7fdb2a980990 INFO        GST_ELEMENT_PADS gstelement.c:907:GstPad *gst_element_get_static_pad(GstElement *, const gchar *): found pad rtpsession1:recv_rtp_src
0:00:00.267317000 11378 0x7fdb2a980b70 INFO                GST_PADS gstpad.c:2496:GstPadLinkReturn gst_pad_link_full(GstPad *, GstPad *, GstPadLinkCheck): linked rtpsession0:recv_rtp_src and rtpssrcdemux0:sink, successful
0:00:00.267325000 11378 0x7fdb2a980990 INFO        GST_ELEMENT_PADS gstelement.c:907:GstPad *gst_element_get_static_pad(GstElement *, const gchar *): found pad rtpssrcdemux1:sink
0:00:00.267358000 11378 0x7fdb2a980b70 INFO               GST_EVENT gstevent.c:1382:GstEvent *gst_event_new_reconfigure(): creating reconfigure event
0:00:00.267372000 11378 0x7fdb2a980990 INFO                GST_PADS gstpad.c:2290:GstPadLinkReturn gst_pad_link_prepare(GstPad *, GstPad *, GstPadLinkCheck): trying to link rtpsession1:recv_rtp_src and rtpssrcdemux1:sink
0:00:00.267388000 11378 0x7fdb2a980990 INFO                GST_PADS gstpad.c:2496:GstPadLinkReturn gst_pad_link_full(GstPad *, GstPad *, GstPadLinkCheck): linked rtpsession1:recv_rtp_src and rtpssrcdemux1:sink, successful
0:00:00.267400000 11378 0x7fdb2a980990 INFO               GST_EVENT gstevent.c:1382:GstEvent *gst_event_new_reconfigure(): creating reconfigure event
0:00:00.267406000 11378 0x7fdb2a980b70 INFO        GST_ELEMENT_PADS gstelement.c:904:GstPad *gst_element_get_static_pad(GstElement *, const gchar *): no such pad 'recv_rtcp_sink_0' in element "manager"
0:00:00.267423000 11378 0x7fdb2a980b70 INFO        GST_ELEMENT_PADS gstelement.c:904:GstPad *gst_element_get_static_pad(GstElement *, const gchar *): no such pad 'recv_rtcp_sink' in element "rtpsession0"
0:00:00.267432000 11378 0x7fdb2a980990 INFO        GST_ELEMENT_PADS gstelement.c:904:GstPad *gst_element_get_static_pad(GstElement *, const gchar *): no such pad 'recv_rtcp_sink_0' in element "manager"
0:00:00.267447000 11378 0x7fdb2a980990 INFO        GST_ELEMENT_PADS gstelement.c:904:GstPad *gst_element_get_static_pad(GstElement *, const gchar *): no such pad 'recv_rtcp_sink' in element "rtpsession1"
0:00:00.267459000 11378 0x7fdb2a980b70 INFO        GST_ELEMENT_PADS gstelement.c:659:gboolean gst_element_add_pad(GstElement *, GstPad *):<rtpsession0> adding pad 'recv_rtcp_sink'
0:00:00.267493000 11378 0x7fdb2a980990 INFO        GST_ELEMENT_PADS gstelement.c:659:gboolean gst_element_add_pad(GstElement *, GstPad *):<rtpsession1> adding pad 'recv_rtcp_sink'
0:00:00.267509000 11378 0x7fdb2a980b70 INFO        GST_ELEMENT_PADS gstelement.c:659:gboolean gst_element_add_pad(GstElement *, GstPad *):<rtpsession0> adding pad 'sync_src'
0:00:00.267588000 11378 0x7fdb2a980990 INFO        GST_ELEMENT_PADS gstelement.c:659:gboolean gst_element_add_pad(GstElement *, GstPad *):<rtpsession1> adding pad 'sync_src'
0:00:00.267590000 11378 0x7fdb2a980b70 INFO        GST_ELEMENT_PADS gstelement.c:907:GstPad *gst_element_get_static_pad(GstElement *, const gchar *): found pad rtpsession0:sync_src
0:00:00.267645000 11378 0x7fdb2a980b70 INFO        GST_ELEMENT_PADS gstelement.c:907:GstPad *gst_element_get_static_pad(GstElement *, const gchar *): found pad rtpssrcdemux0:rtcp_sink
0:00:00.267653000 11378 0x7fdb2a980990 INFO        GST_ELEMENT_PADS gstelement.c:907:GstPad *gst_element_get_static_pad(GstElement *, const gchar *): found pad rtpsession1:sync_src
0:00:00.267666000 11378 0x7fdb2a980b70 INFO                GST_PADS gstpad.c:2290:GstPadLinkReturn gst_pad_link_prepare(GstPad *, GstPad *, GstPadLinkCheck): trying to link rtpsession0:sync_src and rtpssrcdemux0:rtcp_sink
0:00:00.267668000 11378 0x7fdb2a980990 INFO        GST_ELEMENT_PADS gstelement.c:907:GstPad *gst_element_get_static_pad(GstElement *, const gchar *): found pad rtpssrcdemux1:rtcp_sink
0:00:00.267705000 11378 0x7fdb2a980b70 INFO                GST_PADS gstpad.c:2496:GstPadLinkReturn gst_pad_link_full(GstPad *, GstPad *, GstPadLinkCheck): linked rtpsession0:sync_src and rtpssrcdemux0:rtcp_sink, successful
0:00:00.267719000 11378 0x7fdb2a980b70 INFO               GST_EVENT gstevent.c:1382:GstEvent *gst_event_new_reconfigure(): creating reconfigure event
0:00:00.267717000 11378 0x7fdb2a980990 INFO                GST_PADS gstpad.c:2290:GstPadLinkReturn gst_pad_link_prepare(GstPad *, GstPad *, GstPadLinkCheck): trying to link rtpsession1:sync_src and rtpssrcdemux1:rtcp_sink
0:00:00.267757000 11378 0x7fdb2a980990 INFO                GST_PADS gstpad.c:2496:GstPadLinkReturn gst_pad_link_full(GstPad *, GstPad *, GstPadLinkCheck): linked rtpsession1:sync_src and rtpssrcdemux1:rtcp_sink, successful
0:00:00.267772000 11378 0x7fdb2a980990 INFO               GST_EVENT gstevent.c:1382:GstEvent *gst_event_new_reconfigure(): creating reconfigure event
0:00:00.267797000 11378 0x7fdb2a980b70 INFO                GST_PADS gstpad.c:2290:GstPadLinkReturn gst_pad_link_prepare(GstPad *, GstPad *, GstPadLinkCheck): trying to link recv_rtcp_sink_0:proxypad5 and rtpsession0:recv_rtcp_sink
0:00:00.267813000 11378 0x7fdb2a980b70 INFO                GST_PADS gstpad.c:2496:GstPadLinkReturn gst_pad_link_full(GstPad *, GstPad *, GstPadLinkCheck): linked recv_rtcp_sink_0:proxypad5 and rtpsession0:recv_rtcp_sink, successful
0:00:00.267818000 11378 0x7fdb2a980990 INFO                GST_PADS gstpad.c:2290:GstPadLinkReturn gst_pad_link_prepare(GstPad *, GstPad *, GstPadLinkCheck): trying to link recv_rtcp_sink_0:proxypad6 and rtpsession1:recv_rtcp_sink
0:00:00.267856000 11378 0x7fdb2a980b70 INFO               GST_EVENT gstevent.c:1382:GstEvent *gst_event_new_reconfigure(): creating reconfigure event
0:00:00.267867000 11378 0x7fdb2a980990 INFO                GST_PADS gstpad.c:2496:GstPadLinkReturn gst_pad_link_full(GstPad *, GstPad *, GstPadLinkCheck): linked recv_rtcp_sink_0:proxypad6 and rtpsession1:recv_rtcp_sink, successful
0:00:00.267918000 11378 0x7fdb2a980990 INFO               GST_EVENT gstevent.c:1382:GstEvent *gst_event_new_reconfigure(): creating reconfigure event
0:00:00.267924000 11378 0x7fdb2a980b70 INFO        GST_ELEMENT_PADS gstelement.c:659:gboolean gst_element_add_pad(GstElement *, GstPad *):<manager> adding pad 'recv_rtcp_sink_0'
0:00:00.267937000 11378 0x7fdb2a980990 INFO        GST_ELEMENT_PADS gstelement.c:659:gboolean gst_element_add_pad(GstElement *, GstPad *):<manager> adding pad 'recv_rtcp_sink_0'
0:00:00.267954000 11378 0x7fdb2a980b70 INFO                 rtspsrc gstrtspsrc.c:3575:gst_rtspsrc_stream_configure_manager:<rtspsrc0> configure bandwidth in session 0x7fdb2910a1e0
0:00:00.267960000 11378 0x7fdb2a980990 INFO                 rtspsrc gstrtspsrc.c:3575:gst_rtspsrc_stream_configure_manager:<rtspsrc1> configure bandwidth in session 0x7fdb2910aea0
0:00:00.268149000 11378 0x7fdb2a980b70 INFO        GST_ELEMENT_PADS gstelement.c:907:GstPad *gst_element_get_static_pad(GstElement *, const gchar *): found pad udpsrc0:src
0:00:00.268174000 11378 0x7fdb2a980990 INFO        GST_ELEMENT_PADS gstelement.c:907:GstPad *gst_element_get_static_pad(GstElement *, const gchar *): found pad udpsrc2:src
0:00:00.268184000 11378 0x7fdb2a980b70 INFO                GST_PADS gstpad.c:2290:GstPadLinkReturn gst_pad_link_prepare(GstPad *, GstPad *, GstPadLinkCheck): trying to link udpsrc0:src and manager:recv_rtp_sink_0
0:00:00.268234000 11378 0x7fdb2a980b70 INFO                GST_PADS gstpad.c:2496:GstPadLinkReturn gst_pad_link_full(GstPad *, GstPad *, GstPadLinkCheck): linked udpsrc0:src and manager:recv_rtp_sink_0, successful
0:00:00.268239000 11378 0x7fdb2a980990 INFO                GST_PADS gstpad.c:2290:GstPadLinkReturn gst_pad_link_prepare(GstPad *, GstPad *, GstPadLinkCheck): trying to link udpsrc2:src and manager:recv_rtp_sink_0
0:00:00.268276000 11378 0x7fdb2a980b70 INFO               GST_EVENT gstevent.c:1382:GstEvent *gst_event_new_reconfigure(): creating reconfigure event
0:00:00.268283000 11378 0x7fdb2a980990 INFO                GST_PADS gstpad.c:2496:GstPadLinkReturn gst_pad_link_full(GstPad *, GstPad *, GstPadLinkCheck): linked udpsrc2:src and manager:recv_rtp_sink_0, successful
0:00:00.268319000 11378 0x7fdb2a980b70 INFO               GST_EVENT gstpad.c:5599:GstFlowReturn gst_pad_send_event_unchecked(GstPad *, GstEvent *, GstPadProbeType):<udpsrc0:src> Received event on flushing pad. Discarding
0:00:00.268320000 11378 0x7fdb2a980990 INFO               GST_EVENT gstevent.c:1382:GstEvent *gst_event_new_reconfigure(): creating reconfigure event
0:00:00.268389000 11378 0x7fdb2a980990 INFO               GST_EVENT gstpad.c:5599:GstFlowReturn gst_pad_send_event_unchecked(GstPad *, GstEvent *, GstPadProbeType):<udpsrc2:src> Received event on flushing pad. Discarding
0:00:00.268389000 11378 0x7fdb2a980b70 INFO        GST_ELEMENT_PADS gstelement.c:907:GstPad *gst_element_get_static_pad(GstElement *, const gchar *): found pad udpsrc1:src
0:00:00.268457000 11378 0x7fdb2a980b70 INFO                GST_PADS gstpad.c:2290:GstPadLinkReturn gst_pad_link_prepare(GstPad *, GstPad *, GstPadLinkCheck): trying to link udpsrc1:src and manager:recv_rtcp_sink_0
0:00:00.268473000 11378 0x7fdb2a980b70 INFO                GST_PADS gstpad.c:2496:GstPadLinkReturn gst_pad_link_full(GstPad *, GstPad *, GstPadLinkCheck): linked udpsrc1:src and manager:recv_rtcp_sink_0, successful
0:00:00.268479000 11378 0x7fdb2a980990 INFO        GST_ELEMENT_PADS gstelement.c:907:GstPad *gst_element_get_static_pad(GstElement *, const gchar *): found pad udpsrc3:src
0:00:00.268485000 11378 0x7fdb2a980b70 INFO               GST_EVENT gstevent.c:1382:GstEvent *gst_event_new_reconfigure(): creating reconfigure event
0:00:00.268528000 11378 0x7fdb2a980b70 INFO               GST_EVENT gstpad.c:5599:GstFlowReturn gst_pad_send_event_unchecked(GstPad *, GstEvent *, GstPadProbeType):<udpsrc1:src> Received event on flushing pad. Discarding
0:00:00.268528000 11378 0x7fdb2a980990 INFO                GST_PADS gstpad.c:2290:GstPadLinkReturn gst_pad_link_prepare(GstPad *, GstPad *, GstPadLinkCheck): trying to link udpsrc3:src and manager:recv_rtcp_sink_0
0:00:00.268569000 11378 0x7fdb2a980990 INFO                GST_PADS gstpad.c:2496:GstPadLinkReturn gst_pad_link_full(GstPad *, GstPad *, GstPadLinkCheck): linked udpsrc3:src and manager:recv_rtcp_sink_0, successful
0:00:00.268583000 11378 0x7fdb2a980990 INFO               GST_EVENT gstevent.c:1382:GstEvent *gst_event_new_reconfigure(): creating reconfigure event
0:00:00.268593000 11378 0x7fdb2a980990 INFO               GST_EVENT gstpad.c:5599:GstFlowReturn gst_pad_send_event_unchecked(GstPad *, GstEvent *, GstPadProbeType):<udpsrc3:src> Received event on flushing pad. Discarding
0:00:00.268690000 11378 0x7fdb2a980b70 INFO     GST_ELEMENT_FACTORY gstelementfactory.c:364:GstElement *gst_element_factory_create(GstElementFactory *, const gchar *): creating element "udpsink"
0:00:00.268764000 11378 0x7fdb2a980990 INFO     GST_ELEMENT_FACTORY gstelementfactory.c:364:GstElement *gst_element_factory_create(GstElementFactory *, const gchar *): creating element "udpsink"
0:00:00.268847000 11378 0x7fdb2a980b70 INFO        GST_ELEMENT_PADS gstelement.c:659:gboolean gst_element_add_pad(GstElement *, GstPad *):<GstBaseSink@0x7fdb290d9210> adding pad 'sink'
0:00:00.268856000 11378 0x7fdb2a980990 INFO        GST_ELEMENT_PADS gstelement.c:659:gboolean gst_element_add_pad(GstElement *, GstPad *):<GstBaseSink@0x7fdb2a83ec10> adding pad 'sink'
0:00:00.271760000 11378 0x7fdb2a980990 INFO     GST_ELEMENT_FACTORY gstelementfactory.c:364:GstElement *gst_element_factory_create(GstElementFactory *, const gchar *): creating element "fakesrc"
0:00:00.271766000 11378 0x7fdb2a980b70 INFO     GST_ELEMENT_FACTORY gstelementfactory.c:364:GstElement *gst_element_factory_create(GstElementFactory *, const gchar *): creating element "fakesrc"
0:00:00.271925000 11378 0x7fdb2a980990 INFO        GST_ELEMENT_PADS gstelement.c:659:gboolean gst_element_add_pad(GstElement *, GstPad *):<GstBaseSrc@0x7fdb2a9ca1e0> adding pad 'src'
0:00:00.271934000 11378 0x7fdb2a980b70 INFO        GST_ELEMENT_PADS gstelement.c:659:gboolean gst_element_add_pad(GstElement *, GstPad *):<GstBaseSrc@0x7fdb2a9cb120> adding pad 'src'
0:00:00.272104000 11378 0x7fdb2a980990 INFO        GST_ELEMENT_PADS gstutils.c:1571:gboolean gst_element_link_pads_full(GstElement *, const gchar *, GstElement *, const gchar *, GstPadLinkCheck): trying to link element fakesrc0:src to element udpsink0:sink
0:00:00.272113000 11378 0x7fdb2a980b70 INFO        GST_ELEMENT_PADS gstutils.c:1571:gboolean gst_element_link_pads_full(GstElement *, const gchar *, GstElement *, const gchar *, GstPadLinkCheck): trying to link element fakesrc1:src to element udpsink1:sink
0:00:00.272123000 11378 0x7fdb2a980990 INFO        GST_ELEMENT_PADS gstelement.c:907:GstPad *gst_element_get_static_pad(GstElement *, const gchar *): found pad fakesrc0:src
0:00:00.272160000 11378 0x7fdb2a980b70 INFO        GST_ELEMENT_PADS gstelement.c:907:GstPad *gst_element_get_static_pad(GstElement *, const gchar *): found pad fakesrc1:src
0:00:00.272163000 11378 0x7fdb2a980990 INFO        GST_ELEMENT_PADS gstelement.c:907:GstPad *gst_element_get_static_pad(GstElement *, const gchar *): found pad udpsink0:sink
0:00:00.272196000 11378 0x7fdb2a980b70 INFO        GST_ELEMENT_PADS gstelement.c:907:GstPad *gst_element_get_static_pad(GstElement *, const gchar *): found pad udpsink1:sink
0:00:00.272199000 11378 0x7fdb2a980990 INFO                GST_PADS gstutils.c:1444:gboolean prepare_link_maybe_ghosting(GstPad **, GstPad **, GSList **): fakesrc0 and udpsink0 in same bin, no need for ghost pads
0:00:00.272231000 11378 0x7fdb2a980b70 INFO                GST_PADS gstutils.c:1444:gboolean prepare_link_maybe_ghosting(GstPad **, GstPad **, GSList **): fakesrc1 and udpsink1 in same bin, no need for ghost pads
0:00:00.272244000 11378 0x7fdb2a980990 INFO                GST_PADS gstpad.c:2290:GstPadLinkReturn gst_pad_link_prepare(GstPad *, GstPad *, GstPadLinkCheck): trying to link fakesrc0:src and udpsink0:sink
0:00:00.272253000 11378 0x7fdb2a980b70 INFO                GST_PADS gstpad.c:2290:GstPadLinkReturn gst_pad_link_prepare(GstPad *, GstPad *, GstPadLinkCheck): trying to link fakesrc1:src and udpsink1:sink
0:00:00.272259000 11378 0x7fdb2a980990 INFO                GST_PADS gstpad.c:2496:GstPadLinkReturn gst_pad_link_full(GstPad *, GstPad *, GstPadLinkCheck): linked fakesrc0:src and udpsink0:sink, successful
0:00:00.272266000 11378 0x7fdb2a980b70 INFO                GST_PADS gstpad.c:2496:GstPadLinkReturn gst_pad_link_full(GstPad *, GstPad *, GstPadLinkCheck): linked fakesrc1:src and udpsink1:sink, successful
0:00:00.272271000 11378 0x7fdb2a980990 INFO               GST_EVENT gstevent.c:1382:GstEvent *gst_event_new_reconfigure(): creating reconfigure event
0:00:00.272301000 11378 0x7fdb2a980b70 INFO               GST_EVENT gstevent.c:1382:GstEvent *gst_event_new_reconfigure(): creating reconfigure event
0:00:00.272310000 11378 0x7fdb2a980990 INFO               GST_EVENT gstpad.c:5599:GstFlowReturn gst_pad_send_event_unchecked(GstPad *, GstEvent *, GstPadProbeType):<fakesrc0:src> Received event on flushing pad. Discarding
0:00:00.272348000 11378 0x7fdb2a980b70 INFO               GST_EVENT gstpad.c:5599:GstFlowReturn gst_pad_send_event_unchecked(GstPad *, GstEvent *, GstPadProbeType):<fakesrc1:src> Received event on flushing pad. Discarding
0:00:00.272447000 11378 0x7fdb2a980990 INFO     GST_ELEMENT_FACTORY gstelementfactory.c:364:GstElement *gst_element_factory_create(GstElementFactory *, const gchar *): creating element "udpsink"
0:00:00.272480000 11378 0x7fdb2a980990 INFO        GST_ELEMENT_PADS gstelement.c:659:gboolean gst_element_add_pad(GstElement *, GstPad *):<GstBaseSink@0x7fdb2a036c10> adding pad 'sink'
0:00:00.272512000 11378 0x7fdb2a980b70 INFO     GST_ELEMENT_FACTORY gstelementfactory.c:364:GstElement *gst_element_factory_create(GstElementFactory *, const gchar *): creating element "udpsink"
0:00:00.272545000 11378 0x7fdb2a980b70 INFO        GST_ELEMENT_PADS gstelement.c:659:gboolean gst_element_add_pad(GstElement *, GstPad *):<GstBaseSink@0x7fdb2a957210> adding pad 'sink'
0:00:00.273928000 11378 0x7fdb2a980990 INFO              GST_STATES gstelement.c:2325:GstStateChangeReturn gst_element_continue_state(GstElement *, GstStateChangeReturn):<udpsink2> committing state from NULL to READY, pending PLAYING, next PAUSED
0:00:00.273936000 11378 0x7fdb2a980b70 INFO              GST_STATES gstelement.c:2325:GstStateChangeReturn gst_element_continue_state(GstElement *, GstStateChangeReturn):<udpsink3> committing state from NULL to READY, pending PLAYING, next PAUSED
0:00:00.273979000 11378 0x7fdb2a980990 INFO              GST_STATES gstelement.c:2255:void _priv_gst_element_state_changed(GstElement *, GstState, GstState, GstState):<udpsink2> notifying about state-changed NULL to READY (PLAYING pending)
0:00:00.273982000 11378 0x7fdb2a980b70 INFO              GST_STATES gstelement.c:2255:void _priv_gst_element_state_changed(GstElement *, GstState, GstState, GstState):<udpsink3> notifying about state-changed NULL to READY (PLAYING pending)
0:00:00.274023000 11378 0x7fdb2a980990 INFO              GST_STATES gstelement.c:2332:GstStateChangeReturn gst_element_continue_state(GstElement *, GstStateChangeReturn):<udpsink2> continue state change READY to PAUSED, final PLAYING
0:00:00.274026000 11378 0x7fdb2a980b70 INFO              GST_STATES gstelement.c:2332:GstStateChangeReturn gst_element_continue_state(GstElement *, GstStateChangeReturn):<udpsink3> continue state change READY to PAUSED, final PLAYING
0:00:00.274067000 11378 0x7fdb2a980990 INFO              GST_STATES gstelement.c:2325:GstStateChangeReturn gst_element_continue_state(GstElement *, GstStateChangeReturn):<udpsink2> committing state from READY to PAUSED, pending PLAYING, next PLAYING
0:00:00.274070000 11378 0x7fdb2a980b70 INFO              GST_STATES gstelement.c:2325:GstStateChangeReturn gst_element_continue_state(GstElement *, GstStateChangeReturn):<udpsink3> committing state from READY to PAUSED, pending PLAYING, next PLAYING
0:00:00.274105000 11378 0x7fdb2a980990 INFO              GST_STATES gstelement.c:2255:void _priv_gst_element_state_changed(GstElement *, GstState, GstState, GstState):<udpsink2> notifying about state-changed READY to PAUSED (PLAYING pending)
0:00:00.274109000 11378 0x7fdb2a980b70 INFO              GST_STATES gstelement.c:2255:void _priv_gst_element_state_changed(GstElement *, GstState, GstState, GstState):<udpsink3> notifying about state-changed READY to PAUSED (PLAYING pending)
0:00:00.274145000 11378 0x7fdb2a980990 INFO              GST_STATES gstelement.c:2332:GstStateChangeReturn gst_element_continue_state(GstElement *, GstStateChangeReturn):<udpsink2> continue state change PAUSED to PLAYING, final PLAYING
0:00:00.274149000 11378 0x7fdb2a980b70 INFO              GST_STATES gstelement.c:2332:GstStateChangeReturn gst_element_continue_state(GstElement *, GstStateChangeReturn):<udpsink3> continue state change PAUSED to PLAYING, final PLAYING
0:00:00.274183000 11378 0x7fdb2a980990 INFO              GST_STATES gstelement.c:2350:GstStateChangeReturn gst_element_continue_state(GstElement *, GstStateChangeReturn):<udpsink2> completed state change to PLAYING
0:00:00.274186000 11378 0x7fdb2a980b70 INFO              GST_STATES gstelement.c:2350:GstStateChangeReturn gst_element_continue_state(GstElement *, GstStateChangeReturn):<udpsink3> completed state change to PLAYING
0:00:00.274231000 11378 0x7fdb2a980990 INFO              GST_STATES gstelement.c:2255:void _priv_gst_element_state_changed(GstElement *, GstState, GstState, GstState):<udpsink2> notifying about state-changed PAUSED to PLAYING (VOID_PENDING pending)
0:00:00.274234000 11378 0x7fdb2a980b70 INFO              GST_STATES gstelement.c:2255:void _priv_gst_element_state_changed(GstElement *, GstState, GstState, GstState):<udpsink3> notifying about state-changed PAUSED to PLAYING (VOID_PENDING pending)
0:00:00.274283000 11378 0x7fdb2a980990 INFO        GST_ELEMENT_PADS gstelement.c:907:GstPad *gst_element_get_static_pad(GstElement *, const gchar *): found pad udpsink2:sink
0:00:00.274286000 11378 0x7fdb2a980b70 INFO        GST_ELEMENT_PADS gstelement.c:907:GstPad *gst_element_get_static_pad(GstElement *, const gchar *): found pad udpsink3:sink
0:00:00.274325000 11378 0x7fdb2a980990 INFO        GST_ELEMENT_PADS gstelement.c:904:GstPad *gst_element_get_static_pad(GstElement *, const gchar *): no such pad 'send_rtcp_src_0' in element "manager"
0:00:00.274328000 11378 0x7fdb2a980b70 INFO        GST_ELEMENT_PADS gstelement.c:904:GstPad *gst_element_get_static_pad(GstElement *, const gchar *): no such pad 'send_rtcp_src_0' in element "manager"
0:00:00.274367000 11378 0x7fdb2a980990 INFO        GST_ELEMENT_PADS gstelement.c:904:GstPad *gst_element_get_static_pad(GstElement *, const gchar *): no such pad 'send_rtcp_src' in element "rtpsession1"
0:00:00.274370000 11378 0x7fdb2a980b70 INFO        GST_ELEMENT_PADS gstelement.c:904:GstPad *gst_element_get_static_pad(GstElement *, const gchar *): no such pad 'send_rtcp_src' in element "rtpsession0"
0:00:00.274467000 11378 0x7fdb2a980990 INFO        GST_ELEMENT_PADS gstelement.c:659:gboolean gst_element_add_pad(GstElement *, GstPad *):<rtpsession1> adding pad 'send_rtcp_src'
0:00:00.274474000 11378 0x7fdb2a980b70 INFO        GST_ELEMENT_PADS gstelement.c:659:gboolean gst_element_add_pad(GstElement *, GstPad *):<rtpsession0> adding pad 'send_rtcp_src'
0:00:00.274575000 11378 0x7fdb2a980990 INFO                GST_PADS gstpad.c:2290:GstPadLinkReturn gst_pad_link_prepare(GstPad *, GstPad *, GstPadLinkCheck): trying to link rtpsession1:send_rtcp_src and send_rtcp_src_0:proxypad7
0:00:00.274592000 11378 0x7fdb2a980990 INFO                GST_PADS gstpad.c:2496:GstPadLinkReturn gst_pad_link_full(GstPad *, GstPad *, GstPadLinkCheck): linked rtpsession1:send_rtcp_src and send_rtcp_src_0:proxypad7, successful
0:00:00.274594000 11378 0x7fdb2a980b70 INFO                GST_PADS gstpad.c:2290:GstPadLinkReturn gst_pad_link_prepare(GstPad *, GstPad *, GstPadLinkCheck): trying to link rtpsession0:send_rtcp_src and send_rtcp_src_0:proxypad8
0:00:00.274633000 11378 0x7fdb2a980990 INFO               GST_EVENT gstevent.c:1382:GstEvent *gst_event_new_reconfigure(): creating reconfigure event
0:00:00.274641000 11378 0x7fdb2a980b70 INFO                GST_PADS gstpad.c:2496:GstPadLinkReturn gst_pad_link_full(GstPad *, GstPad *, GstPadLinkCheck): linked rtpsession0:send_rtcp_src and send_rtcp_src_0:proxypad8, successful
0:00:00.274706000 11378 0x7fdb2a980b70 INFO               GST_EVENT gstevent.c:1382:GstEvent *gst_event_new_reconfigure(): creating reconfigure event
0:00:00.274727000 11378 0x7fdb2a980990 INFO        GST_ELEMENT_PADS gstelement.c:659:gboolean gst_element_add_pad(GstElement *, GstPad *):<manager> adding pad 'send_rtcp_src_0'
0:00:00.274731000 11378 0x7fdb2a980b70 INFO        GST_ELEMENT_PADS gstelement.c:659:gboolean gst_element_add_pad(GstElement *, GstPad *):<manager> adding pad 'send_rtcp_src_0'
0:00:00.274801000 11378 0x7fdb2a980b70 INFO                GST_PADS gstpad.c:2290:GstPadLinkReturn gst_pad_link_prepare(GstPad *, GstPad *, GstPadLinkCheck): trying to link manager:send_rtcp_src_0 and udpsink3:sink
0:00:00.274798000 11378 0x7fdb2a980990 INFO                GST_PADS gstpad.c:2290:GstPadLinkReturn gst_pad_link_prepare(GstPad *, GstPad *, GstPadLinkCheck): trying to link manager:send_rtcp_src_0 and udpsink2:sink
0:00:00.274857000 11378 0x7fdb2a980b70 INFO                GST_PADS gstpad.c:2496:GstPadLinkReturn gst_pad_link_full(GstPad *, GstPad *, GstPadLinkCheck): linked manager:send_rtcp_src_0 and udpsink3:sink, successful
0:00:00.274861000 11378 0x7fdb2a980990 INFO                GST_PADS gstpad.c:2496:GstPadLinkReturn gst_pad_link_full(GstPad *, GstPad *, GstPadLinkCheck): linked manager:send_rtcp_src_0 and udpsink2:sink, successful
0:00:00.274896000 11378 0x7fdb2a980b70 INFO               GST_EVENT gstevent.c:1382:GstEvent *gst_event_new_reconfigure(): creating reconfigure event
0:00:00.274902000 11378 0x7fdb2a980990 INFO               GST_EVENT gstevent.c:1382:GstEvent *gst_event_new_reconfigure(): creating reconfigure event
0:00:00.274996000 11378 0x7fdb2a980b70 INFO              GST_STATES gstelement.c:2350:GstStateChangeReturn gst_element_continue_state(GstElement *, GstStateChangeReturn):<udpsink1> completed state change to NULL
0:00:00.274996000 11378 0x7fdb2a980990 INFO              GST_STATES gstelement.c:2350:GstStateChangeReturn gst_element_continue_state(GstElement *, GstStateChangeReturn):<udpsink0> completed state change to NULL
0:00:00.275065000 11378 0x7fdb2a980b70 INFO              GST_STATES gstelement.c:2350:GstStateChangeReturn gst_element_continue_state(GstElement *, GstStateChangeReturn):<fakesrc1> completed state change to NULL
0:00:00.275084000 11378 0x7fdb2a980990 INFO              GST_STATES gstelement.c:2350:GstStateChangeReturn gst_element_continue_state(GstElement *, GstStateChangeReturn):<fakesrc0> completed state change to NULL
0:00:00.275102000 11378 0x7fdb2a980b70 INFO              GST_STATES gstelement.c:2325:GstStateChangeReturn gst_element_continue_state(GstElement *, GstStateChangeReturn):<udpsink1> committing state from NULL to READY, pending PLAYING, next PAUSED
0:00:00.275116000 11378 0x7fdb2a980b70 INFO              GST_STATES gstelement.c:2255:void _priv_gst_element_state_changed(GstElement *, GstState, GstState, GstState):<udpsink1> notifying about state-changed NULL to READY (PLAYING pending)
0:00:00.275115000 11378 0x7fdb2a980990 INFO              GST_STATES gstelement.c:2325:GstStateChangeReturn gst_element_continue_state(GstElement *, GstStateChangeReturn):<udpsink0> committing state from NULL to READY, pending PLAYING, next PAUSED
0:00:00.275164000 11378 0x7fdb2a980990 INFO              GST_STATES gstelement.c:2255:void _priv_gst_element_state_changed(GstElement *, GstState, GstState, GstState):<udpsink0> notifying about state-changed NULL to READY (PLAYING pending)
0:00:00.275172000 11378 0x7fdb2a980b70 INFO              GST_STATES gstelement.c:2332:GstStateChangeReturn gst_element_continue_state(GstElement *, GstStateChangeReturn):<udpsink1> continue state change READY to PAUSED, final PLAYING
0:00:00.275211000 11378 0x7fdb2a980b70 INFO              GST_STATES gstelement.c:2325:GstStateChangeReturn gst_element_continue_state(GstElement *, GstStateChangeReturn):<udpsink1> committing state from READY to PAUSED, pending PLAYING, next PLAYING
0:00:00.275218000 11378 0x7fdb2a980990 INFO              GST_STATES gstelement.c:2332:GstStateChangeReturn gst_element_continue_state(GstElement *, GstStateChangeReturn):<udpsink0> continue state change READY to PAUSED, final PLAYING
0:00:00.275260000 11378 0x7fdb2a980b70 INFO              GST_STATES gstelement.c:2255:void _priv_gst_element_state_changed(GstElement *, GstState, GstState, GstState):<udpsink1> notifying about state-changed READY to PAUSED (PLAYING pending)
0:00:00.275267000 11378 0x7fdb2a980990 INFO              GST_STATES gstelement.c:2325:GstStateChangeReturn gst_element_continue_state(GstElement *, GstStateChangeReturn):<udpsink0> committing state from READY to PAUSED, pending PLAYING, next PLAYING
0:00:00.275305000 11378 0x7fdb2a980990 INFO              GST_STATES gstelement.c:2255:void _priv_gst_element_state_changed(GstElement *, GstState, GstState, GstState):<udpsink0> notifying about state-changed READY to PAUSED (PLAYING pending)
0:00:00.275315000 11378 0x7fdb2a980b70 INFO              GST_STATES gstelement.c:2332:GstStateChangeReturn gst_element_continue_state(GstElement *, GstStateChangeReturn):<udpsink1> continue state change PAUSED to PLAYING, final PLAYING
0:00:00.275328000 11378 0x7fdb2a980990 INFO              GST_STATES gstelement.c:2332:GstStateChangeReturn gst_element_continue_state(GstElement *, GstStateChangeReturn):<udpsink0> continue state change PAUSED to PLAYING, final PLAYING
0:00:00.275369000 11378 0x7fdb2a980b70 INFO              GST_STATES gstelement.c:2350:GstStateChangeReturn gst_element_continue_state(GstElement *, GstStateChangeReturn):<udpsink1> completed state change to PLAYING
0:00:00.275371000 11378 0x7fdb2a980990 INFO              GST_STATES gstelement.c:2350:GstStateChangeReturn gst_element_continue_state(GstElement *, GstStateChangeReturn):<udpsink0> completed state change to PLAYING
0:00:00.275404000 11378 0x7fdb2a980b70 INFO              GST_STATES gstelement.c:2255:void _priv_gst_element_state_changed(GstElement *, GstState, GstState, GstState):<udpsink1> notifying about state-changed PAUSED to PLAYING (VOID_PENDING pending)
0:00:00.275408000 11378 0x7fdb2a980990 INFO              GST_STATES gstelement.c:2255:void _priv_gst_element_state_changed(GstElement *, GstState, GstState, GstState):<udpsink0> notifying about state-changed PAUSED to PLAYING (VOID_PENDING pending)
0:00:00.275455000 11378 0x7fdb2a980b70 INFO              GST_STATES gstelement.c:2325:GstStateChangeReturn gst_element_continue_state(GstElement *, GstStateChangeReturn):<fakesrc1> committing state from NULL to READY, pending PLAYING, next PAUSED
0:00:00.275456000 11378 0x7fdb2a980990 INFO              GST_STATES gstelement.c:2325:GstStateChangeReturn gst_element_continue_state(GstElement *, GstStateChangeReturn):<fakesrc0> committing state from NULL to READY, pending PLAYING, next PAUSED
0:00:00.275498000 11378 0x7fdb2a980b70 INFO              GST_STATES gstelement.c:2255:void _priv_gst_element_state_changed(GstElement *, GstState, GstState, GstState):<fakesrc1> notifying about state-changed NULL to READY (PLAYING pending)
0:00:00.275503000 11378 0x7fdb2a980990 INFO              GST_STATES gstelement.c:2255:void _priv_gst_element_state_changed(GstElement *, GstState, GstState, GstState):<fakesrc0> notifying about state-changed NULL to READY (PLAYING pending)
0:00:00.275547000 11378 0x7fdb2a980b70 INFO              GST_STATES gstelement.c:2332:GstStateChangeReturn gst_element_continue_state(GstElement *, GstStateChangeReturn):<fakesrc1> continue state change READY to PAUSED, final PLAYING
0:00:00.275549000 11378 0x7fdb2a980990 INFO              GST_STATES gstelement.c:2332:GstStateChangeReturn gst_element_continue_state(GstElement *, GstStateChangeReturn):<fakesrc0> continue state change READY to PAUSED, final PLAYING
0:00:00.275618000 11378 0x7fdb2a980990 INFO                 basesrc gstbasesrc.c:1339:gboolean gst_base_src_do_seek(GstBaseSrc *, GstSegment *):<fakesrc0> seeking: bytes segment start=0, offset=0, stop=-1, rate=1.000000, applied_rate=1.000000, flags=0x00, time=0, base=0, position 0, duration -1
0:00:00.275618000 11378 0x7fdb2a980b70 INFO                 basesrc gstbasesrc.c:1339:gboolean gst_base_src_do_seek(GstBaseSrc *, GstSegment *):<fakesrc1> seeking: bytes segment start=0, offset=0, stop=-1, rate=1.000000, applied_rate=1.000000, flags=0x00, time=0, base=0, position 0, duration -1
0:00:00.275665000 11378 0x7fdb2a980990 INFO                    task gsttask.c:450:void gst_task_set_lock(GstTask *, GRecMutex *): setting stream lock 0x7fdb2910c790 on task 0x7fdb2a98fb90
0:00:00.275668000 11378 0x7fdb2a980b70 INFO                    task gsttask.c:450:void gst_task_set_lock(GstTask *, GRecMutex *): setting stream lock 0x7fdb29105df0 on task 0x7fdb290a8170
0:00:00.275708000 11378 0x7fdb2a980990 INFO                GST_PADS gstpad.c:5945:gboolean gst_pad_start_task(GstPad *, GstTaskFunction, gpointer, GDestroyNotify):<fakesrc0:src> created task 0x7fdb2a98fb90
0:00:00.275712000 11378 0x7fdb2a980b70 INFO                GST_PADS gstpad.c:5945:gboolean gst_pad_start_task(GstPad *, GstTaskFunction, gpointer, GDestroyNotify):<fakesrc1:src> created task 0x7fdb290a8170
0:00:00.275822000 11378 0x7fdb2a980990 INFO              GST_STATES gstelement.c:2325:GstStateChangeReturn gst_element_continue_state(GstElement *, GstStateChangeReturn):<fakesrc0> committing state from READY to PAUSED, pending PLAYING, next PLAYING
0:00:00.275852000 11378 0x7fdb2a980990 INFO              GST_STATES gstelement.c:2255:void _priv_gst_element_state_changed(GstElement *, GstState, GstState, GstState):<fakesrc0> notifying about state-changed READY to PAUSED (PLAYING pending)
0:00:00.275859000 11378 0x7fdb2a980b70 INFO              GST_STATES gstelement.c:2325:GstStateChangeReturn gst_element_continue_state(GstElement *, GstStateChangeReturn):<fakesrc1> committing state from READY to PAUSED, pending PLAYING, next PLAYING
0:00:00.275859000 11378 0x7fdb2c003b70 INFO        GST_ELEMENT_PADS gstelement.c:904:GstPad *gst_element_get_static_pad(GstElement *, const gchar *): no such pad 'sink' in element "fakesrc0"
0:00:00.275915000 11378 0x7fdb2a9c5b70 INFO        GST_ELEMENT_PADS gstelement.c:904:GstPad *gst_element_get_static_pad(GstElement *, const gchar *): no such pad 'sink' in element "fakesrc1"
0:00:00.275946000 11378 0x7fdb2a980b70 INFO              GST_STATES gstelement.c:2255:void _priv_gst_element_state_changed(GstElement *, GstState, GstState, GstState):<fakesrc1> notifying about state-changed READY to PAUSED (PLAYING pending)
0:00:00.275988000 11378 0x7fdb2a980990 INFO              GST_STATES gstelement.c:2332:GstStateChangeReturn gst_element_continue_state(GstElement *, GstStateChangeReturn):<fakesrc0> continue state change PAUSED to PLAYING, final PLAYING
0:00:00.275993000 11378 0x7fdb2c003b70 FIXME                default gstutils.c:3766:gchar *gst_pad_create_stream_id_internal(GstPad *, GstElement *, const gchar *):<fakesrc0:src> Creating random stream-id, consider implementing a deterministic way of creating a stream-id
0:00:00.276017000 11378 0x7fdb2a9c5b70 FIXME                default gstutils.c:3766:gchar *gst_pad_create_stream_id_internal(GstPad *, GstElement *, const gchar *):<fakesrc1:src> Creating random stream-id, consider implementing a deterministic way of creating a stream-id
0:00:00.276019000 11378 0x7fdb2a980b70 INFO              GST_STATES gstelement.c:2332:GstStateChangeReturn gst_element_continue_state(GstElement *, GstStateChangeReturn):<fakesrc1> continue state change PAUSED to PLAYING, final PLAYING
0:00:00.276112000 11378 0x7fdb2a980990 INFO              GST_STATES gstelement.c:2350:GstStateChangeReturn gst_element_continue_state(GstElement *, GstStateChangeReturn):<fakesrc0> completed state change to PLAYING
0:00:00.276133000 11378 0x7fdb2a980b70 INFO              GST_STATES gstelement.c:2350:GstStateChangeReturn gst_element_continue_state(GstElement *, GstStateChangeReturn):<fakesrc1> completed state change to PLAYING
0:00:00.276171000 11378 0x7fdb2a980990 INFO              GST_STATES gstelement.c:2255:void _priv_gst_element_state_changed(GstElement *, GstState, GstState, GstState):<fakesrc0> notifying about state-changed PAUSED to PLAYING (VOID_PENDING pending)
0:00:00.276175000 11378 0x7fdb2a980b70 INFO              GST_STATES gstelement.c:2255:void _priv_gst_element_state_changed(GstElement *, GstState, GstState, GstState):<fakesrc1> notifying about state-changed PAUSED to PLAYING (VOID_PENDING pending)
0:00:00.278203000 11378 0x7fdb2c003b70 INFO               GST_EVENT gstevent.c:760:GstEvent *gst_event_new_segment(const GstSegment *): creating segment event bytes segment start=0, offset=0, stop=-1, rate=1.000000, applied_rate=1.000000, flags=0x00, time=0, base=0, position 0, duration -1
0:00:00.278203000 11378 0x7fdb2a9c5b70 INFO               GST_EVENT gstevent.c:760:GstEvent *gst_event_new_segment(const GstSegment *): creating segment event bytes segment start=0, offset=0, stop=-1, rate=1.000000, applied_rate=1.000000, flags=0x00, time=0, base=0, position 0, duration -1
0:00:00.278281000 11378 0x7fdb2c003b70 INFO                 basesrc gstbasesrc.c:2838:void gst_base_src_loop(GstPad *):<fakesrc0> marking pending DISCONT
0:00:00.278282000 11378 0x7fdb2a9c5b70 INFO                 basesrc gstbasesrc.c:2838:void gst_base_src_loop(GstPad *):<fakesrc1> marking pending DISCONT
0:00:00.283950000 11378 0x7fdb2a9c5b70 INFO                 basesrc gstbasesrc.c:2734:void gst_base_src_loop(GstPad *):<fakesrc1> pausing after gst_base_src_get_range() = eos
0:00:00.283984000 11378 0x7fdb2a9c5b70 INFO                    task gsttask.c:315:void gst_task_func(GstTask *):<fakesrc1:src> Task going to paused
0:00:00.283987000 11378 0x7fdb2c003b70 INFO                 basesrc gstbasesrc.c:2734:void gst_base_src_loop(GstPad *):<fakesrc0> pausing after gst_base_src_get_range() = eos
0:00:00.284012000 11378 0x7fdb2c003b70 INFO                    task gsttask.c:315:void gst_task_func(GstTask *):<fakesrc0:src> Task going to paused
0:00:00.293328000 11378 0x7fdb2a980990 INFO              GST_STATES gstbin.c:2316:GstStateChangeReturn gst_bin_element_set_state(GstBin *, GstElement *, GstClockTime, GstClockTime, GstState, GstState):<rtpssrcdemux1> current PAUSED pending VOID_PENDING, desired next PLAYING
0:00:00.293356000 11378 0x7fdb2a980990 INFO              GST_STATES gstelement.c:2350:GstStateChangeReturn gst_element_continue_state(GstElement *, GstStateChangeReturn):<rtpssrcdemux1> completed state change to PLAYING
0:00:00.293368000 11378 0x7fdb2a980990 INFO              GST_STATES gstelement.c:2255:void _priv_gst_element_state_changed(GstElement *, GstState, GstState, GstState):<rtpssrcdemux1> notifying about state-changed PAUSED to PLAYING (VOID_PENDING pending)
0:00:00.293404000 11378 0x7fdb2a980990 INFO              GST_STATES gstbin.c:2764:GstStateChangeReturn gst_bin_change_state_func(GstElement *, GstStateChange):<manager> child 'rtpssrcdemux1' changed state to 4(PLAYING) successfully
0:00:00.293425000 11378 0x7fdb2a980990 INFO              GST_STATES gstbin.c:2316:GstStateChangeReturn gst_bin_element_set_state(GstBin *, GstElement *, GstClockTime, GstClockTime, GstState, GstState):<rtpsession1> current PAUSED pending VOID_PENDING, desired next PLAYING
0:00:00.293480000 11378 0x7fdb2a980990 INFO              GST_STATES gstelement.c:2350:GstStateChangeReturn gst_element_continue_state(GstElement *, GstStateChangeReturn):<rtpsession1> completed state change to PLAYING
0:00:00.293495000 11378 0x7fdb2a980990 INFO              GST_STATES gstelement.c:2255:void _priv_gst_element_state_changed(GstElement *, GstState, GstState, GstState):<rtpsession1> notifying about state-changed PAUSED to PLAYING (VOID_PENDING pending)
0:00:00.293522000 11378 0x7fdb2a980990 INFO              GST_STATES gstbin.c:2764:GstStateChangeReturn gst_bin_change_state_func(GstElement *, GstStateChange):<manager> child 'rtpsession1' changed state to 4(PLAYING) successfully
0:00:00.293544000 11378 0x7fdb2a980990 INFO              GST_STATES gstelement.c:2350:GstStateChangeReturn gst_element_continue_state(GstElement *, GstStateChangeReturn):<manager> completed state change to PLAYING
0:00:00.293555000 11378 0x7fdb2a980990 INFO              GST_STATES gstelement.c:2255:void _priv_gst_element_state_changed(GstElement *, GstState, GstState, GstState):<manager> notifying about state-changed PAUSED to PLAYING (VOID_PENDING pending)
0:00:00.293588000 11378 0x7fdb2a980990 INFO                 basesrc gstbasesrc.c:1339:gboolean gst_base_src_do_seek(GstBaseSrc *, GstSegment *):<udpsrc2> seeking: time segment start=0:00:00.000000000, offset=0:00:00.000000000, stop=99:99:99.999999999, rate=1.000000, applied_rate=1.000000, flags=0x00, time=0:00:00.000000000, base=0:00:00.000000000, position 0:00:00.000000000, duration 99:99:99.999999999
0:00:00.293624000 11378 0x7fdb2a980990 INFO                    task gsttask.c:450:void gst_task_set_lock(GstTask *, GRecMutex *): setting stream lock 0x7fdb291040b0 on task 0x7fdb2a98fcb0
0:00:00.293638000 11378 0x7fdb2a980990 INFO                GST_PADS gstpad.c:5945:gboolean gst_pad_start_task(GstPad *, GstTaskFunction, gpointer, GDestroyNotify):<udpsrc2:src> created task 0x7fdb2a98fcb0
0:00:00.293690000 11378 0x7fdb2a980990 INFO              GST_STATES gstelement.c:2325:GstStateChangeReturn gst_element_continue_state(GstElement *, GstStateChangeReturn):<udpsrc2> committing state from READY to PAUSED, pending PLAYING, next PLAYING
0:00:00.293726000 11378 0x7fdb2a980990 INFO              GST_STATES gstelement.c:2255:void _priv_gst_element_state_changed(GstElement *, GstState, GstState, GstState):<udpsrc2> notifying about state-changed READY to PAUSED (PLAYING pending)
0:00:00.293753000 11378 0x7fdb2a980990 INFO              GST_STATES gstelement.c:2332:GstStateChangeReturn gst_element_continue_state(GstElement *, GstStateChangeReturn):<udpsrc2> continue state change PAUSED to PLAYING, final PLAYING
0:00:00.293763000 11378 0x7fdb2c0030a0 INFO        GST_ELEMENT_PADS gstelement.c:904:GstPad *gst_element_get_static_pad(GstElement *, const gchar *): no such pad 'sink' in element "udpsrc2"
0:00:00.293872000 11378 0x7fdb2a980990 INFO              GST_STATES gstelement.c:2350:GstStateChangeReturn gst_element_continue_state(GstElement *, GstStateChangeReturn):<udpsrc2> completed state change to PLAYING
0:00:00.293895000 11378 0x7fdb2a980990 INFO              GST_STATES gstelement.c:2255:void _priv_gst_element_state_changed(GstElement *, GstState, GstState, GstState):<udpsrc2> notifying about state-changed PAUSED to PLAYING (VOID_PENDING pending)
0:00:00.293936000 11378 0x7fdb2a980990 INFO                 basesrc gstbasesrc.c:1339:gboolean gst_base_src_do_seek(GstBaseSrc *, GstSegment *):<udpsrc3> seeking: time segment start=0:00:00.000000000, offset=0:00:00.000000000, stop=99:99:99.999999999, rate=1.000000, applied_rate=1.000000, flags=0x00, time=0:00:00.000000000, base=0:00:00.000000000, position 0:00:00.000000000, duration 99:99:99.999999999
0:00:00.294017000 11378 0x7fdb2a980990 INFO                    task gsttask.c:450:void gst_task_set_lock(GstTask *, GRecMutex *): setting stream lock 0x7fdb291042f0 on task 0x7fdb2a98fdd0
0:00:00.294062000 11378 0x7fdb2a980990 INFO                GST_PADS gstpad.c:5945:gboolean gst_pad_start_task(GstPad *, GstTaskFunction, gpointer, GDestroyNotify):<udpsrc3:src> created task 0x7fdb2a98fdd0
